E/MTPJNIInterface(30387): In MTPJNIINterface onReceive:com.android.MTP.OBJECT_REMOVED
E/MTPJNIInterface(30387): ***** file path of  sendObjectRemoved 
E/MtpServerJNI(10876): server is null in send_object_removed
E/MTPJNIInterface(30387): In MTPJNIINterface onReceive:com.android.MTP.OBJECT_REMOVED
E/MTPJNIInterface(30387): ***** file path of  sendObjectRemoved 
E/MtpServerJNI(10876): server is null in send_object_removed
E/MTPJNIInterface(30387): In MTPJNIINterface onReceive:com.android.MTP.OBJECT_REMOVED
E/MTPJNIInterface(30387): ***** file path of  sendObjectRemoved 
E/MtpServerJNI(10876): server is null in send_object_removed
E/MTPJNIInterface(30387): In MTPJNIINterface onReceive:com.android.MTP.OBJECT_REMOVED
E/MTPJNIInterface(30387): ***** file path of  sendObjectRemoved 
E/MtpServerJNI(10876): server is null in send_object_removed
E/MTPJNIInterface(30387): In MTPJNIINterface onReceive:com.android.MTP.OBJECT_REMOVED
E/MTPJNIInterface(30387): ***** file path of  sendObjectRemoved 
E/MtpServerJNI(10876): server is null in send_object_removed
E/MTPJNIInterface(30387): In MTPJNIINterface onReceive:com.android.MTP.OBJECT_REMOVED
E/MTPJNIInterface(30387): ***** file path of  sendObjectRemoved 
D/CustomFrequencyManagerService(  830): releaseDVFSLockLocked : Getting Lock type frm List : DVFS_MIN_LIMIT  frequency : 1958400  uid : 1000  pid : 830  tag : ACTIVITY_RESUME_BOOSTER@9
E/MtpServerJNI(10876): server is null in send_object_removed
E/MTPJNIInterface(30387): In MTPJNIINterface onReceive:com.android.MTP.OBJECT_REMOVED
E/MTPJNIInterface(30387): ***** file path of  sendObjectRemoved 
E/MtpServerJNI(10876): server is null in send_object_removed
E/MTPJNIInterface(30387): In MTPJNIINterface onReceive:com.android.MTP.OBJECT_REMOVED
E/MTPJNIInterface(30387): ***** file path of  sendObjectRemoved 
E/MtpServerJNI(10876): server is null in send_object_removed
E/MTPJNIInterface(30387): In MTPJNIINterface onReceive:com.android.MTP.OBJECT_REMOVED
E/MTPJNIInterface(30387): ***** file path of  sendObjectRemoved 
E/MtpServerJNI(10876): server is null in send_object_removed
E/MTPJNIInterface(30387): In MTPJNIINterface onReceive:com.android.MTP.OBJECT_REMOVED
E/MTPJNIInterface(30387): ***** file path of  sendObjectRemoved 
E/MtpServerJNI(10876): server is null in send_object_removed
E/MTPJNIInterface(30387): In MTPJNIINterface onReceive:com.android.MTP.OBJECT_REMOVED
E/MTPJNIInterface(30387): ***** file path of  sendObjectRemoved 
E/MtpServerJNI(10876): server is null in send_object_removed
E/MTPJNIInterface(30387): In MTPJNIINterface onReceive:com.android.MTP.OBJECT_REMOVED
E/MTPJNIInterface(30387): ***** file path of  sendObjectRemoved 
E/MtpServerJNI(10876): server is null in send_object_removed
E/MTPJNIInterface(30387): In MTPJNIINterface onReceive:com.android.MTP.OBJECT_REMOVED
E/MTPJNIInterface(30387): ***** file path of  sendObjectRemoved 
E/MtpServerJNI(10876): server is null in send_object_removed
E/MTPJNIInterface(30387): In MTPJNIINterface onReceive:com.android.MTP.OBJECT_REMOVED
E/MTPJNIInterface(30387): ***** file path of  sendObjectRemoved 
E/MtpServerJNI(10876): server is null in send_object_removed
E/MTPJNIInterface(30387): In MTPJNIINterface onReceive:com.android.MTP.OBJECT_REMOVED
E/MTPJNIInterface(30387): ***** file path of  sendObjectRemoved 
E/MtpServerJNI(10876): server is null in send_object_removed
E/MTPJNIInterface(30387): In MTPJNIINterface onReceive:com.android.MTP.OBJECT_REMOVED
E/MTPJNIInterface(30387): ***** file path of  sendObjectRemoved 
E/MtpServerJNI(10876): server is null in send_object_removed
E/MTPJNIInterface(30387): In MTPJNIINterface onReceive:com.android.MTP.OBJECT_REMOVED
E/MTPJNIInterface(30387): ***** file path of  sendObjectRemoved 
E/MtpServerJNI(10876): server is null in send_object_removed
E/MTPJNIInterface(30387): In MTPJNIINterface onReceive:com.android.MTP.OBJECT_REMOVED
E/MTPJNIInterface(30387): ***** file path of  sendObjectRemoved 
E/MtpServerJNI(10876): server is null in send_object_removed
E/MTPJNIInterface(30387): In MTPJNIINterface onReceive:com.android.MTP.OBJECT_REMOVED
E/MTPJNIInterface(30387): ***** file path of  sendObjectRemoved 
E/MtpServerJNI(10876): server is null in send_object_removed
E/MTPJNIInterface(30387): In MTPJNIINterface onReceive:com.android.MTP.OBJECT_REMOVED
E/MTPJNIInterface(30387): ***** file path of  sendObjectRemoved 
E/MtpServerJNI(10876): server is null in send_object_removed
E/MTPJNIInterface(30387): In MTPJNIINterface onReceive:com.android.MTP.OBJECT_REMOVED
E/MTPJNIInterface(30387): ***** file path of  sendObjectRemoved 
E/MtpServerJNI(10876): server is null in send_object_removed
E/MTPJNIInterface(30387): In MTPJNIINterface onReceive:com.android.MTP.OBJECT_REMOVED
E/MTPJNIInterface(30387): ***** file path of  sendObjectRemoved 
E/MtpServerJNI(10876): server is null in send_object_removed
E/MTPJNIInterface(30387): In MTPJNIINterface onReceive:com.android.MTP.OBJECT_REMOVED
E/MTPJNIInterface(30387): ***** file path of  sendObjectRemoved 
E/MtpServerJNI(10876): server is null in send_object_removed
E/MTPJNIInterface(30387): In MTPJNIINterface onReceive:com.android.MTP.OBJECT_REMOVED
E/MTPJNIInterface(30387): ***** file path of  sendObjectRemoved 
E/MtpServerJNI(10876): server is null in send_object_removed
E/MTPJNIInterface(30387): In MTPJNIINterface onReceive:com.android.MTP.OBJECT_REMOVED
E/MTPJNIInterface(30387): ***** file path of  sendObjectRemoved 
E/MtpServerJNI(10876): server is null in send_object_removed
E/MTPJNIInterface(30387): In MTPJNIINterface onReceive:com.android.MTP.OBJECT_REMOVED
E/MTPJNIInterface(30387): ***** file path of  sendObjectRemoved 
E/MtpServerJNI(10876): server is null in send_object_removed
E/MTPJNIInterface(30387): In MTPJNIINterface onReceive:com.android.MTP.OBJECT_REMOVED
E/MTPJNIInterface(30387): ***** file path of  sendObjectRemoved 
E/MtpServerJNI(10876): server is null in send_object_removed
E/MTPJNIInterface(30387): In MTPJNIINterface onReceive:com.android.MTP.OBJECT_REMOVED
E/MTPJNIInterface(30387): ***** file path of  sendObjectRemoved 
E/MtpServerJNI(10876): server is null in send_object_removed
E/MTPJNIInterface(30387): In MTPJNIINterface onReceive:com.android.MTP.OBJECT_REMOVED
E/MTPJNIInterface(30387): ***** file path of  sendObjectRemoved 
E/MtpServerJNI(10876): server is null in send_object_removed
E/MTPJNIInterface(30387): In MTPJNIINterface onReceive:com.android.MTP.OBJECT_REMOVED
E/MTPJNIInterface(30387): ***** file path of  sendObjectRemoved 
E/MtpServerJNI(10876): server is null in send_object_removed
E/MTPJNIInterface(30387): In MTPJNIINterface onReceive:com.android.MTP.OBJECT_REMOVED
E/MTPJNIInterface(30387): ***** file path of  sendObjectRemoved 
E/MtpServerJNI(10876): server is null in send_object_removed
E/MTPJNIInterface(30387): In MTPJNIINterface onReceive:com.android.MTP.OBJECT_REMOVED
E/MTPJNIInterface(30387): ***** file path of  sendObjectRemoved 
E/MtpServerJNI(10876): server is null in send_object_removed
E/MTPJNIInterface(30387): In MTPJNIINterface onReceive:com.android.MTP.OBJECT_REMOVED
E/MTPJNIInterface(30387): ***** file path of  sendObjectRemoved 
E/MtpServerJNI(10876): server is null in send_object_removed
E/MTPJNIInterface(30387): In MTPJNIINterface onReceive:com.android.MTP.OBJECT_REMOVED
E/MTPJNIInterface(30387): ***** file path of  sendObjectRemoved 
W/MTPRx   (30387): notification from stack 14
E/MTPRx   (30387): Open session has come  remove the  Message false
W/MTPRx   (30387): notification from stack 3
W/MTPRx   (30387): notification from stack 14
E/MTPRx   (30387): Open session has come  remove the  Message false
E/MtpServerJNI(10876): server is null in send_object_removed
W/MTPRx   (30387): notification from stack 3
E/MTPJNIInterface(30387): In MTPJNIINterface onReceive:com.android.MTP.OBJECT_REMOVED
E/MTPJNIInterface(30387): ***** file path of  sendObjectRemoved 
I/SELinux (30600): Function: selinux_android_load_priority [0], There is no sepolicy file.
I/SELinux (30600):  
E/MtpServerJNI(10876): server is null in send_object_removed
E/MTPJNIInterface(30387): In MTPJNIINterface onReceive:com.android.MTP.OBJECT_REMOVED
E/MTPJNIInterface(30387): ***** file path of  sendObjectRemoved 
E/MtpServerJNI(10876): server is null in send_object_removed
E/MTPJNIInterface(30387): In MTPJNIINterface onReceive:com.android.MTP.OBJECT_REMOVED
E/MTPJNIInterface(30387): ***** file path of  sendObjectRemoved 
W/MTPRx   (30387): notification from stack 10
W/MTPRx   (30387): Inside Syncronising10
I/MTPRx   (30387): Inside sendBooster
W/ContextImpl(30387): Calling a method in the system process without a qualified user: android.app.ContextImpl.sendBroadcast:1491 android.content.ContextWrapper.sendBroadcast:377 android.content.ContextWrapper.sendBroadcast:377 com.samsung.android.MtpApplication.MtpReceiver.sendBooster:634 com.samsung.android.MtpApplication.MtpReceiver$2.handleMessage:470 
I/SELinux (30600): Function: selinux_android_load_priority , spota verifySig and checkHash pass. priority version is VE=SEPF_SM-G9008V_4.4.2_0034
I/SELinux (30600):  
I/SELinux (30600):  
E/dalvikvm(30600): >>>>> Normal User
E/dalvikvm(30600): >>>>> com.UCMobile:RemoteBackgroundProcess [ userId:0 | appId:10184 ]
D/TimaKeyStoreProvider(30600): in addTimaSignatureService
D/TimaKeyStoreProvider(30600): Cannot add TimaSignature Service, License check Failed
D/ActivityThread(30600): Added TimaKesytore provider
D/dalvikvm(  830): GC_EXPLICIT freed 471K, 21% free 48392K/60628K, paused 6ms+13ms, total 151ms
D/SSRMv2:TSP:AirViewOnOff(  830): DeviceInfo:: 00000000000
D/SSRMv2:TSP:AirViewOnOff(  830): SettingsAirViewInfo:: 000000000
W/MTPRx   (30387): notification from stack 3
D/CustomFrequencyManagerService(  830): acquireDVFSLockLocked : type : DVFS_MIN_LIMIT  frequency : 1497600  uid : 1000  pid : 830  pkgName : MTP_BOOSTER@16
E/MTPRx   (30387): in isSyncFinished posting message with delay of 4sec
W/MTPRx   (30387): notification from stack 10
D/RingtoneManager( 1890): getActualDefaultRingtoneUri  type    :1
E/MtpServerJNI(10876): server is null in send_object_removed
D/RingtoneManager( 1890): checkDefaultRingtoneProperUri : InternalMediaAudio uriString not null    type:1
D/RingtoneManager( 1890): getActualDefaultRingtoneUri  type    :2
E/MTPJNIInterface(30387): In MTPJNIINterface onReceive:com.android.MTP.OBJECT_REMOVED
E/MTPJNIInterface(30387): ***** file path of  sendObjectRemoved 
D/RingtoneManager( 1890): checkDefaultRingtoneProperUri : InternalMediaAudio uriString not null    type:2
D/RingtoneManager( 1890): getActualDefaultRingtoneUri  type    :4
W/MTPRx   (30387): notification from stack 3
E/MTPRx   (30387): in isSyncFinished posting message with delay of 4sec
D/RingtoneManager( 1890): checkDefaultRingtoneProperUri : InternalMediaAudio uriString not null    type:4
W/MTPRx   (30387): notification from stack 10
E/MtpServerJNI(10876): server is null in send_object_removed
E/MTPJNIInterface(30387): In MTPJNIINterface onReceive:com.android.MTP.OBJECT_REMOVED
E/MTPJNIInterface(30387): ***** file path of  sendObjectRemoved 
E/MtpServerJNI(10876): server is null in send_object_removed
E/MTPJNIInterface(30387): In MTPJNIINterface onReceive:com.android.MTP.OBJECT_REMOVED
E/MTPJNIInterface(30387): ***** file path of  sendObjectRemoved 
W/MTPRx   (30387): notification from stack 3
E/MTPRx   (30387): in isSyncFinished posting message with delay of 4sec
E/MtpServerJNI(10876): server is null in send_object_removed
E/MTPJNIInterface(30387): In MTPJNIINterface onReceive:com.android.MTP.OBJECT_REMOVED
E/MTPJNIInterface(30387): ***** file path of  sendObjectRemoved 
E/MtpServerJNI(10876): server is null in send_object_removed
E/MTPJNIInterface(30387): In MTPJNIINterface onReceive:com.android.MTP.OBJECT_REMOVED
E/MTPJNIInterface(30387): ***** file path of  sendObjectRemoved 
E/MtpServerJNI(10876): server is null in send_object_removed
E/MTPJNIInterface(30387): In MTPJNIINterface onReceive:com.android.MTP.OBJECT_REMOVED
E/MTPJNIInterface(30387): ***** file path of  sendObjectRemoved 
E/MtpServerJNI(10876): server is null in send_object_removed
E/MTPJNIInterface(30387): In MTPJNIINterface onReceive:com.android.MTP.OBJECT_REMOVED
E/MTPJNIInterface(30387): ***** file path of  sendObjectRemoved 
E/MtpServerJNI(10876): server is null in send_object_removed
E/MTPJNIInterface(30387): In MTPJNIINterface onReceive:com.android.MTP.OBJECT_REMOVED
E/MTPJNIInterface(30387): ***** file path of  sendObjectRemoved 
W/MTPRx   (30387): notification from stack 10
E/MtpServerJNI(10876): server is null in send_object_removed
E/MTPJNIInterface(30387): In MTPJNIINterface onReceive:com.android.MTP.OBJECT_REMOVED
E/MTPJNIInterface(30387): ***** file path of  sendObjectRemoved 
E/MtpServerJNI(10876): server is null in send_object_removed
E/MTPJNIInterface(30387): In MTPJNIINterface onReceive:com.android.MTP.OBJECT_REMOVED
E/MTPJNIInterface(30387): ***** file path of  sendObjectRemoved 
D/dalvikvm(30600): Trying to load lib /data/data/com.UCMobile/lib/libBrowserShell_UC.so 0x42575a98
W/linker  (30600): libBrowserShell_UC.so has text relocations. This is wasting memory and is a security risk. Please fix.
W/MTPRx   (30387): notification from stack 3
E/MTPRx   (30387): in isSyncFinished posting message with delay of 4sec
E/MtpServerJNI(10876): server is null in send_object_removed
E/MTPJNIInterface(30387): In MTPJNIINterface onReceive:com.android.MTP.OBJECT_REMOVED
E/MTPJNIInterface(30387): ***** file path of  sendObjectRemoved 
W/MTPRx   (30387): notification from stack 10
E/MtpServerJNI(10876): server is null in send_object_removed
W/MTPRx   (30387): notification from stack 3
E/MTPRx   (30387): in isSyncFinished posting message with delay of 4sec
E/MTPJNIInterface(30387): In MTPJNIINterface onReceive:com.android.MTP.OBJECT_REMOVED
E/MTPJNIInterface(30387): ***** file path of  sendObjectRemoved 
W/MTPRx   (30387): notification from stack 10
E/MtpServerJNI(10876): server is null in send_object_removed
W/MTPRx   (30387): notification from stack 3
E/MTPRx   (30387): in isSyncFinished posting message with delay of 4sec
E/MTPJNIInterface(30387): In MTPJNIINterface onReceive:com.android.MTP.OBJECT_REMOVED
E/MTPJNIInterface(30387): ***** file path of  sendObjectRemoved 
W/MTPRx   (30387): notification from stack 10
E/MtpServerJNI(10876): server is null in send_object_removed
E/MTPJNIInterface(30387): In MTPJNIINterface onReceive:com.android.MTP.OBJECT_REMOVED
E/MTPJNIInterface(30387): ***** file path of  sendObjectRemoved 
D/dalvikvm(30600): Added shared lib /data/data/com.UCMobile/lib/libBrowserShell_UC.so 0x42575a98
W/MTPRx   (30387): notification from stack 3
E/MTPRx   (30387): in isSyncFinished posting message with delay of 4sec
W/MTPRx   (30387): notification from stack 10
E/MtpServerJNI(10876): server is null in send_object_removed
E/MTPJNIInterface(30387): In MTPJNIINterface onReceive:com.android.MTP.OBJECT_REMOVED
E/MTPJNIInterface(30387): ***** file path of  sendObjectRemoved 
E/MtpServerJNI(10876): server is null in send_object_removed
E/MTPJNIInterface(30387): In MTPJNIINterface onReceive:com.android.MTP.OBJECT_REMOVED
E/MTPJNIInterface(30387): ***** file path of  sendObjectRemoved 
W/MTPRx   (30387): notification from stack 3
E/MTPRx   (30387): in isSyncFinished posting message with delay of 4sec
E/MtpServerJNI(10876): server is null in send_object_removed
E/MTPJNIInterface(30387): In MTPJNIINterface onReceive:com.android.MTP.OBJECT_REMOVED
E/MTPJNIInterface(30387): ***** file path of  sendObjectRemoved 
W/MTPRx   (30387): notification from stack 10
E/MtpServerJNI(10876): server is null in send_object_removed
E/MTPJNIInterface(30387): In MTPJNIINterface onReceive:com.android.MTP.OBJECT_REMOVED
E/MTPJNIInterface(30387): ***** file path of  sendObjectRemoved 
E/MtpServerJNI(10876): server is null in send_object_removed
E/MTPJNIInterface(30387): In MTPJNIINterface onReceive:com.android.MTP.OBJECT_REMOVED
E/MTPJNIInterface(30387): ***** file path of  sendObjectRemoved 
E/MtpServerJNI(10876): server is null in send_object_removed
E/MTPJNIInterface(30387): In MTPJNIINterface onReceive:com.android.MTP.OBJECT_REMOVED
E/MTPJNIInterface(30387): ***** file path of  sendObjectRemoved 
E/MtpServerJNI(10876): server is null in send_object_removed
E/MTPJNIInterface(30387): In MTPJNIINterface onReceive:com.android.MTP.OBJECT_REMOVED
E/MTPJNIInterface(30387): ***** file path of  sendObjectRemoved 
D/EnterpriseDeviceManager(  830): ContainerId: 0
E/SMD     (  259): DCD OFF
W/MTPRx   (30387): notification from stack 3
E/MTPRx   (30387): in isSyncFinished posting message with delay of 4sec
E/MtpServerJNI(10876): server is null in send_object_removed
E/MTPJNIInterface(30387): In MTPJNIINterface onReceive:com.android.MTP.OBJECT_REMOVED
E/MTPJNIInterface(30387): ***** file path of  sendObjectRemoved 
D/EnterpriseDeviceManager(  830): ContainerId: 0
W/MTPRx   (30387): notification from stack 10
D/EnterpriseDeviceManager(  830): ContainerId: 0
E/MtpServerJNI(10876): server is null in send_object_removed
E/MTPJNIInterface(30387): In MTPJNIINterface onReceive:com.android.MTP.OBJECT_REMOVED
E/MTPJNIInterface(30387): ***** file path of  sendObjectRemoved 
E/MtpServerJNI(10876): server is null in send_object_removed
E/MTPJNIInterface(30387): In MTPJNIINterface onReceive:com.android.MTP.OBJECT_REMOVED
E/MTPJNIInterface(30387): ***** file path of  sendObjectRemoved 
E/MtpServerJNI(10876): server is null in send_object_removed
E/MTPJNIInterface(30387): In MTPJNIINterface onReceive:com.android.MTP.OBJECT_REMOVED
E/MTPJNIInterface(30387): ***** file path of  sendObjectRemoved 
E/MtpServerJNI(10876): server is null in send_object_removed
E/MTPJNIInterface(30387): In MTPJNIINterface onReceive:com.android.MTP.OBJECT_REMOVED
E/MTPJNIInterface(30387): ***** file path of  sendObjectRemoved 
W/MTPRx   (30387): notification from stack 3
E/MTPRx   (30387): in isSyncFinished posting message with delay of 4sec
E/MtpServerJNI(10876): server is null in send_object_removed
E/MTPJNIInterface(30387): In MTPJNIINterface onReceive:com.android.MTP.OBJECT_REMOVED
E/MTPJNIInterface(30387): ***** file path of  sendObjectRemoved 
E/MtpServerJNI(10876): server is null in send_object_removed
E/MTPJNIInterface(30387): In MTPJNIINterface onReceive:com.android.MTP.OBJECT_REMOVED
E/MTPJNIInterface(30387): ***** file path of  sendObjectRemoved 
E/MtpServerJNI(10876): server is null in send_object_removed
E/MTPJNIInterface(30387): In MTPJNIINterface onReceive:com.android.MTP.OBJECT_REMOVED
E/MTPJNIInterface(30387): ***** file path of  sendObjectRemoved 
E/MtpServerJNI(10876): server is null in send_object_removed
E/MTPJNIInterface(30387): In MTPJNIINterface onReceive:com.android.MTP.OBJECT_REMOVED
E/MTPJNIInterface(30387): ***** file path of  sendObjectRemoved 
E/MtpServerJNI(10876): server is null in send_object_removed
E/MTPJNIInterface(30387): In MTPJNIINterface onReceive:com.android.MTP.OBJECT_REMOVED
E/MTPJNIInterface(30387): ***** file path of  sendObjectRemoved 
E/MtpServerJNI(10876): server is null in send_object_removed
W/MTPRx   (30387): notification from stack 10
E/MTPJNIInterface(30387): In MTPJNIINterface onReceive:com.android.MTP.OBJECT_REMOVED
E/MTPJNIInterface(30387): ***** file path of  sendObjectRemoved 
W/MTPRx   (30387): notification from stack 3
E/MTPRx   (30387): in isSyncFinished posting message with delay of 4sec
W/MTPRx   (30387): notification from stack 10
E/MtpServerJNI(10876): server is null in send_object_removed
E/MTPJNIInterface(30387): In MTPJNIINterface onReceive:com.android.MTP.OBJECT_REMOVED
E/MTPJNIInterface(30387): ***** file path of  sendObjectRemoved 
E/MtpServerJNI(10876): server is null in send_object_removed
E/MTPJNIInterface(30387): In MTPJNIINterface onReceive:com.android.MTP.OBJECT_REMOVED
E/MTPJNIInterface(30387): ***** file path of  sendObjectRemoved 
E/MtpServerJNI(10876): server is null in send_object_removed
E/MTPJNIInterface(30387): In MTPJNIINterface onReceive:com.android.MTP.OBJECT_REMOVED
E/MTPJNIInterface(30387): ***** file path of  sendObjectRemoved 
W/MTPRx   (30387): notification from stack 3
E/MTPRx   (30387): in isSyncFinished posting message with delay of 4sec
W/MTPRx   (30387): notification from stack 10
E/MtpServerJNI(10876): server is null in send_object_removed
E/MTPJNIInterface(30387): In MTPJNIINterface onReceive:com.android.MTP.OBJECT_REMOVED
E/MTPJNIInterface(30387): ***** file path of  sendObjectRemoved 
E/MtpServerJNI(10876): server is null in send_object_removed
E/MTPJNIInterface(30387): In MTPJNIINterface onReceive:com.android.MTP.OBJECT_REMOVED
E/MTPJNIInterface(30387): ***** file path of  sendObjectRemoved 
E/MtpServerJNI(10876): server is null in send_object_removed
E/MTPJNIInterface(30387): In MTPJNIINterface onReceive:com.android.MTP.OBJECT_REMOVED
E/MTPJNIInterface(30387): ***** file path of  sendObjectRemoved 
E/MtpServerJNI(10876): server is null in send_object_removed
E/MTPJNIInterface(30387): In MTPJNIINterface onReceive:com.android.MTP.OBJECT_REMOVED
E/MTPJNIInterface(30387): ***** file path of  sendObjectRemoved 
E/MtpServerJNI(10876): server is null in send_object_removed
E/MTPJNIInterface(30387): In MTPJNIINterface onReceive:com.android.MTP.OBJECT_REMOVED
E/MTPJNIInterface(30387): ***** file path of  sendObjectRemoved 
E/MtpServerJNI(10876): server is null in send_object_removed
E/MTPJNIInterface(30387): In MTPJNIINterface onReceive:com.android.MTP.OBJECT_REMOVED
E/MTPJNIInterface(30387): ***** file path of  sendObjectRemoved 
E/MtpServerJNI(10876): server is null in send_object_removed
E/MTPJNIInterface(30387): In MTPJNIINterface onReceive:com.android.MTP.OBJECT_REMOVED
E/MTPJNIInterface(30387): ***** file path of  sendObjectRemoved 
E/MtpServerJNI(10876): server is null in send_object_removed
E/MTPJNIInterface(30387): In MTPJNIINterface onReceive:com.android.MTP.OBJECT_REMOVED
E/MTPJNIInterface(30387): ***** file path of  sendObjectRemoved 
E/MtpServerJNI(10876): server is null in send_object_removed
E/MTPJNIInterface(30387): In MTPJNIINterface onReceive:com.android.MTP.OBJECT_REMOVED
E/MTPJNIInterface(30387): ***** file path of  sendObjectRemoved 
E/MtpServerJNI(10876): server is null in send_object_removed
E/MTPJNIInterface(30387): In MTPJNIINterface onReceive:com.android.MTP.OBJECT_REMOVED
E/MTPJNIInterface(30387): ***** file path of  sendObjectRemoved 
E/MtpServerJNI(10876): server is null in send_object_removed
E/MTPJNIInterface(30387): In MTPJNIINterface onReceive:com.android.MTP.OBJECT_REMOVED
E/MTPJNIInterface(30387): ***** file path of  sendObjectRemoved 
E/MtpServerJNI(10876): server is null in send_object_removed
E/MTPJNIInterface(30387): In MTPJNIINterface onReceive:com.android.MTP.OBJECT_REMOVED
E/MTPJNIInterface(30387): ***** file path of  sendObjectRemoved 
E/MtpServerJNI(10876): server is null in send_object_removed
E/MTPJNIInterface(30387): In MTPJNIINterface onReceive:com.android.MTP.OBJECT_REMOVED
E/MTPJNIInterface(30387): ***** file path of  sendObjectRemoved 
E/MtpServerJNI(10876): server is null in send_object_removed
E/MTPJNIInterface(30387): In MTPJNIINterface onReceive:com.android.MTP.OBJECT_REMOVED
E/MTPJNIInterface(30387): ***** file path of  sendObjectRemoved 
E/MTPJNIInterface(30387): In MTPJNIINterface onReceive:com.android.MTP.OBJECT_REMOVED
E/MTPJNIInterface(30387): ***** file path of  sendObjectRemoved 
E/MtpServerJNI(10876): server is null in send_object_removed
E/MtpServerJNI(10876): server is null in send_object_removed
E/MTPJNIInterface(30387): In MTPJNIINterface onReceive:com.android.MTP.OBJECT_REMOVED
E/MTPJNIInterface(30387): ***** file path of  sendObjectRemoved 
E/MtpServerJNI(10876): server is null in send_object_removed
E/MTPJNIInterface(30387): In MTPJNIINterface onReceive:com.android.MTP.OBJECT_REMOVED
E/MTPJNIInterface(30387): ***** file path of  sendObjectRemoved 
E/MtpServerJNI(10876): server is null in send_object_removed
E/MTPJNIInterface(30387): In MTPJNIINterface onReceive:com.android.MTP.OBJECT_REMOVED
E/MTPJNIInterface(30387): ***** file path of  sendObjectRemoved 
E/MtpServerJNI(10876): server is null in send_object_removed
E/MTPJNIInterface(30387): In MTPJNIINterface onReceive:com.android.MTP.OBJECT_REMOVED
E/MTPJNIInterface(30387): ***** file path of  sendObjectRemoved 
E/MtpServerJNI(10876): server is null in send_object_removed
E/MTPJNIInterface(30387): In MTPJNIINterface onReceive:com.android.MTP.OBJECT_REMOVED
E/MTPJNIInterface(30387): ***** file path of  sendObjectRemoved 
E/MtpServerJNI(10876): server is null in send_object_removed
E/MTPJNIInterface(30387): In MTPJNIINterface onReceive:com.android.MTP.OBJECT_REMOVED
E/MTPJNIInterface(30387): ***** file path of  sendObjectRemoved 
E/MtpServerJNI(10876): server is null in send_object_removed
E/MTPJNIInterface(30387): In MTPJNIINterface onReceive:com.android.MTP.OBJECT_REMOVED
E/MTPJNIInterface(30387): ***** file path of  sendObjectRemoved 
E/MtpServerJNI(10876): server is null in send_object_removed
E/MTPJNIInterface(30387): In MTPJNIINterface onReceive:com.android.MTP.OBJECT_REMOVED
E/MTPJNIInterface(30387): ***** file path of  sendObjectRemoved 
D/dalvikvm(10876): GC_EXPLICIT freed 680K, 42% free 12536K/21548K, paused 3ms+5ms, total 27ms
D/dalvikvm(  830): GC_EXPLICIT freed 410K, 21% free 48356K/60628K, paused 5ms+9ms, total 128ms
E/MtpServerJNI(10876): server is null in send_object_removed
E/MTPJNIInterface(30387): In MTPJNIINterface onReceive:com.android.MTP.OBJECT_REMOVED
E/MTPJNIInterface(30387): ***** file path of  sendObjectRemoved 
E/MtpServerJNI(10876): server is null in send_object_removed
E/MTPJNIInterface(30387): In MTPJNIINterface onReceive:com.android.MTP.OBJECT_REMOVED
E/MTPJNIInterface(30387): ***** file path of  sendObjectRemoved 
E/MtpServerJNI(10876): server is null in send_object_removed
E/MTPJNIInterface(30387): In MTPJNIINterface onReceive:com.android.MTP.OBJECT_REMOVED
E/MTPJNIInterface(30387): ***** file path of  sendObjectRemoved 
E/MtpServerJNI(10876): server is null in send_object_removed
E/MTPJNIInterface(30387): In MTPJNIINterface onReceive:com.android.MTP.OBJECT_REMOVED
E/MTPJNIInterface(30387): ***** file path of  sendObjectRemoved 
E/MtpServerJNI(10876): server is null in send_object_removed
E/MTPJNIInterface(30387): In MTPJNIINterface onReceive:com.android.MTP.OBJECT_REMOVED
E/MTPJNIInterface(30387): ***** file path of  sendObjectRemoved 
E/MTPJNIInterface(30387): In MTPJNIINterface onReceive:com.android.MTP.OBJECT_REMOVED
E/MtpServerJNI(10876): server is null in send_object_removed
E/MTPJNIInterface(30387): ***** file path of  sendObjectRemoved 
D/RingtoneManager( 1890): getActualDefaultRingtoneUri  type    :1
D/RingtoneManager( 1890): checkDefaultRingtoneProperUri : InternalMediaAudio uriString not null    type:1
D/RingtoneManager( 1890): getActualDefaultRingtoneUri  type    :2
D/RingtoneManager( 1890): checkDefaultRingtoneProperUri : InternalMediaAudio uriString not null    type:2
D/MediaScanner(10876): BulkDeleter flush number : 101
D/MediaScanner(10876): BulkDeleter ID-info : [10035, 10036, 10037, 10148, 10222, 10223, 10225, 10261, 10262, 10263, 10299, 10323, 10411, 10414, 10447, 10484, 10559, 10560, 10565, 10567, 10603, 10662, 10679, 10684, 10689, 10765, 10833, 10835, 10858, 10880, 10881, 10882, 10883, 10884, 10885, 10886, 10887, 10888, 10889, 10890, 10891, 10892, 10893, 10894, 10895, 10896, 10897, 10898, 10899, 10900, 10901, 10902, 10903, 10904, 10906, 10907, 10909, 10910, 10911, 10912, 10913, 10914, 10915, 10916, 10918, 10919, 10920, 10986, 11017, 11065, 11117, 11131, 11188, 11189, 11190, 11191, 11196, 11198, 11203, 11204, 11208, 11235, 11261, 11262, 11300, 11305, 11309, 11311, 11312, 11313, 11314, 11316, 11317, 11320, 11321, 11322, 11324, 11326, 11334, 11346, 11354]
D/RingtoneManager( 1890): getActualDefaultRingtoneUri  type    :4
D/RingtoneManager( 1890): checkDefaultRingtoneProperUri : InternalMediaAudio uriString not null    type:4
W/MTPRx   (30387): notification from stack 3
E/MTPRx   (30387): in isSyncFinished posting message with delay of 4sec
D/MediaProvider(10876): [DCM] deleteImagesDCM Sending _id in intent to delete number of files: 101
W/MTPRx   (30387): notification from stack 10
W/MTPRx   (30387): notification from stack 3
E/MTPRx   (30387): in isSyncFinished posting message with delay of 4sec
W/MTPRx   (30387): notification from stack 10
W/MTPRx   (30387): notification from stack 3
E/MTPRx   (30387): in isSyncFinished posting message with delay of 4sec
W/MTPRx   (30387): notification from stack 10
W/MTPRx   (30387): notification from stack 3
E/MTPRx   (30387): in isSyncFinished posting message with delay of 4sec
W/MTPRx   (30387): notification from stack 10
W/MTPRx   (30387): notification from stack 3
E/MTPRx   (30387): in isSyncFinished posting message with delay of 4sec
W/MTPRx   (30387): notification from stack 10
W/MTPRx   (30387): notification from stack 3
E/MTPRx   (30387): in isSyncFinished posting message with delay of 4sec
W/MTPRx   (30387): notification from stack 10
W/MTPRx   (30387): notification from stack 3
E/MTPRx   (30387): in isSyncFinished posting message with delay of 4sec
W/MTPRx   (30387): notification from stack 10
W/MTPRx   (30387): notification from stack 3
E/MTPRx   (30387): in isSyncFinished posting message with delay of 4sec
W/MTPRx   (30387): notification from stack 10
W/MTPRx   (30387): notification from stack 3
E/MTPRx   (30387): in isSyncFinished posting message with delay of 4sec
W/MTPRx   (30387): notification from stack 10
D/cell strength( 1244): ===== cell singal strength changed : 24
D/STATUSBAR-NetworkController( 1059): onSignalStrengthsChanged signalStrength=SignalStrength: 24 255 17410 -160 -120 -1 -1 25 -90 -8 194 -1 2147483647 gsm|lte 0x0 level=4
E/StatusBar.NetworkController( 1059): updateTelephonySignalStrength: iconLevel = 4
E/StatusBar.NetworkController( 1059): updateTelephonySignalStrength: new psIconLevel = 4
D/StatusBar.NetworkController( 1059): refreshViews: DATA_SUSPENDED : 0
D/cell strength( 1244): ===== cell singal strength changed : 24
W/MTPRx   (30387): notification from stack 3
E/MTPRx   (30387): in isSyncFinished posting message with delay of 4sec
W/MTPRx   (30387): notification from stack 10
W/MTPRx   (30387): notification from stack 3
E/MTPRx   (30387): in isSyncFinished posting message with delay of 4sec
D/STATUSBAR-NetworkController( 1059): onSignalStrengthsChanged signalStrength=SignalStrength: 24 255 17410 -160 -120 -1 -1 25 -90 -8 194 -1 2147483647 gsm|lte 0x0 level=4
E/StatusBar.NetworkController( 1059): updateTelephonySignalStrength: iconLevel = 4
E/StatusBar.NetworkController( 1059): updateTelephonySignalStrength: new psIconLevel = 4
D/StatusBar.NetworkController( 1059): refreshViews: DATA_SUSPENDED : 0
W/MTPRx   (30387): notification from stack 10
I/FrameworkService(20474): [#DCM#] onStartCommand(intent=Intent { act=com.samsung.dcm.action.DELETE cmp=com.samsung.dcm/.framework.FrameworkService (has extras) }
I/SystemUtils(20474): [#DCM#] LM:false,AM:316080128
I/IntentHandler(20474): [#DCM#] processIntent(), action : com.samsung.dcm.action.DELETE, startId : 8
I/IntentHandler(20474): [#DCM#] delete uris[6]
I/MediaManager(20474): [#DCM#] delete()
I/MediaManager(20474): [#DCM#] addToWatcherList
E/MtpServerJNI(10876): server is null in send_object_removed
E/MTPJNIInterface(30387): In MTPJNIINterface onReceive:com.android.MTP.OBJECT_REMOVED
E/MTPJNIInterface(30387): ***** file path of  sendObjectRemoved 
E/MtpServerJNI(10876): server is null in send_object_removed
E/MTPJNIInterface(30387): In MTPJNIINterface onReceive:com.android.MTP.OBJECT_REMOVED
E/MTPJNIInterface(30387): ***** file path of  sendObjectRemoved 
E/MtpServerJNI(10876): server is null in send_object_removed
E/MTPJNIInterface(30387): In MTPJNIINterface onReceive:com.android.MTP.OBJECT_REMOVED
E/MTPJNIInterface(30387): ***** file path of  sendObjectRemoved 
W/MTPRx   (30387): notification from stack 3
E/MTPRx   (30387): in isSyncFinished posting message with delay of 4sec
E/MtpServerJNI(10876): server is null in send_object_removed
E/MTPJNIInterface(30387): In MTPJNIINterface onReceive:com.android.MTP.OBJECT_REMOVED
E/MTPJNIInterface(30387): ***** file path of  sendObjectRemoved 
W/MTPRx   (30387): notification from stack 10
I/OperationWatcher(20474): [#DCM#] Notification will be sent for DELETE
E/MtpServerJNI(10876): server is null in send_object_removed
E/MTPJNIInterface(30387): In MTPJNIINterface onReceive:com.android.MTP.OBJECT_REMOVED
E/MTPJNIInterface(30387): ***** file path of  sendObjectRemoved 
I/MediaManager(20474): [#DCM#] OperationDispatcherTask is submitted
I/OperationDispatcherTask(20474): [#DCM#] Operation dispatcher loop begin
E/MtpServerJNI(10876): server is null in send_object_removed
E/MTPJNIInterface(30387): In MTPJNIINterface onReceive:com.android.MTP.OBJECT_REMOVED
E/MTPJNIInterface(30387): ***** file path of  sendObjectRemoved 
W/MTPRx   (30387): notification from stack 3
E/MTPRx   (30387): in isSyncFinished posting message with delay of 4sec
E/MtpServerJNI(10876): server is null in send_object_removed
E/MTPJNIInterface(30387): In MTPJNIINterface onReceive:com.android.MTP.OBJECT_REMOVED
E/MTPJNIInterface(30387): ***** file path of  sendObjectRemoved 
W/MTPRx   (30387): notification from stack 10
E/MtpServerJNI(10876): server is null in send_object_removed
E/MTPJNIInterface(30387): In MTPJNIINterface onReceive:com.android.MTP.OBJECT_REMOVED
E/MTPJNIInterface(30387): ***** file path of  sendObjectRemoved 
E/MtpServerJNI(10876): server is null in send_object_removed
E/MTPJNIInterface(30387): In MTPJNIINterface onReceive:com.android.MTP.OBJECT_REMOVED
E/MTPJNIInterface(30387): ***** file path of  sendObjectRemoved 
W/MTPRx   (30387): notification from stack 3
E/MTPRx   (30387): in isSyncFinished posting message with delay of 4sec
E/MtpServerJNI(10876): server is null in send_object_removed
W/MTPRx   (30387): notification from stack 10
E/MTPJNIInterface(30387): In MTPJNIINterface onReceive:com.android.MTP.OBJECT_REMOVED
E/MTPJNIInterface(30387): ***** file path of  sendObjectRemoved 
E/MtpServerJNI(10876): server is null in send_object_removed
E/MTPJNIInterface(30387): In MTPJNIINterface onReceive:com.android.MTP.OBJECT_REMOVED
E/MTPJNIInterface(30387): ***** file path of  sendObjectRemoved 
E/MtpServerJNI(10876): server is null in send_object_removed
E/MTPJNIInterface(30387): In MTPJNIINterface onReceive:com.android.MTP.OBJECT_REMOVED
E/MTPJNIInterface(30387): ***** file path of  sendObjectRemoved 
W/MTPRx   (30387): notification from stack 3
E/MTPRx   (30387): in isSyncFinished posting message with delay of 4sec
E/MtpServerJNI(10876): server is null in send_object_removed
E/MTPJNIInterface(30387): In MTPJNIINterface onReceive:com.android.MTP.OBJECT_REMOVED
E/MTPJNIInterface(30387): ***** file path of  sendObjectRemoved 
W/MTPRx   (30387): notification from stack 10
E/MtpServerJNI(10876): server is null in send_object_removed
E/MTPJNIInterface(30387): In MTPJNIINterface onReceive:com.android.MTP.OBJECT_REMOVED
E/MTPJNIInterface(30387): ***** file path of  sendObjectRemoved 
E/MtpServerJNI(10876): server is null in send_object_removed
E/MTPJNIInterface(30387): In MTPJNIINterface onReceive:com.android.MTP.OBJECT_REMOVED
E/MTPJNIInterface(30387): ***** file path of  sendObjectRemoved 
E/MtpServerJNI(10876): server is null in send_object_removed
E/MTPJNIInterface(30387): In MTPJNIINterface onReceive:com.android.MTP.OBJECT_REMOVED
E/MTPJNIInterface(30387): ***** file path of  sendObjectRemoved 
E/MtpServerJNI(10876): server is null in send_object_removed
E/MTPJNIInterface(30387): In MTPJNIINterface onReceive:com.android.MTP.OBJECT_REMOVED
E/MTPJNIInterface(30387): ***** file path of  sendObjectRemoved 
E/MtpServerJNI(10876): server is null in send_object_removed
E/MTPJNIInterface(30387): In MTPJNIINterface onReceive:com.android.MTP.OBJECT_REMOVED
E/MTPJNIInterface(30387): ***** file path of  sendObjectRemoved 
E/MtpServerJNI(10876): server is null in send_object_removed
E/MtpServerJNI(10876): server is null in send_object_removed
D/dalvikvm(30387): GC_CONCURRENT freed 1863K, 44% free 12203K/21548K, paused 1ms+3ms, total 25ms
D/dalvikvm(30387): WAIT_FOR_CONCURRENT_GC blocked 16ms
E/MTPJNIInterface(30387): In MTPJNIINterface onReceive:com.android.MTP.OBJECT_REMOVED
E/MTPJNIInterface(30387): ***** file path of  sendObjectRemoved 
E/MTPJNIInterface(30387): In MTPJNIINterface onReceive:com.android.MTP.OBJECT_REMOVED
E/MTPJNIInterface(30387): ***** file path of  sendObjectRemoved 
E/MTPJNIInterface(30387): In MTPJNIINterface onReceive:com.android.MTP.OBJECT_REMOVED
E/MtpServerJNI(10876): server is null in send_object_removed
E/MTPJNIInterface(30387): ***** file path of  sendObjectRemoved 
E/MtpServerJNI(10876): server is null in send_object_removed
E/MTPJNIInterface(30387): In MTPJNIINterface onReceive:com.android.MTP.OBJECT_REMOVED
E/MTPJNIInterface(30387): ***** file path of  sendObjectRemoved 
E/MtpServerJNI(10876): server is null in send_object_removed
E/MTPJNIInterface(30387): In MTPJNIINterface onReceive:com.android.MTP.OBJECT_REMOVED
E/MTPJNIInterface(30387): ***** file path of  sendObjectRemoved 
E/MtpServerJNI(10876): server is null in send_object_removed
E/MTPJNIInterface(30387): In MTPJNIINterface onReceive:com.android.MTP.OBJECT_REMOVED
E/MTPJNIInterface(30387): ***** file path of  sendObjectRemoved 
E/MtpServerJNI(10876): server is null in send_object_removed
D/dalvikvm(30387): GC_EXPLICIT freed 315K, 45% free 11896K/21548K, paused 2ms+2ms, total 28ms
E/MTPJNIInterface(30387): In MTPJNIINterface onReceive:com.android.MTP.OBJECT_REMOVED
E/MTPJNIInterface(30387): ***** file path of  sendObjectRemoved 
E/MtpServerJNI(10876): server is null in send_object_removed
E/MTPJNIInterface(30387): In MTPJNIINterface onReceive:com.android.MTP.OBJECT_REMOVED
E/MTPJNIInterface(30387): ***** file path of  sendObjectRemoved 
W/MTPRx   (30387): notification from stack 3
E/MTPRx   (30387): in isSyncFinished posting message with delay of 4sec
W/MTPRx   (30387): notification from stack 10
E/MtpServerJNI(10876): server is null in send_object_removed
E/MTPJNIInterface(30387): In MTPJNIINterface onReceive:com.android.MTP.OBJECT_REMOVED
E/MTPJNIInterface(30387): ***** file path of  sendObjectRemoved 
I/OperationExecutorTask(20474): [#DCM#]  Indexer thread is going out commit everything 
I/MediaIndexer(20474): [#DCM#] SRIB DB COMMIT
E/MtpServerJNI(10876): server is null in send_object_removed
E/MTPJNIInterface(30387): In MTPJNIINterface onReceive:com.android.MTP.OBJECT_REMOVED
E/MTPJNIInterface(30387): ***** file path of  sendObjectRemoved 
E/MtpServerJNI(10876): server is null in send_object_removed
E/MTPJNIInterface(30387): In MTPJNIINterface onReceive:com.android.MTP.OBJECT_REMOVED
E/MTPJNIInterface(30387): ***** file path of  sendObjectRemoved 
W/MTPRx   (30387): notification from stack 3
E/MTPRx   (30387): in isSyncFinished posting message with delay of 4sec
W/MTPRx   (30387): notification from stack 10
E/MtpServerJNI(10876): server is null in send_object_removed
E/MTPJNIInterface(30387): In MTPJNIINterface onReceive:com.android.MTP.OBJECT_REMOVED
E/MTPJNIInterface(30387): ***** file path of  sendObjectRemoved 
W/MTPRx   (30387): notification from stack 3
E/MTPRx   (30387): in isSyncFinished posting message with delay of 4sec
W/MTPRx   (30387): notification from stack 10
E/MtpServerJNI(10876): server is null in send_object_removed
E/MTPJNIInterface(30387): In MTPJNIINterface onReceive:com.android.MTP.OBJECT_REMOVED
E/MTPJNIInterface(30387): ***** file path of  sendObjectRemoved 
E/MtpServerJNI(10876): server is null in send_object_removed
E/MTPJNIInterface(30387): In MTPJNIINterface onReceive:com.android.MTP.OBJECT_REMOVED
E/MTPJNIInterface(30387): ***** file path of  sendObjectRemoved 
E/MtpServerJNI(10876): server is null in send_object_removed
E/MTPJNIInterface(30387): In MTPJNIINterface onReceive:com.android.MTP.OBJECT_REMOVED
E/MTPJNIInterface(30387): ***** file path of  sendObjectRemoved 
W/MTPRx   (30387): notification from stack 3
E/MTPRx   (30387): in isSyncFinished posting message with delay of 4sec
E/MtpServerJNI(10876): server is null in send_object_removed
W/MTPRx   (30387): notification from stack 10
E/MTPJNIInterface(30387): In MTPJNIINterface onReceive:com.android.MTP.OBJECT_REMOVED
E/MTPJNIInterface(30387): ***** file path of  sendObjectRemoved 
W/MTPRx   (30387): notification from stack 3
E/MTPRx   (30387): in isSyncFinished posting message with delay of 4sec
E/MtpServerJNI(10876): server is null in send_object_removed
E/MTPJNIInterface(30387): In MTPJNIINterface onReceive:com.android.MTP.OBJECT_REMOVED
E/MTPJNIInterface(30387): ***** file path of  sendObjectRemoved 
W/MTPRx   (30387): notification from stack 10
W/MTPRx   (30387): notification from stack 3
E/MTPRx   (30387): in isSyncFinished posting message with delay of 4sec
E/MtpServerJNI(10876): server is null in send_object_removed
E/MTPJNIInterface(30387): In MTPJNIINterface onReceive:com.android.MTP.OBJECT_REMOVED
E/MTPJNIInterface(30387): ***** file path of  sendObjectRemoved 
W/MTPRx   (30387): notification from stack 10
E/MtpServerJNI(10876): server is null in send_object_removed
E/MTPJNIInterface(30387): In MTPJNIINterface onReceive:com.android.MTP.OBJECT_REMOVED
E/MTPJNIInterface(30387): ***** file path of  sendObjectRemoved 
E/MtpServerJNI(10876): server is null in send_object_removed
E/MTPJNIInterface(30387): In MTPJNIINterface onReceive:com.android.MTP.OBJECT_REMOVED
E/MTPJNIInterface(30387): ***** file path of  sendObjectRemoved 
W/MTPRx   (30387): notification from stack 3
E/MTPRx   (30387): in isSyncFinished posting message with delay of 4sec
W/MTPRx   (30387): notification from stack 10
W/MTPRx   (30387): notification from stack 3
E/MTPRx   (30387): in isSyncFinished posting message with delay of 4sec
E/MtpServerJNI(10876): server is null in send_object_removed
E/MTPJNIInterface(30387): In MTPJNIINterface onReceive:com.android.MTP.OBJECT_REMOVED
E/MTPJNIInterface(30387): ***** file path of  sendObjectRemoved 
W/MTPRx   (30387): notification from stack 10
E/MtpServerJNI(10876): server is null in send_object_removed
E/MTPJNIInterface(30387): In MTPJNIINterface onReceive:com.android.MTP.OBJECT_REMOVED
E/MTPJNIInterface(30387): ***** file path of  sendObjectRemoved 
E/MtpServerJNI(10876): server is null in send_object_removed
E/MTPJNIInterface(30387): In MTPJNIINterface onReceive:com.android.MTP.OBJECT_REMOVED
E/MTPJNIInterface(30387): ***** file path of  sendObjectRemoved 
E/MtpServerJNI(10876): server is null in send_object_removed
E/MTPJNIInterface(30387): In MTPJNIINterface onReceive:com.android.MTP.OBJECT_REMOVED
E/MTPJNIInterface(30387): ***** file path of  sendObjectRemoved 
W/MTPRx   (30387): notification from stack 3
E/MTPRx   (30387): in isSyncFinished posting message with delay of 4sec
E/MtpServerJNI(10876): server is null in send_object_removed
E/MTPJNIInterface(30387): In MTPJNIINterface onReceive:com.android.MTP.OBJECT_REMOVED
E/MTPJNIInterface(30387): ***** file path of  sendObjectRemoved 
E/MtpServerJNI(10876): server is null in send_object_removed
E/MTPJNIInterface(30387): In MTPJNIINterface onReceive:com.android.MTP.OBJECT_REMOVED
E/MTPJNIInterface(30387): ***** file path of  sendObjectRemoved 
W/MTPRx   (30387): notification from stack 10
E/MtpServerJNI(10876): server is null in send_object_removed
W/MTPRx   (30387): notification from stack 3
E/MTPRx   (30387): in isSyncFinished posting message with delay of 4sec
E/MTPJNIInterface(30387): In MTPJNIINterface onReceive:com.android.MTP.OBJECT_REMOVED
E/MTPJNIInterface(30387): ***** file path of  sendObjectRemoved 
W/MTPRx   (30387): notification from stack 10
E/MtpServerJNI(10876): server is null in send_object_removed
E/MTPJNIInterface(30387): In MTPJNIINterface onReceive:com.android.MTP.OBJECT_REMOVED
E/MTPJNIInterface(30387): ***** file path of  sendObjectRemoved 
E/MtpServerJNI(10876): server is null in send_object_removed
E/MTPJNIInterface(30387): In MTPJNIINterface onReceive:com.android.MTP.OBJECT_REMOVED
E/MTPJNIInterface(30387): ***** file path of  sendObjectRemoved 
E/MtpServerJNI(10876): server is null in send_object_removed
E/MTPJNIInterface(30387): In MTPJNIINterface onReceive:com.android.MTP.OBJECT_REMOVED
E/MTPJNIInterface(30387): ***** file path of  sendObjectRemoved 
E/MtpServerJNI(10876): server is null in send_object_removed
E/MTPJNIInterface(30387): In MTPJNIINterface onReceive:com.android.MTP.OBJECT_REMOVED
E/MTPJNIInterface(30387): ***** file path of  sendObjectRemoved 
E/MtpServerJNI(10876): server is null in send_object_removed
E/MTPJNIInterface(30387): In MTPJNIINterface onReceive:com.android.MTP.OBJECT_REMOVED
E/MTPJNIInterface(30387): ***** file path of  sendObjectRemoved 
W/MTPRx   (30387): notification from stack 3
E/MTPRx   (30387): in isSyncFinished posting message with delay of 4sec
E/MtpServerJNI(10876): server is null in send_object_removed
E/MTPJNIInterface(30387): In MTPJNIINterface onReceive:com.android.MTP.OBJECT_REMOVED
E/MTPJNIInterface(30387): ***** file path of  sendObjectRemoved 
W/MTPRx   (30387): notification from stack 10
D/dalvikvm(  830): GC_EXPLICIT freed 347K, 21% free 48356K/60628K, paused 5ms+9ms, total 124ms
E/MtpServerJNI(10876): server is null in send_object_removed
E/MTPJNIInterface(30387): In MTPJNIINterface onReceive:com.android.MTP.OBJECT_REMOVED
E/MTPJNIInterface(30387): ***** file path of  sendObjectRemoved 
W/MTPRx   (30387): notification from stack 3
E/MTPRx   (30387): in isSyncFinished posting message with delay of 4sec
E/MtpServerJNI(10876): server is null in send_object_removed
W/MTPRx   (30387): notification from stack 10
E/MTPJNIInterface(30387): In MTPJNIINterface onReceive:com.android.MTP.OBJECT_REMOVED
E/MTPJNIInterface(30387): ***** file path of  sendObjectRemoved 
W/MTPRx   (30387): notification from stack 3
E/MTPRx   (30387): in isSyncFinished posting message with delay of 4sec
W/MTPRx   (30387): notification from stack 10
E/MtpServerJNI(10876): server is null in send_object_removed
E/MTPJNIInterface(30387): In MTPJNIINterface onReceive:com.android.MTP.OBJECT_REMOVED
E/MTPJNIInterface(30387): ***** file path of  sendObjectRemoved 
W/MTPRx   (30387): notification from stack 3
E/MTPRx   (30387): in isSyncFinished posting message with delay of 4sec
W/MTPRx   (30387): notification from stack 10
E/MtpServerJNI(10876): server is null in send_object_removed
E/MTPJNIInterface(30387): In MTPJNIINterface onReceive:com.android.MTP.OBJECT_REMOVED
E/MTPJNIInterface(30387): ***** file path of  sendObjectRemoved 
E/MtpServerJNI(10876): server is null in send_object_removed
E/MTPJNIInterface(30387): In MTPJNIINterface onReceive:com.android.MTP.OBJECT_REMOVED
E/MTPJNIInterface(30387): ***** file path of  sendObjectRemoved 
E/MtpServerJNI(10876): server is null in send_object_removed
E/MTPJNIInterface(30387): In MTPJNIINterface onReceive:com.android.MTP.OBJECT_REMOVED
E/MTPJNIInterface(30387): ***** file path of  sendObjectRemoved 
W/MTPRx   (30387): notification from stack 3
E/MTPRx   (30387): in isSyncFinished posting message with delay of 4sec
E/MtpServerJNI(10876): server is null in send_object_removed
E/MTPJNIInterface(30387): In MTPJNIINterface onReceive:com.android.MTP.OBJECT_REMOVED
E/MTPJNIInterface(30387): ***** file path of  sendObjectRemoved 
W/MTPRx   (30387): notification from stack 10
E/MtpServerJNI(10876): server is null in send_object_removed
E/MTPJNIInterface(30387): In MTPJNIINterface onReceive:com.android.MTP.OBJECT_REMOVED
E/MTPJNIInterface(30387): ***** file path of  sendObjectRemoved 
E/MtpServerJNI(10876): server is null in send_object_removed
E/MTPJNIInterface(30387): In MTPJNIINterface onReceive:com.android.MTP.OBJECT_REMOVED
E/MTPJNIInterface(30387): ***** file path of  sendObjectRemoved 
E/MtpServerJNI(10876): server is null in send_object_removed
W/MTPRx   (30387): notification from stack 3
E/MTPRx   (30387): in isSyncFinished posting message with delay of 4sec
W/MTPRx   (30387): notification from stack 10
E/MTPJNIInterface(30387): In MTPJNIINterface onReceive:com.android.MTP.OBJECT_REMOVED
E/MTPJNIInterface(30387): ***** file path of  sendObjectRemoved 
W/MTPRx   (30387): notification from stack 3
E/MTPRx   (30387): in isSyncFinished posting message with delay of 4sec
W/MTPRx   (30387): notification from stack 10
E/MtpServerJNI(10876): server is null in send_object_removed
E/MTPJNIInterface(30387): In MTPJNIINterface onReceive:com.android.MTP.OBJECT_REMOVED
E/MTPJNIInterface(30387): ***** file path of  sendObjectRemoved 
E/MtpServerJNI(10876): server is null in send_object_removed
E/MTPJNIInterface(30387): In MTPJNIINterface onReceive:com.android.MTP.OBJECT_REMOVED
E/MTPJNIInterface(30387): ***** file path of  sendObjectRemoved 
E/MtpServerJNI(10876): server is null in send_object_removed
E/MTPJNIInterface(30387): In MTPJNIINterface onReceive:com.android.MTP.OBJECT_REMOVED
E/MTPJNIInterface(30387): ***** file path of  sendObjectRemoved 
E/MtpServerJNI(10876): server is null in send_object_removed
E/MTPJNIInterface(30387): In MTPJNIINterface onReceive:com.android.MTP.OBJECT_REMOVED
E/MTPJNIInterface(30387): ***** file path of  sendObjectRemoved 
E/MtpServerJNI(10876): server is null in send_object_removed
E/MTPJNIInterface(30387): In MTPJNIINterface onReceive:com.android.MTP.OBJECT_REMOVED
E/MTPJNIInterface(30387): ***** file path of  sendObjectRemoved 
E/MtpServerJNI(10876): server is null in send_object_removed
E/MTPJNIInterface(30387): In MTPJNIINterface onReceive:com.android.MTP.OBJECT_REMOVED
E/MTPJNIInterface(30387): ***** file path of  sendObjectRemoved 
D/dalvikvm(10876): GC_EXPLICIT freed 766K, 42% free 12566K/21548K, paused 2ms+6ms, total 29ms
E/MtpServerJNI(10876): server is null in send_object_removed
E/MTPJNIInterface(30387): In MTPJNIINterface onReceive:com.android.MTP.OBJECT_REMOVED
E/MTPJNIInterface(30387): ***** file path of  sendObjectRemoved 
E/MtpServerJNI(10876): server is null in send_object_removed
E/MTPJNIInterface(30387): In MTPJNIINterface onReceive:com.android.MTP.OBJECT_REMOVED
E/MTPJNIInterface(30387): ***** file path of  sendObjectRemoved 
