D/STATUSBAR-NetworkController( 1059): refreshSignalCluster - setNWBoosterIndicators(false)
D/StatusBar.NetworkController( 1059): refreshSignalCluster: DATA_SUSPENDED : 
D/STATUSBAR-SignalClusterView( 1059): getDataSignalTypeIcon mMobileTypeId = 2130837944
D/STATUSBAR-SignalClusterView( 1059): setDataSignalIcon iconId = 2130838047
D/STATUSBAR-SignalClusterView( 1059): setDataSignalIcon mMobileRoamingId = stat_sys_rssi_data_2g
E/StatusBar.NetworkController( 1059): refreshSignalCluster: set mShowPhoneRSSIForData = true
D/STATUSBAR-IconMerger( 1059): checkOverflow(504), More:false, Req:false Child:2
E/UsbDebuggingManager(  830): Communication error: 
E/UsbDebuggingManager(  830): java.io.IOException: No such file or directory
E/UsbDebuggingManager(  830): 	at android.net.LocalSocketImpl.connectLocal(Native Method)
E/UsbDebuggingManager(  830): 	at android.net.LocalSocketImpl.connect(LocalSocketImpl.java:287)
E/UsbDebuggingManager(  830): 	at android.net.LocalSocket.connect(LocalSocket.java:130)
E/UsbDebuggingManager(  830): 	at com.android.server.usb.UsbDebuggingManager.listenToSocket(UsbDebuggingManager.java:81)
E/UsbDebuggingManager(  830): 	at com.android.server.usb.UsbDebuggingManager.run(UsbDebuggingManager.java:117)
E/UsbDebuggingManager(  830): 	at java.lang.Thread.run(Thread.java:841)
D/StatusBar.NetworkController( 1059): refreshViews: DATA_SUSPENDED : 0
D/STATUSBAR-NetworkController( 1059): refreshSignalCluster - setNWBoosterIndicators(false)
D/StatusBar.NetworkController( 1059): refreshSignalCluster: DATA_SUSPENDED : 
D/STATUSBAR-SignalClusterView( 1059): getDataSignalTypeIcon mMobileTypeId = 2130837944
D/STATUSBAR-SignalClusterView( 1059): setDataSignalIcon iconId = 2130838047
D/STATUSBAR-SignalClusterView( 1059): setDataSignalIcon mMobileRoamingId = stat_sys_rssi_data_2g
E/StatusBar.NetworkController( 1059): refreshSignalCluster: set mShowPhoneRSSIForData = true
D/STATUSBAR-IconMerger( 1059): checkOverflow(504), More:false, Req:false Child:2
D/STATUSBAR-NetworkController( 1059): onSignalStrengthsChanged signalStrength=SignalStrength: 23 255 17410 -160 -120 -1 -1 25 -89 -8 210 -1 2147483647 gsm|lte 0x0 level=4
E/StatusBar.NetworkController( 1059): updateTelephonySignalStrength: iconLevel = 4
E/StatusBar.NetworkController( 1059): updateTelephonySignalStrength: new psIconLevel = 4
D/StatusBar.NetworkController( 1059): refreshViews: DATA_SUSPENDED : 0
E/UsbDebuggingManager(  830): Communication error: 
E/UsbDebuggingManager(  830): java.io.IOException: No such file or directory
E/UsbDebuggingManager(  830): 	at android.net.LocalSocketImpl.connectLocal(Native Method)
E/UsbDebuggingManager(  830): 	at android.net.LocalSocketImpl.connect(LocalSocketImpl.java:287)
E/UsbDebuggingManager(  830): 	at android.net.LocalSocket.connect(LocalSocket.java:130)
E/UsbDebuggingManager(  830): 	at com.android.server.usb.UsbDebuggingManager.listenToSocket(UsbDebuggingManager.java:81)
E/UsbDebuggingManager(  830): 	at com.android.server.usb.UsbDebuggingManager.run(UsbDebuggingManager.java:117)
E/UsbDebuggingManager(  830): 	at java.lang.Thread.run(Thread.java:841)
I/ActivityManager(  830): Process com.UCMobile:RemoteBackgroundProcess (pid 30298) (adj 9) has died.
E/UsbDebuggingManager(  830): Communication error: 
E/UsbDebuggingManager(  830): java.io.IOException: No such file or directory
E/UsbDebuggingManager(  830): 	at android.net.LocalSocketImpl.connectLocal(Native Method)
E/UsbDebuggingManager(  830): 	at android.net.LocalSocketImpl.connect(LocalSocketImpl.java:287)
E/UsbDebuggingManager(  830): 	at android.net.LocalSocket.connect(LocalSocket.java:130)
E/UsbDebuggingManager(  830): 	at com.android.server.usb.UsbDebuggingManager.listenToSocket(UsbDebuggingManager.java:81)
E/UsbDebuggingManager(  830): 	at com.android.server.usb.UsbDebuggingManager.run(UsbDebuggingManager.java:117)
E/UsbDebuggingManager(  830): 	at java.lang.Thread.run(Thread.java:841)
D/StatusBar.NetworkController( 1059): refreshViews: DATA_SUSPENDED : 0
D/STATUSBAR-NetworkController( 1059): refreshSignalCluster - setNWBoosterIndicators(false)
D/StatusBar.NetworkController( 1059): refreshSignalCluster: DATA_SUSPENDED : 
D/STATUSBAR-SignalClusterView( 1059): getDataSignalTypeIcon mMobileTypeId = 2130837944
D/STATUSBAR-SignalClusterView( 1059): setDataSignalIcon iconId = 2130838047
D/STATUSBAR-SignalClusterView( 1059): setDataSignalIcon mMobileRoamingId = stat_sys_rssi_data_2g
E/StatusBar.NetworkController( 1059): refreshSignalCluster: set mShowPhoneRSSIForData = true
D/STATUSBAR-IconMerger( 1059): checkOverflow(504), More:false, Req:false Child:2
D/STATUSBAR-NetworkController( 1059): onSignalStrengthsChanged signalStrength=SignalStrength: 24 255 17410 -160 -120 -1 -1 25 -89 -8 192 -1 2147483647 gsm|lte 0x0 level=4
E/StatusBar.NetworkController( 1059): updateTelephonySignalStrength: iconLevel = 4
E/StatusBar.NetworkController( 1059): updateTelephonySignalStrength: new psIconLevel = 4
D/StatusBar.NetworkController( 1059): refreshViews: DATA_SUSPENDED : 0
E/UsbDebuggingManager(  830): Communication error: 
E/UsbDebuggingManager(  830): java.io.IOException: No such file or directory
E/UsbDebuggingManager(  830): 	at android.net.LocalSocketImpl.connectLocal(Native Method)
E/UsbDebuggingManager(  830): 	at android.net.LocalSocketImpl.connect(LocalSocketImpl.java:287)
E/UsbDebuggingManager(  830): 	at android.net.LocalSocket.connect(LocalSocket.java:130)
E/UsbDebuggingManager(  830): 	at com.android.server.usb.UsbDebuggingManager.listenToSocket(UsbDebuggingManager.java:81)
E/UsbDebuggingManager(  830): 	at com.android.server.usb.UsbDebuggingManager.run(UsbDebuggingManager.java:117)
E/UsbDebuggingManager(  830): 	at java.lang.Thread.run(Thread.java:841)
D/StatusBar.NetworkController( 1059): refreshViews: DATA_SUSPENDED : 0
D/STATUSBAR-NetworkController( 1059): refreshSignalCluster - setNWBoosterIndicators(false)
D/StatusBar.NetworkController( 1059): refreshSignalCluster: DATA_SUSPENDED : 
D/STATUSBAR-SignalClusterView( 1059): getDataSignalTypeIcon mMobileTypeId = 2130837944
D/STATUSBAR-SignalClusterView( 1059): setDataSignalIcon iconId = 2130838047
D/STATUSBAR-SignalClusterView( 1059): setDataSignalIcon mMobileRoamingId = stat_sys_rssi_data_2g
E/StatusBar.NetworkController( 1059): refreshSignalCluster: set mShowPhoneRSSIForData = true
D/STATUSBAR-IconMerger( 1059): checkOverflow(504), More:false, Req:false Child:2
D/UsbDeviceManager(  830): isUsb30Available: read '/sys/class/android_usb/android0/ss_host_available', state = 0
D/UsbManager(12668):  :::: isUsb30Available :: return = false from pid = 12668
D/UsbManager(12668):  :::: setCurrentFunction :: function = mtp, makeDefault = true from pid = 12668
D/UsbDeviceManager(  830): setCurrentFunctions(mtp) default: true
D/UsbDeviceManager(  830): Askon disconnected when setting function
D/UsbDeviceManager(  830): handleMessage -> MSG_SET_CURRENT_FUNCTION
D/UsbDeviceManager(  830): setUsbConfig(none)
D/UsbDeviceManager(  830): isUsb30Enabled: always return false in charging only mode
D/UsbManager(12668):  :::: isUsb30Enabled :: return = false from pid = 12668
I/ActivityManager(  830): Process com.UCMobile:RemoteBackgroundProcess (pid 30312) (adj 9) has died.
V/UsbDeviceManager(  830): USB UEVENT: {USB_STATE=CONNECTED, SUBSYSTEM=android_usb, DEVPATH=/devices/virtual/android_usb/android0, SEQNUM=14362, ACTION=change}
V/UsbDeviceManager(  830): USB UEVENT: {USB_STATE=DISCONNECTED, SUBSYSTEM=android_usb, DEVPATH=/devices/virtual/android_usb/android0, SEQNUM=14363, ACTION=change}
D/UsbDeviceManager(  830): handleMessage -> MSG_UPDATE_STATE connected = 1,configured = 0
D/UsbDeviceManager(  830): updateUsbNotification : mConnected = true, mConfigured = false, mCurrentFunctions = mtp,adb
D/UsbDeviceManager(  830): isUsb30Enabled: read '/sys/class/android_usb/android0/bcdUSB', state = 0210
W/ContextImpl(  830): Calling a method in the system process without a qualified user: android.app.ContextImpl.sendBroadcast:1505 com.android.server.StatusBarManagerService.sendNotification:985 com.android.server.StatusBarManagerService.removeNotification:710 com.android.server.NotificationManagerService.cancelNotificationLocked:2469 com.android.server.NotificationManagerService.access$5100:162 
D/UsbDeviceManager(  830): updateUsbNotification : cancel id = 17041243, title = 
D/UsbDeviceManager(  830): isUsb30Enabled: read '/sys/class/android_usb/android0/bcdUSB', state = 0210
D/STATUSBAR-StatusBarManagerService(  830): sendNotification(3) - 17041243
D/NotificationService(  830):  Sending broadcast for cancel notification = StatusBarNotification(pkg=android user=UserHandle{-1} id=17041243 tag=null score=10: Notification(pri=1 icon=108088e contentView=android/0x109007f vibrate=null sound=null defaults=0x0 flags=0x2 when=0 ledARGB=0x0 contentIntent=Y deleteIntent=N contentTitle=7 contentText=14 originalPackageName=N tickerText=7 kind=[null]))
W/ContextImpl(  830): Calling a method in the system process without a qualified user: android.app.ContextImpl.sendBroadcast:1491 com.android.server.NotificationManagerService.cancelNotificationLocked:2547 com.android.server.NotificationManagerService.access$5100:162 com.android.server.NotificationManagerService$8.run:2600 android.os.Handler.handleCallback:733 
D/LightsService(  830): [api] [SvcLED] turnOff:: id = 4 (uid: 1000 pid: 830) 
D/LightsService(  830): [SvcLED] setSvcLedStateLocked:: SvcLEDState : 0x0 -> 0x0 | SvcLED(id=4) set Off
D/LightsService(  830): [SvcLED] Lux failed to be updated in 700ms. -> handleForcedSvcLEDTasK
D/LightsService(  830): [SvcLED]  setSvcLedLightLocked :: Current SvcLED(id=3) maintains its priority right
D/UserManagerService(  830): User -1does not exists!!
D/STATUSBAR-IconMerger( 1059): checkOverflow(504), More:false, Req:false Child:1
D/UsbDeviceManager(  830): updateUsbNotification : notify id = 17041210, title = 
D/UsbDeviceManager(  830): sending intent : ACTION_USB_STATE : connected = true, configured = false, functions = mtp,adb
W/ContextImpl(  830): Calling a method in the system process without a qualified user: android.app.ContextImpl.sendBroadcast:1505 com.android.server.StatusBarManagerService.sendNotification:985 com.android.server.StatusBarManagerService.addNotification:674 com.android.server.NotificationManagerService$7.run:2157 android.os.Handler.handleCallback:733 
D/UsbDeviceManager(  830): isUsb30Available: read '/sys/class/android_usb/android0/ss_host_available', state = 0
D/UsbManager(12668):  :::: isUsb30Available :: return = false from pid = 12668
D/UsbDeviceManager(  830): isUsb30Enabled: read '/sys/class/android_usb/android0/bcdUSB', state = 0210
D/UsbManager(12668):  :::: isUsb30Enabled :: return = false from pid = 12668
D/STATUSBAR-StatusBarManagerService(  830): sendNotification(1) - 17041210
W/ContextImpl(  830): Calling a method in the system process without a qualified user: android.app.ContextImpl.sendBroadcast:1505 com.android.server.NotificationManagerService$7.run:2187 android.os.Handler.handleCallback:733 android.os.Handler.dispatchMessage:95 android.os.Looper.loop:136 
D/UserManagerService(  830): User -1does not exists!!
E/PersonaManagerService(  830): returning null in  getPersonasForUser
D/PhoneStatusBar( 1059): tick(): knoxCustomManager = android.app.enterprise.knoxcustom.KnoxCustomManager@425cdcf8
V/UsbDeviceManager(  830): USB UEVENT: {USB_STATE=CONNECTED, SUBSYSTEM=android_usb, DEVPATH=/devices/virtual/android_usb/android0, SEQNUM=14365, ACTION=change}
D/UsbDeviceManager(  830): handleMessage -> MSG_UPDATE_STATE connected = 1,configured = 0
D/UsbDeviceManager(  830): updateUsbNotification : mConnected = true, mConfigured = false, mCurrentFunctions = mtp,adb
D/UsbDeviceManager(  830): isUsb30Enabled: read '/sys/class/android_usb/android0/bcdUSB', state = 0210
D/UsbDeviceManager(  830): sending intent : ACTION_USB_STATE : connected = true, configured = false, functions = mtp,adb
D/UsbDeviceManager(  830): isUsb30Available: read '/sys/class/android_usb/android0/ss_host_available', state = 0
D/UsbManager(12668):  :::: isUsb30Available :: return = false from pid = 12668
D/UsbDeviceManager(  830): isUsb30Enabled: read '/sys/class/android_usb/android0/bcdUSB', state = 0210
D/UsbManager(12668):  :::: isUsb30Enabled :: return = false from pid = 12668
V/UsbDeviceManager(  830): USB UEVENT: {USB_STATE=CONFIGURED, SUBSYSTEM=android_usb, DEVPATH=/devices/virtual/android_usb/android0, SEQNUM=14366, ACTION=change}
D/UsbDeviceManager(  830): handleMessage -> MSG_UPDATE_STATE connected = 1,configured = 1
D/UsbDeviceManager(  830): updateUsbNotification : mConnected = true, mConfigured = true, mCurrentFunctions = mtp,adb
D/UsbDeviceManager(  830): isUsb30Enabled: read '/sys/class/android_usb/android0/bcdUSB', state = 0210
D/UsbDeviceManager(  830): sending intent : ACTION_USB_STATE : connected = true, configured = true, functions = mtp,adb
D/UsbDeviceManager(  830): isUsb30Enabled: read '/sys/class/android_usb/android0/bcdUSB', state = 0210
D/UsbManager(  830):  :::: isUsb30Enabled :: return = false from pid = 830
D/UsbDeviceManager(  830): isUsb30Available: read '/sys/class/android_usb/android0/ss_host_available', state = 0
D/UsbManager(12668):  :::: isUsb30Available :: return = false from pid = 12668
D/UsbDeviceManager(  830): isUsb30Enabled: read '/sys/class/android_usb/android0/bcdUSB', state = 0210
D/UsbManager(12668):  :::: isUsb30Enabled :: return = false from pid = 12668
D/StatusBar.NetworkController( 1059): refreshViews: DATA_SUSPENDED : 0
D/STATUSBAR-NetworkController( 1059): refreshSignalCluster - setNWBoosterIndicators(false)
D/StatusBar.NetworkController( 1059): refreshSignalCluster: DATA_SUSPENDED : 
D/STATUSBAR-SignalClusterView( 1059): getDataSignalTypeIcon mMobileTypeId = 2130837944
D/STATUSBAR-SignalClusterView( 1059): setDataSignalIcon iconId = 2130838047
D/STATUSBAR-SignalClusterView( 1059): setDataSignalIcon mMobileRoamingId = stat_sys_rssi_data_2g
E/StatusBar.NetworkController( 1059): refreshSignalCluster: set mShowPhoneRSSIForData = true
V/UsbDeviceManager(  830): USB UEVENT: {USB_STATE=DISCONNECTED, SUBSYSTEM=android_usb, DEVPATH=/devices/virtual/android_usb/android0, SEQNUM=14370, ACTION=change}
V/UsbDeviceManager(  830): USB UEVENT: {USB_STATE=CONNECTED, SUBSYSTEM=android_usb, DEVPATH=/devices/virtual/android_usb/android0, SEQNUM=14371, ACTION=change}
D/UsbDeviceManager(  830): handleMessage -> MSG_UPDATE_STATE connected = 1,configured = 0
D/UsbDeviceManager(  830): updateUsbNotification : mConnected = true, mConfigured = false, mCurrentFunctions = mtp,adb
V/UsbDeviceManager(  830): USB UEVENT: {USB_STATE=DISCONNECTED, SUBSYSTEM=android_usb, DEVPATH=/devices/virtual/android_usb/android0, SEQNUM=14372, ACTION=change}
D/UsbDeviceManager(  830): isUsb30Enabled: read '/sys/class/android_usb/android0/bcdUSB', state = 0210
D/UsbDeviceManager(  830): sending intent : ACTION_USB_STATE : connected = true, configured = false, functions = mtp,adb
W/ContextImpl(26644): Calling a method in the system process without a qualified user: android.app.ContextImpl.sendBroadcast:1491 android.content.ContextWrapper.sendBroadcast:377 android.content.ContextWrapper.sendBroadcast:377 com.samsung.android.MtpApplication.MtpReceiver.usbRemoved:872 com.samsung.android.MtpApplication.MtpReceiver.access$200:95 
D/UsbDeviceManager(  830): isUsb30Available: read '/sys/class/android_usb/android0/ss_host_available', state = 0
D/UsbManager(12668):  :::: isUsb30Available :: return = false from pid = 12668
D/UsbDeviceManager(  830): isUsb30Enabled: read '/sys/class/android_usb/android0/bcdUSB', state = 0210
D/UsbManager(12668):  :::: isUsb30Enabled :: return = false from pid = 12668
W/ContextImpl(26644): Calling a method in the system process without a qualified user: android.app.ContextImpl.stopService:1853 android.content.ContextWrapper.stopService:511 android.content.ContextWrapper.stopService:511 com.samsung.android.MtpApplication.MtpReceiver.usbRemoved:882 com.samsung.android.MtpApplication.MtpReceiver.access$200:95 
D/MediaScannerReceiver(10876): action: android.intent.action.MTP_FILE_SCAN
I/ActivityManager(  830): Process com.samsung.android.MtpApplication (pid 26644) (adj 0) has died.
V/UsbDeviceManager(  830): USB UEVENT: {USB_STATE=CONNECTED, SUBSYSTEM=android_usb, DEVPATH=/devices/virtual/android_usb/android0, SEQNUM=14375, ACTION=change}
D/UsbDeviceManager(  830): handleMessage -> MSG_UPDATE_STATE connected = 1,configured = 0
D/UsbDeviceManager(  830): updateUsbNotification : mConnected = true, mConfigured = false, mCurrentFunctions = mtp,adb
D/UsbDeviceManager(  830): isUsb30Enabled: read '/sys/class/android_usb/android0/bcdUSB', state = 0210
D/UsbDeviceManager(  830): sending intent : ACTION_USB_STATE : connected = true, configured = false, functions = mtp,adb
D/MediaScannerService(10876): !@start scanning volume external: [/storage/emulated/0, /storage/extSdCard, /storage/Private, /storage/UsbDriveA, /storage/UsbDriveB, /storage/UsbDriveC, /storage/UsbDriveD, /storage/UsbDriveE, /storage/UsbDriveF]
D/UsbDeviceManager(  830): isUsb30Available: read '/sys/class/android_usb/android0/ss_host_available', state = 0
D/UsbManager(12668):  :::: isUsb30Available :: return = false from pid = 12668
D/UsbDeviceManager(  830): isUsb30Enabled: read '/sys/class/android_usb/android0/bcdUSB', state = 0210
D/UsbManager(12668):  :::: isUsb30Enabled :: return = false from pid = 12668
V/UsbDeviceManager(  830): USB UEVENT: {USB_STATE=CONFIGURED, SUBSYSTEM=android_usb, DEVPATH=/devices/virtual/android_usb/android0, SEQNUM=14376, ACTION=change}
D/UsbDeviceManager(  830): handleMessage -> MSG_UPDATE_STATE connected = 1,configured = 1
D/UsbDeviceManager(  830): updateUsbNotification : mConnected = true, mConfigured = true, mCurrentFunctions = mtp,adb
D/UsbDeviceManager(  830): isUsb30Enabled: read '/sys/class/android_usb/android0/bcdUSB', state = 0210
D/UsbDeviceManager(  830): sending intent : ACTION_USB_STATE : connected = true, configured = true, functions = mtp,adb
D/UsbDeviceManager(  830): isUsb30Enabled: read '/sys/class/android_usb/android0/bcdUSB', state = 0210
D/UsbManager(  830):  :::: isUsb30Enabled :: return = false from pid = 830
D/UsbDeviceManager(  830): isUsb30Available: read '/sys/class/android_usb/android0/ss_host_available', state = 0
D/UsbManager(12668):  :::: isUsb30Available :: return = false from pid = 12668
D/UsbDeviceManager(  830): isUsb30Enabled: read '/sys/class/android_usb/android0/bcdUSB', state = 0210
D/UsbManager(12668):  :::: isUsb30Enabled :: return = false from pid = 12668
D/MediaScanner(10876): BulkDeleter flush number : 8
D/MediaScanner(10876): BulkDeleter ID-info : [2, 3, 4, 5, 7, 14, 46, 62]
I/ActivityManager(  830): Process com.qihoo360.mobilesafe:FloatWindow (pid 30209) (adj 13) has died.
I/ActivityManager(  830): Process com.UCMobile:RemoteBackgroundProcess (pid 30348) (adj 9) has died.
D/StatusBar.NetworkController( 1059): refreshViews: DATA_SUSPENDED : 0
D/STATUSBAR-NetworkController( 1059): refreshSignalCluster - setNWBoosterIndicators(false)
D/StatusBar.NetworkController( 1059): refreshSignalCluster: DATA_SUSPENDED : 
D/STATUSBAR-SignalClusterView( 1059): getDataSignalTypeIcon mMobileTypeId = 2130837944
D/STATUSBAR-SignalClusterView( 1059): setDataSignalIcon iconId = 2130838047
D/STATUSBAR-SignalClusterView( 1059): setDataSignalIcon mMobileRoamingId = stat_sys_rssi_data_2g
E/StatusBar.NetworkController( 1059): refreshSignalCluster: set mShowPhoneRSSIForData = true
D/MediaScanner(10876): BulkDeleter flush number : 101
D/MediaScanner(10876): BulkDeleter ID-info : [63, 102, 163, 164, 165, 166, 167, 168, 169, 170, 171, 172, 263, 264, 265, 408, 409, 410, 411, 412, 413, 414, 415, 416, 417, 500, 501, 502, 503, 504, 505, 506, 507, 508, 509, 510, 511, 512, 513, 514, 515, 516, 517, 518, 519, 520, 521, 522, 523, 524, 525, 540, 546, 547, 548, 549, 550, 551, 552, 561, 562, 563, 599, 606, 638, 711, 720, 733, 741, 742, 781, 782, 784, 785, 786, 787, 788, 792, 957, 959, 960, 961, 969, 974, 975, 976, 977, 978, 979, 981, 984, 991, 1000, 1005, 1006, 1012, 1013, 1016, 1018, 1021, 1023]
V/AlarmManager(  830): waitForAlarm result :4
V/AlarmManager(  830): trigger ELAPSED_REALTIME_WAKEUP or RTC_WAKEUP
V/AlarmManager(  830): trigger ELAPSED_REALTIME_WAKEUP or RTC_WAKEUP
V/AlarmManager(  830): trigger ELAPSED_REALTIME_WAKEUP or RTC_WAKEUP
D/BatteryService(  830): level:89, scale:100, status:2, health:2, present:true, voltage: 4217, temperature: 271, technology: Li-ion, AC powered:false, USB powered:true, Wireless powered:false, icon:17303678, invalid charger:0, online:4, current avg:450, charge type:1, power sharing:false
D/BatteryService(  830): Sending ACTION_BATTERY_CHANGED.
D/UiModeManager(  830): mCoverManager.getCoverState() : true
D/STATUSBAR-PhoneStatusBar( 1059):  mBrightnessEnablebySettings = true mBrightnessEnablebyBattery = true mBrightnessEnablebyDisableFlag = true mPmsBrightnessEnablebySettings = true
D/BatteryMeterView( 1059): ACTION_BATTERY_CHANGED : level:89 status:2 health:2
D/UsbDebuggingManager(  830): Received public key: QAAAAOMST9E1PStt5miH5yHvatcDQzNhSuCZkNA893grgI1f9fRyVkVid3WGCzPkgVZXmcAeS2eyUcQ4vzeelYUbN4ZxSvY8jonppjEuAZ/ns4w+YF5YeM6ZH07NIBBqZbAi3hAtQXk6LuUfT0m7/3oqKskpkW1Cb2zIkqIIuV1LXZ77+S0xAmEzDVF1kTxlKHfVM4STzwAC86qkc59IemGIV0QEepekgrIFHOoIJEdFwR/Doa+Dhp4G2QcjcSSSLHPykOqWSfgzKeymMwyQ3B6ywt1fijZ+HrZ6cmcIlAlJAzLVgTwyEHWjiNdcXWAH5DwCBCkWtqiYtrJZ0NzJF9R7w7YwuaHFNffwhHLwfIAPYT0h5sVKe+jdpEypB27cLLFr4wn8oTac7F2zU/buMYxMeKpRjnZM59GmZZGJDhrMzF0h5AW2VeUco7b3zZl1Dn5GeIP2OMO0WqP1AbbW5OugdnB7fwygrcY9FAa7KQ5gFQFJLlQy31fEguB8D+n2RoVwJLvDt3KtDn+TeWICRzFQaSopnPVEQxEf7Dyoqn9oaHAGuDliiieN+NhpWTJNtzxv9sG72tVLXOZExi82b5O/YRV3pF/c12cW98mu5L4cR7wuzPzkRplZD6/PeWoIWx9x5gYPloUaAvEfiEGzmNamTE9xv82wYM+Wv+rVsBEvAg6LGEkltQEAAQA= @magodo-F83VF
W/ContextImpl(  830): Calling a method in the system process without a qualified user: android.app.ContextImpl.startActivity:1388 com.android.server.usb.UsbDebuggingManager.showConfirmationDialog:273 com.android.server.usb.UsbDebuggingManager.access$900:50 com.android.server.usb.UsbDebuggingManager$UsbDebuggingHandler.handleMessage:224 android.os.Handler.dispatchMessage:102 
W/ContextImpl(  830): Calling a method in the system process without a qualified user: android.app.ContextImpl.startActivity:1400 android.app.ContextImpl.startActivity:1389 com.android.server.usb.UsbDebuggingManager.showConfirmationDialog:273 com.android.server.usb.UsbDebuggingManager.access$900:50 com.android.server.usb.UsbDebuggingManager$UsbDebuggingHandler.handleMessage:224 
D/CustomFrequencyManagerService(  830): acquireDVFSLockLocked : type : DVFS_MIN_LIMIT  frequency : 1958400  uid : 1000  pid : 830  pkgName : ACTIVITY_RESUME_BOOSTER@6
W/ActivityManager(  830): mDVFSHelper.acquire()
V/SmartFaceService - 3rd party pause(  830): onReceive [android.intent.action.ACTIVITY_STATE/com.android.settings/pause]
V/SmartFaceService - 3rd party pause(  830): onReceive [android.intent.action.ACTIVITY_STATE/com.android.systemui/create]
D/StatusBarManagerService(  830): semi p:1059,o:f
D/MediaScanner(10876): BulkDeleter flush number : 101
D/STATUSBAR-StatusBarManagerService(  830): manageDisableList what=0x0 pkg=WindowManager.LayoutParams
D/MediaScanner(10876): BulkDeleter ID-info : [1026, 1032, 1044, 1045, 1046, 1054, 1057, 1066, 1084, 1086, 1109, 1123, 1125, 1134, 1135, 1138, 1167, 1190, 1199, 1202, 1229, 1260, 1261, 1266, 1289, 1299, 1650, 1844, 1845, 1846, 1895, 1903, 1904, 2003, 2004, 2005, 2006, 2023, 2026, 2148, 2151, 2196, 2199, 2200, 2268, 2269, 2270, 2271, 2272, 2273, 2274, 2275, 2276, 2277, 2278, 2279, 2280, 2281, 2282, 2283, 2284, 2285, 2286, 2287, 2288, 2289, 2290, 2291, 2292, 2293, 2294, 2295, 2350, 2364, 2365, 2366, 2367, 2368, 2369, 2370, 2371, 2372, 2373, 2374, 2375, 2376, 2377, 2378, 2379, 2380, 2381, 2382, 2383, 2384, 2385, 2386, 2387, 2388, 2389, 2390, 2391]
D/STATUSBAR-IconMerger( 1059): checkOverflow(504), More:false, Req:false Child:2
D/MediaScanner(10876): BulkDeleter flush number : 101
D/MediaScanner(10876): BulkDeleter ID-info : [2392, 2393, 2394, 2395, 2396, 2411, 2414, 2418, 2422, 2427, 2430, 2431, 2433, 2434, 2436, 2439, 2440, 2441, 2442, 2443, 2444, 2445, 2446, 2448, 2449, 2450, 2451, 2452, 2453, 2454, 2455, 2456, 2457, 2464, 2539, 2540, 2541, 2650, 2652, 2655, 2656, 2657, 2660, 2661, 2666, 2669, 2670, 2671, 2672, 2673, 2675, 2680, 2681, 2686, 2687, 2692, 2716, 2750, 2797, 2799, 2815, 2884, 2924, 3047, 3048, 3049, 3050, 3051, 3085, 3086, 3087, 3088, 3089, 3090, 3091, 3092, 3093, 3094, 3095, 3096, 3097, 3098, 3099, 3100, 3101, 3102, 3103, 3104, 3105, 3106, 3107, 3115, 3118, 3150, 3151, 3152, 3153, 3154, 3155, 3449, 3453]
D/CustomFrequencyManagerService(  830): releaseDVFSLockLocked : Getting Lock type frm List : DVFS_MIN_LIMIT  frequency : 1958400  uid : 1000  pid : 830  tag : ACTIVITY_RESUME_BOOSTER@6
D/CustomFrequencyManagerService(  830): acquireDVFSLockLocked : type : DVFS_MIN_LIMIT  frequency : 1958400  uid : 1000  pid : 830  pkgName : ACTIVITY_RESUME_BOOSTER@9
D/CustomFrequencyManagerService(  830): FrequencyrequestList.getNextMaxCPUCoreRequest, index: 0
W/ActivityManager(  830): mDVFSHelper.release()
D/CustomFrequencyManagerService(  830): releaseDVFSLockLocked : Getting Lock type frm List : DVFS_MIN_LIMIT  frequency : 1958400  uid : 1000  pid : 830  tag : ACTIVITY_RESUME_BOOSTER@9
D/StatusBar.NetworkController( 1059): refreshViews: DATA_SUSPENDED : 0
D/STATUSBAR-NetworkController( 1059): refreshSignalCluster - setNWBoosterIndicators(false)
D/StatusBar.NetworkController( 1059): refreshSignalCluster: DATA_SUSPENDED : 
D/STATUSBAR-SignalClusterView( 1059): getDataSignalTypeIcon mMobileTypeId = 2130837944
D/STATUSBAR-SignalClusterView( 1059): setDataSignalIcon iconId = 2130838047
D/STATUSBAR-SignalClusterView( 1059): setDataSignalIcon mMobileRoamingId = stat_sys_rssi_data_2g
E/StatusBar.NetworkController( 1059): refreshSignalCluster: set mShowPhoneRSSIForData = true
D/STATUSBAR-IconMerger( 1059): checkOverflow(504), More:false, Req:false Child:2
D/MediaScanner(10876): BulkDeleter flush number : 101
D/MediaScanner(10876): BulkDeleter ID-info : [3663, 3727, 3730, 3757, 3847, 3848, 3857, 3891, 3892, 3893, 3894, 3895, 3897, 3924, 3927, 3953, 4031, 4033, 4034, 4035, 4036, 4037, 4040, 4071, 4093, 4097, 4098, 4099, 4100, 4117, 4118, 4119, 4122, 4126, 4130, 4166, 4167, 4168, 4169, 4172, 4179, 4181, 4215, 4245, 4250, 4276, 4279, 4344, 4345, 4346, 4347, 4348, 4440, 4441, 4446, 4449, 4454, 4455, 4464, 4476, 4477, 4484, 4485, 4486, 4487, 4488, 4489, 4490, 4491, 4492, 4493, 4495, 4496, 4498, 4499, 4502, 4504, 4505, 4506, 4507, 4508, 4509, 4530, 4531, 4532, 4533, 4534, 4535, 4536, 4537, 4538, 4539, 4682, 4739, 4750, 4752, 4841, 5060, 5074, 5161, 5293]
I/ActivityManager(  830): Process com.UCMobile:RemoteBackgroundProcess (pid 30433) (adj 9) has died.
D/SSRMv2:SIOP(  830): SIOP:: AP = 330, PST = 319, Delta = 2
D/AmoledAdjustTimer(  830): prevTemp = 271, currTemp = 271, prevStep = 4, currStep = 4
D/MediaScanner(10876): BulkDeleter flush number : 101
D/MediaScanner(10876): BulkDeleter ID-info : [5351, 5469, 5470, 5471, 5474, 5475, 5477, 5483, 5484, 5489, 5495, 5496, 5498, 5505, 5513, 5514, 5515, 5516, 5517, 5518, 5554, 5556, 5567, 5590, 5610, 5611, 5628, 5631, 5633, 5634, 5655, 5687, 5693, 5694, 5695, 5696, 5697, 5713, 5714, 5715, 5716, 5717, 5718, 5719, 5720, 5721, 5722, 5723, 5724, 5725, 5726, 5727, 5728, 5729, 5730, 5731, 5732, 5733, 5734, 5797, 5840, 5864, 5865, 5928, 6489, 6490, 6491, 6492, 6493, 6539, 6540, 6730, 7151, 7239, 7240, 7241, 7242, 7243, 7244, 7245, 7247, 7249, 7255, 7258, 7272, 7280, 7341, 7342, 7367, 7372, 7409, 7410, 7411, 7412, 7413, 7414, 7415, 7416, 7417, 7418, 7419]
V/SmartFaceService - 3rd party pause(  830): onReceive [android.intent.action.ACTIVITY_STATE/com.android.systemui/pause]
D/CustomFrequencyManagerService(  830): acquireDVFSLockLocked : type : DVFS_MIN_LIMIT  frequency : 1958400  uid : 1000  pid : 830  pkgName : ACTIVITY_RESUME_BOOSTER@6
W/ActivityManager(  830): mDVFSHelper.acquire()
D/STATUSBAR-StatusBarManagerService(  830): manageDisableList what=0x0 pkg=WindowManager.LayoutParams
V/SmartFaceService - 3rd party pause(  830): onReceive [android.intent.action.ACTIVITY_STATE/com.android.settings/resume]
D/StatusBarManagerService(  830): semi p:12668,o:t
D/UsbDeviceManager(  830): isUsb30Available: read '/sys/class/android_usb/android0/ss_host_available', state = 0
D/UsbManager(12668):  :::: isUsb30Available :: return = false from pid = 12668
W/InputMethodManagerService(  830): Window already focused, ignoring focus gain of: com.android.internal.view.IInputMethodClient$Stub$Proxy@434d2380 attribute=null, token = android.os.BinderProxy@428fe560
E/ActivityThread(12668): Failed to find provider info for com.sec.android.app.sns3
E/ActivityThread(12668): Failed to find provider info for com.sec.android.app.sns3
E/ActivityThread(12668): Failed to find provider info for com.sec.android.app.sns3
D/UsbDeviceManager(  830): isUsb30Available: read '/sys/class/android_usb/android0/ss_host_available', state = 0
D/UsbManager(12668):  :::: isUsb30Available :: return = false from pid = 12668
D/UsbDeviceManager(  830): isUsb30Enabled: read '/sys/class/android_usb/android0/bcdUSB', state = 0210
D/UsbManager(12668):  :::: isUsb30Enabled :: return = false from pid = 12668
D/MediaScanner(10876): BulkDeleter flush number : 42
D/MediaScanner(10876): BulkDeleter ID-info : [7420, 7421, 7422, 7423, 7424, 7425, 7426, 7445, 7452, 7453, 7454, 7455, 7456, 7457, 7458, 7459, 7460, 7461, 7462, 7463, 7464, 7465, 7466, 7467, 7468, 7473, 7474, 7475, 7476, 7477, 7517, 7518, 7519, 7520, 7532, 7533, 7534, 7535, 7536, 7537, 7538, 7596]
D/MediaScanner(10876): BulkDeleter flush number : 30
D/MediaScanner(10876): BulkDeleter ID-info : [7597, 7598, 7599, 7600, 7601, 7602, 7603, 7604, 7605, 7606, 7614, 7617, 7618, 7619, 7620, 7621, 7622, 7623, 7624, 7625, 7626, 7627, 7628, 7629, 7630, 7631, 7632, 7633, 7634, 7635]
D/MediaScanner(10876): BulkDeleter flush number : 10
D/MediaScanner(10876): BulkDeleter ID-info : [7728, 7729, 7730, 7731, 7732, 7733, 7734, 7735, 7737, 7808]
D/MediaScanner(10876): BulkDeleter flush number : 14
D/MediaScanner(10876): BulkDeleter ID-info : [7810, 7811, 7812, 7813, 7814, 7815, 7817, 7818, 7819, 7820, 7821, 7825, 7826, 7827]
D/MediaScanner(10876): BulkDeleter flush number : 3
D/MediaScanner(10876): BulkDeleter ID-info : [7828, 7829, 7830]
D/MediaScanner(10876): BulkDeleter flush number : 3
D/MediaScanner(10876): BulkDeleter ID-info : [7831, 7832, 7833]
D/MediaScanner(10876): BulkDeleter flush number : 3
D/MediaScanner(10876): BulkDeleter ID-info : [7834, 7835, 7836]
D/MediaScanner(10876): BulkDeleter flush number : 34
D/MediaScanner(10876): BulkDeleter ID-info : [7837, 7838, 7839, 7840, 7841, 7842, 7843, 7844, 7845, 7846, 7847, 7848, 7849, 7850, 7851, 7852, 7853, 7854, 7855, 7856, 7858, 7859, 7860, 7861, 7862, 7870, 7871, 7872, 7873, 7874, 7875, 7877, 7878, 7879]
D/CustomFrequencyManagerService(  830): releaseDVFSLockLocked : Getting Lock type frm List : DVFS_MIN_LIMIT  frequency : 1958400  uid : 1000  pid : 830  tag : ACTIVITY_RESUME_BOOSTER@6
W/ActivityManager(  830): mDVFSHelper.release()
D/CustomFrequencyManagerService(  830): acquireDVFSLockLocked : type : DVFS_MIN_LIMIT  frequency : 1958400  uid : 1000  pid : 830  pkgName : ACTIVITY_RESUME_BOOSTER@9
D/MediaScanner(10876): BulkDeleter flush number : 6
D/MediaScanner(10876): BulkDeleter ID-info : [7880, 7881, 7882, 7883, 7884, 7885]
D/MediaScanner(10876): BulkDeleter flush number : 4
D/MediaScanner(10876): BulkDeleter ID-info : [7886, 7887, 7888, 7889]
D/MediaScanner(10876): BulkDeleter flush number : 4
D/MediaScanner(10876): BulkDeleter ID-info : [7890, 7891, 7892, 7893]
D/MediaScanner(10876): BulkDeleter flush number : 3
D/MediaScanner(10876): BulkDeleter ID-info : [7894, 7895, 7896]
D/MediaScanner(10876): BulkDeleter flush number : 4
D/MediaScanner(10876): BulkDeleter ID-info : [7897, 7898, 7899, 7900]
D/MediaScanner(10876): BulkDeleter flush number : 7
D/MediaScanner(10876): BulkDeleter ID-info : [7901, 7902, 7903, 7904, 7905, 7906, 7907]
D/CustomFrequencyManagerService(  830): releaseDVFSLockLocked : Getting Lock type frm List : DVFS_MIN_LIMIT  frequency : 1958400  uid : 1000  pid : 830  tag : ACTIVITY_RESUME_BOOSTER@9
D/MediaScanner(10876): BulkDeleter flush number : 4
D/MediaScanner(10876): BulkDeleter ID-info : [7908, 7909, 7910, 7911]
D/MediaScanner(10876): BulkDeleter flush number : 6
D/MediaScanner(10876): BulkDeleter ID-info : [7912, 7913, 7914, 7915, 7916, 7917]
D/MediaScanner(10876): BulkDeleter flush number : 3
D/MediaScanner(10876): BulkDeleter ID-info : [7918, 7919, 7920]
D/MediaScanner(10876): BulkDeleter flush number : 12
D/MediaScanner(10876): BulkDeleter ID-info : [7921, 7922, 7923, 7924, 7925, 7926, 7927, 7928, 7929, 7930, 7931, 7932]
D/MediaScanner(10876): BulkDeleter flush number : 4
D/MediaScanner(10876): BulkDeleter ID-info : [7933, 7934, 7935, 7936]
D/MediaScanner(10876): BulkDeleter flush number : 13
D/MediaScanner(10876): BulkDeleter ID-info : [7938, 7939, 7959, 7970, 7995, 7996, 7997, 8089, 8090, 8092, 8093, 8094, 8095]
D/MediaScanner(10876): BulkDeleter flush number : 10
D/MediaScanner(10876): BulkDeleter ID-info : [8096, 8097, 8098, 8099, 8100, 8101, 8102, 8103, 8110, 8111]
D/StatusBar.NetworkController( 1059): refreshViews: DATA_SUSPENDED : 0
D/STATUSBAR-NetworkController( 1059): refreshSignalCluster - setNWBoosterIndicators(false)
D/StatusBar.NetworkController( 1059): refreshSignalCluster: DATA_SUSPENDED : 
D/STATUSBAR-SignalClusterView( 1059): getDataSignalTypeIcon mMobileTypeId = 2130837944
D/STATUSBAR-SignalClusterView( 1059): setDataSignalIcon iconId = 2130838047
D/STATUSBAR-SignalClusterView( 1059): setDataSignalIcon mMobileRoamingId = stat_sys_rssi_data_2g
E/StatusBar.NetworkController( 1059): refreshSignalCluster: set mShowPhoneRSSIForData = true
D/STATUSBAR-IconMerger( 1059): checkOverflow(504), More:false, Req:false Child:2
I/ActivityManager(  830): Process com.UCMobile:RemoteBackgroundProcess (pid 30479) (adj 9) has died.
D/MediaScanner(10876): BulkDeleter flush number : 4
D/MediaScanner(10876): BulkDeleter ID-info : [8112, 8113, 8114, 8115]
W/ProcessCpuTracker(  830): Skipping unknown process pid 30479
D/MediaScanner(10876): BulkDeleter flush number : 4
D/MediaScanner(10876): BulkDeleter ID-info : [8116, 8117, 8118, 8119]
D/MediaScanner(10876): BulkDeleter flush number : 4
D/MediaScanner(10876): BulkDeleter ID-info : [8120, 8121, 8122, 8123]
D/MediaScanner(10876): BulkDeleter flush number : 4
D/MediaScanner(10876): BulkDeleter ID-info : [8124, 8125, 8126, 8127]
D/MediaScanner(10876): BulkDeleter flush number : 4
D/MediaScanner(10876): BulkDeleter ID-info : [8128, 8129, 8130, 8131]
D/StatusBar.NetworkController( 1059): refreshViews: DATA_SUSPENDED : 0
D/STATUSBAR-NetworkController( 1059): refreshSignalCluster - setNWBoosterIndicators(false)
D/StatusBar.NetworkController( 1059): refreshSignalCluster: DATA_SUSPENDED : 
D/STATUSBAR-SignalClusterView( 1059): getDataSignalTypeIcon mMobileTypeId = 2130837944
D/STATUSBAR-SignalClusterView( 1059): setDataSignalIcon iconId = 2130838047
D/STATUSBAR-SignalClusterView( 1059): setDataSignalIcon mMobileRoamingId = stat_sys_rssi_data_2g
E/StatusBar.NetworkController( 1059): refreshSignalCluster: set mShowPhoneRSSIForData = true
D/STATUSBAR-IconMerger( 1059): checkOverflow(504), More:false, Req:false Child:2
D/MediaScanner(10876): BulkDeleter flush number : 101
D/MediaScanner(10876): BulkDeleter ID-info : [8133, 8134, 8159, 8161, 8250, 8251, 8252, 8253, 8254, 8255, 8256, 8257, 8258, 8259, 8260, 8261, 8262, 8263, 8264, 8265, 8266, 8267, 8268, 8269, 8270, 8271, 8272, 8273, 8274, 8275, 8276, 8277, 8278, 8279, 8280, 8281, 8282, 8283, 8284, 8285, 8286, 8287, 8288, 8289, 8290, 8291, 8292, 8293, 8294, 8295, 8296, 8297, 8298, 8299, 8300, 8301, 8302, 8303, 8304, 8305, 8306, 8307, 8308, 8309, 8310, 8311, 8312, 8313, 8314, 8315, 8316, 8317, 8318, 8319, 8320, 8321, 8322, 8323, 8324, 8325, 8326, 8327, 8328, 8329, 8330, 8331, 8332, 8333, 8334, 8335, 8336, 8337, 8338, 8339, 8340, 8341, 8560, 8630, 8631, 8634, 8640]
D/PowerManagerService(  830): [api] userActivityFromNative : 200 (event: 1 flags: 0)
D/RecentTasksLoader( 1059): preloadRecentTasksList
D/STATUSBAR-RecentTasksLoader( 1059): loadTasksInBackground() mstate:CANCELLED
D/STATUSBAR-RecentTasksLoader( 1059): loadThumbnailsAndIconsInBackground()
D/STATUSBAR-RecentTasksLoader( 1059): loadTasksInBackground -doInBackground()
D/STATUSBAR-RecentTasksLoader( 1059): loadThumbnailsAndIconsInBackground-doInBackground()
D/STATUSBAR-RecentTasksLoader( 1059):     recentTasks.size():9
D/VoIPInterfaceManager(  830): isVoIPRinging()...
D/VoIPInterfaceManager(  830): isVoIPRunningAndDeregi()...
D/VoIPInterfaceManager(  830): Not exist call session
D/StatusBar.NetworkController( 1059): refreshViews: DATA_SUSPENDED : 0
D/STATUSBAR-NetworkController( 1059): refreshSignalCluster - setNWBoosterIndicators(false)
D/StatusBar.NetworkController( 1059): refreshSignalCluster: DATA_SUSPENDED : 
D/STATUSBAR-SignalClusterView( 1059): getDataSignalTypeIcon mMobileTypeId = 2130837944
D/STATUSBAR-SignalClusterView( 1059): setDataSignalIcon iconId = 2130838047
D/STATUSBAR-SignalClusterView( 1059): setDataSignalIcon mMobileRoamingId = stat_sys_rssi_data_2g
E/StatusBar.NetworkController( 1059): refreshSignalCluster: set mShowPhoneRSSIForData = true
D/STATUSBAR-IconMerger( 1059): checkOverflow(504), More:false, Req:false Child:2
D/RecentTasksLoader( 1059): cancelPreloadingRecentTasksList
D/STATUSBAR-RecentTasksLoader( 1059): cancelLoadingThumbnailsAndIcons()
D/STATUSBAR-RecentTasksLoader( 1059): mTaskLoader.cancel()
D/STATUSBAR-RecentTasksLoader( 1059): mThumbnailLoader.cancel()
D/STATUSBAR-RecentTasksLoader( 1059): loadTasksInBackground-onProgressUpdate()
D/STATUSBAR-RecentTasksLoader( 1059): loadThumbnailsAndIconsInBackground-onProgressUpdate()
D/STATUSBAR-RecentTasksLoader( 1059):     isCancelled - break
D/PowerManagerService(  830): [api] [s] userActivity : event: 0 flags: 0 (uid: 1000 pid: 830)
V/Scroll/Pause Worker(  830): onReceive: android.intent.action.CLOSE_SYSTEM_DIALOGS
D/STATUSBAR-AirplaneModeQuickSettingButton( 1059): onReceive : android.intent.action.CLOSE_SYSTEM_DIALOGS
I/ActivityManager(  830): Process com.UCMobile:RemoteBackgroundProcess (pid 30533) (adj 9) has died.
D/CustomFrequencyManagerService(  830): acquireDVFSLockLocked : type : DVFS_MIN_LIMIT  frequency : 1958400  uid : 1000  pid : 830  pkgName : ACTIVITY_RESUME_BOOSTER@6
W/ActivityManager(  830): mDVFSHelper.acquire()
V/SmartFaceService - 3rd party pause(  830): onReceive [android.intent.action.ACTIVITY_STATE/com.android.settings/pause]
V/WindowManager(  830): rotationForOrientationLw(orient=1, last=0); user=0 USER_ROTATION_LOCKED sensorRotation=-1 mLidState=-1 mDockMode=0 mHdmiPlugged=false mAccelerometerDefault=false gripRotationLock=false
D/StatusBarManagerService(  830): semi p:1290,o:f
V/SmartFaceService - 3rd party pause(  830): onReceive [android.intent.action.ACTIVITY_STATE/com.sec.android.app.launcher/resume]
D/StatusBarManagerService(  830): tr p:1290,o:t
D/MediaScanner(10876): BulkDeleter flush number : 101
D/MediaScanner(10876): BulkDeleter ID-info : [8642, 8652, 8661, 8663, 8665, 8684, 8685, 8689, 8690, 8691, 8692, 8696, 8697, 8698, 8699, 8700, 8701, 8715, 8723, 8724, 8727, 8728, 8729, 8770, 8771, 8772, 8773, 8774, 8775, 8776, 8777, 8778, 8779, 8780, 8781, 8821, 8824, 8832, 8845, 8847, 8852, 8854, 8858, 8866, 8868, 8875, 8891, 8895, 8900, 8938, 8978, 8979, 8980, 8981, 8982, 8984, 8990, 9118, 9122, 9163, 9185, 9281, 9345, 9351, 9352, 9353, 9407, 9409, 9425, 9445, 9451, 9453, 9455, 9457, 9459, 9516, 9532, 9535, 9536, 9577, 9665, 9666, 9667, 9724, 9725, 9726, 9727, 9728, 9729, 9730, 9731, 9732, 9733, 9734, 9735, 9736, 9737, 9738, 9739, 9740, 9741]
D/STATUSBAR-StatusBarManagerService(  830): manageDisableList what=0x0 pkg=WindowManager.LayoutParams
D/StatusBarManagerService(  830): tr p:1290,o:t
W/ContextImpl(  830): Calling a method in the system process without a qualified user: android.app.ContextImpl.sendBroadcast:1491 com.android.server.InputMethodManagerService$4.run:2827 java.lang.Thread.run:841 <bottom of call stack> <bottom of call stack> 
D/SSRMv2:TSP:AirViewOnOff(  830): DeviceInfo:: 00000000000
D/SSRMv2:TSP:AirViewOnOff(  830): SettingsAirViewInfo:: 000000000
D/CustomFrequencyManagerService(  830): releaseDVFSLockLocked : Getting Lock type frm List : DVFS_MIN_LIMIT  frequency : 1958400  uid : 1000  pid : 830  tag : ACTIVITY_RESUME_BOOSTER@6
W/ActivityManager(  830): mDVFSHelper.release()
D/CustomFrequencyManagerService(  830): acquireDVFSLockLocked : type : DVFS_MIN_LIMIT  frequency : 1958400  uid : 1000  pid : 830  pkgName : ACTIVITY_RESUME_BOOSTER@9
--------- beginning of /dev/log/main
E/MTPJNIInterface(30387): ***** file path of  sendObjectRemoved 
E/MtpServerJNI(10876): server is null in send_object_removed
E/MTPJNIInterface(30387): In MTPJNIINterface onReceive:com.android.MTP.OBJECT_REMOVED
E/MTPJNIInterface(30387): ***** file path of  sendObjectRemoved 
E/MtpServerJNI(10876): server is null in send_object_removed
E/MTPJNIInterface(30387): In MTPJNIINterface onReceive:com.android.MTP.OBJECT_REMOVED
E/MTPJNIInterface(30387): ***** file path of  sendObjectRemoved 
E/MtpServerJNI(10876): server is null in send_object_removed
E/MTPJNIInterface(30387): In MTPJNIINterface onReceive:com.android.MTP.OBJECT_REMOVED
E/MTPJNIInterface(30387): ***** file path of  sendObjectRemoved 
E/MtpServerJNI(10876): server is null in send_object_removed
E/MTPJNIInterface(30387): In MTPJNIINterface onReceive:com.android.MTP.OBJECT_REMOVED
E/MTPJNIInterface(30387): ***** file path of  sendObjectRemoved 
E/MtpServerJNI(10876): server is null in send_object_removed
E/MTPJNIInterface(30387): In MTPJNIINterface onReceive:com.android.MTP.OBJECT_REMOVED
E/MTPJNIInterface(30387): ***** file path of  sendObjectRemoved 
E/MtpServerJNI(10876): server is null in send_object_removed
E/MTPJNIInterface(30387): In MTPJNIINterface onReceive:com.android.MTP.OBJECT_REMOVED
E/MTPJNIInterface(30387): ***** file path of  sendObjectRemoved 
E/MtpServerJNI(10876): server is null in send_object_removed
E/MTPJNIInterface(30387): In MTPJNIINterface onReceive:com.android.MTP.OBJECT_REMOVED
E/MTPJNIInterface(30387): ***** file path of  sendObjectRemoved 
E/MtpServerJNI(10876): server is null in send_object_removed
E/MTPJNIInterface(30387): In MTPJNIINterface onReceive:com.android.MTP.OBJECT_REMOVED
E/MTPJNIInterface(30387): ***** file path of  sendObjectRemoved 
E/MtpServerJNI(10876): server is null in send_object_removed
E/MTPJNIInterface(30387): In MTPJNIINterface onReceive:com.android.MTP.OBJECT_REMOVED
E/MTPJNIInterface(30387): ***** file path of  sendObjectRemoved 
E/MtpServerJNI(10876): server is null in send_object_removed
E/MTPJNIInterface(30387): In MTPJNIINterface onReceive:com.android.MTP.OBJECT_REMOVED
E/MTPJNIInterface(30387): ***** file path of  sendObjectRemoved 
E/MtpServerJNI(10876): server is null in send_object_removed
E/MTPJNIInterface(30387): In MTPJNIINterface onReceive:com.android.MTP.OBJECT_REMOVED
E/MTPJNIInterface(30387): ***** file path of  sendObjectRemoved 
E/MtpServerJNI(10876): server is null in send_object_removed
E/MTPJNIInterface(30387): In MTPJNIINterface onReceive:com.android.MTP.OBJECT_REMOVED
E/MTPJNIInterface(30387): ***** file path of  sendObjectRemoved 
E/MtpServerJNI(10876): server is null in send_object_removed
E/MTPJNIInterface(30387): In MTPJNIINterface onReceive:com.android.MTP.OBJECT_REMOVED
E/MTPJNIInterface(30387): ***** file path of  sendObjectRemoved 
E/MtpServerJNI(10876): server is null in send_object_removed
E/MTPJNIInterface(30387): In MTPJNIINterface onReceive:com.android.MTP.OBJECT_REMOVED
E/MTPJNIInterface(30387): ***** file path of  sendObjectRemoved 
E/MtpServerJNI(10876): server is null in send_object_removed
E/MTPJNIInterface(30387): In MTPJNIINterface onReceive:com.android.MTP.OBJECT_REMOVED
E/MTPJNIInterface(30387): ***** file path of  sendObjectRemoved 
E/MtpServerJNI(10876): server is null in send_object_removed
E/MTPJNIInterface(30387): In MTPJNIINterface onReceive:com.android.MTP.OBJECT_REMOVED
E/MTPJNIInterface(30387): ***** file path of  sendObjectRemoved 
E/MtpServerJNI(10876): server is null in send_object_removed
E/MTPJNIInterface(30387): In MTPJNIINterface onReceive:com.android.MTP.OBJECT_REMOVED
E/MTPJNIInterface(30387): ***** file path of  sendObjectRemoved 
E/MtpServerJNI(10876): server is null in send_object_removed
E/MTPJNIInterface(30387): In MTPJNIINterface onReceive:com.android.MTP.OBJECT_REMOVED
E/MTPJNIInterface(30387): ***** file path of  sendObjectRemoved 
E/MtpServerJNI(10876): server is null in send_object_removed
E/MTPJNIInterface(30387): In MTPJNIINterface onReceive:com.android.MTP.OBJECT_REMOVED
E/MTPJNIInterface(30387): ***** file path of  sendObjectRemoved 
E/MtpServerJNI(10876): server is null in send_object_removed
E/MTPJNIInterface(30387): In MTPJNIINterface onReceive:com.android.MTP.OBJECT_REMOVED
E/MTPJNIInterface(30387): ***** file path of  sendObjectRemoved 
E/MtpServerJNI(10876): server is null in send_object_removed
E/MTPJNIInterface(30387): In MTPJNIINterface onReceive:com.android.MTP.OBJECT_REMOVED
E/MTPJNIInterface(30387): ***** file path of  sendObjectRemoved 
E/MtpServerJNI(10876): server is null in send_object_removed
E/MTPJNIInterface(30387): In MTPJNIINterface onReceive:com.android.MTP.OBJECT_REMOVED
E/MTPJNIInterface(30387): ***** file path of  sendObjectRemoved 
E/MtpServerJNI(10876): server is null in send_object_removed
E/MTPJNIInterface(30387): In MTPJNIINterface onReceive:com.android.MTP.OBJECT_REMOVED
E/MTPJNIInterface(30387): ***** file path of  sendObjectRemoved 
E/MtpServerJNI(10876): server is null in send_object_removed
E/MTPJNIInterface(30387): In MTPJNIINterface onReceive:com.android.MTP.OBJECT_REMOVED
E/MTPJNIInterface(30387): ***** file path of  sendObjectRemoved 
E/MtpServerJNI(10876): server is null in send_object_removed
E/MTPJNIInterface(30387): In MTPJNIINterface onReceive:com.android.MTP.OBJECT_REMOVED
E/MTPJNIInterface(30387): ***** file path of  sendObjectRemoved 
E/MtpServerJNI(10876): server is null in send_object_removed
E/MTPJNIInterface(30387): In MTPJNIINterface onReceive:com.android.MTP.OBJECT_REMOVED
E/MTPJNIInterface(30387): ***** file path of  sendObjectRemoved 
E/MtpServerJNI(10876): server is null in send_object_removed
E/MTPJNIInterface(30387): In MTPJNIINterface onReceive:com.android.MTP.OBJECT_REMOVED
E/MTPJNIInterface(30387): ***** file path of  sendObjectRemoved 
E/MtpServerJNI(10876): server is null in send_object_removed
E/MTPJNIInterface(30387): In MTPJNIINterface onReceive:com.android.MTP.OBJECT_REMOVED
E/MTPJNIInterface(30387): ***** file path of  sendObjectRemoved 
E/MtpServerJNI(10876): server is null in send_object_removed
E/MTPJNIInterface(30387): In MTPJNIINterface onReceive:com.android.MTP.OBJECT_REMOVED
E/MTPJNIInterface(30387): ***** file path of  sendObjectRemoved 
E/MtpServerJNI(10876): server is null in send_object_removed
E/MTPJNIInterface(30387): In MTPJNIINterface onReceive:com.android.MTP.OBJECT_REMOVED
E/MTPJNIInterface(30387): ***** file path of  sendObjectRemoved 
E/MtpServerJNI(10876): server is null in send_object_removed
E/MTPJNIInterface(30387): In MTPJNIINterface onReceive:com.android.MTP.OBJECT_REMOVED
E/MTPJNIInterface(30387): ***** file path of  sendObjectRemoved 
E/MtpServerJNI(10876): server is null in send_object_removed
E/MTPJNIInterface(30387): In MTPJNIINterface onReceive:com.android.MTP.OBJECT_REMOVED
E/MTPJNIInterface(30387): ***** file path of  sendObjectRemoved 
E/MtpServerJNI(10876): server is null in send_object_removed
E/MTPJNIInterface(30387): In MTPJNIINterface onReceive:com.android.MTP.OBJECT_REMOVED
E/MTPJNIInterface(30387): ***** file path of  sendObjectRemoved 
D/RingtoneManager( 1890): getActualDefaultRingtoneUri  type    :1
D/RingtoneManager( 1890): checkDefaultRingtoneProperUri : InternalMediaAudio uriString not null    type:1
D/RingtoneManager( 1890): getActualDefaultRingtoneUri  type    :2
D/RingtoneManager( 1890): checkDefaultRingtoneProperUri : InternalMediaAudio uriString not null    type:2
D/RingtoneManager( 1890): getActualDefaultRingtoneUri  type    :4
D/RingtoneManager( 1890): checkDefaultRingtoneProperUri : InternalMediaAudio uriString not null    type:4
D/MediaScanner(10876): BulkDeleter flush number : 101
D/MediaScanner(10876): BulkDeleter ID-info : [9742, 9743, 9744, 9745, 9746, 9747, 9748, 9749, 9750, 9751, 9752, 9753, 9754, 9755, 9756, 9757, 9910, 9911, 9912, 9913, 9914, 9915, 9916, 9917, 9918, 9919, 9920, 9921, 9922, 9923, 9924, 9925, 9926, 9927, 9928, 9929, 9930, 9931, 9932, 9933, 9934, 9935, 9936, 9937, 9966, 9970, 9971, 9972, 9973, 9974, 9975, 9976, 9977, 9978, 9979, 9980, 9981, 9982, 9983, 9984, 9985, 9986, 9987, 9990, 9993, 9994, 9995, 9996, 9997, 10002, 10003, 10004, 10005, 10006, 10008, 10009, 10010, 10011, 10012, 10013, 10014, 10015, 10016, 10017, 10018, 10019, 10020, 10021, 10022, 10023, 10024, 10025, 10026, 10027, 10028, 10029, 10030, 10031, 10032, 10033, 10034]
D/dalvikvm(10876): GC_EXPLICIT freed 958K, 42% free 12524K/21548K, paused 2ms+5ms, total 25ms
D/MediaProvider(10876): [DCM] deleteImagesDCM Sending _id in intent to delete number of files: 101
I/SQLiteSecureOpenHelper( 2740): getWritableDatabase(pwd)
I/SQLiteSecureOpenHelper( 2740): getDatabaseLocked(b,b,pwd)...
I/SQLiteSecureOpenHelper( 2740): getWritableDatabase(pwd)
I/SQLiteSecureOpenHelper( 2740): getDatabaseLocked(b,b,pwd)...
D/cell strength( 1244): ===== cell singal strength changed : 24
D/STATUSBAR-NetworkController( 1059): onSignalStrengthsChanged signalStrength=SignalStrength: 24 255 17410 -160 -120 -1 -1 25 -90 -8 210 -1 2147483647 gsm|lte 0x0 level=4
E/StatusBar.NetworkController( 1059): updateTelephonySignalStrength: iconLevel = 4
E/StatusBar.NetworkController( 1059): updateTelephonySignalStrength: new psIconLevel = 4
D/StatusBar.NetworkController( 1059): refreshViews: DATA_SUSPENDED : 0
E/MtpServerJNI(10876): server is null in send_object_removed
