D/STATUSBAR-NetworkController( 1059): onSignalStrengthsChanged signalStrength=SignalStrength: 20 255 13314 -160 -120 -1 -1 20 -100 -8 120 -1 2147483647 gsm|lte 0x0 level=3
E/StatusBar.NetworkController( 1059): updateTelephonySignalStrength: iconLevel = 4
E/StatusBar.NetworkController( 1059): updateTelephonySignalStrength: new psIconLevel = 3
D/StatusBar.NetworkController( 1059): refreshViews: DATA_SUSPENDED : 0
D/StatusBar.NetworkController( 1059): refreshViews: DATA_SUSPENDED : 0
D/STATUSBAR-NetworkController( 1059): refreshSignalCluster - setNWBoosterIndicators(false)
D/StatusBar.NetworkController( 1059): refreshSignalCluster: DATA_SUSPENDED : 
D/STATUSBAR-SignalClusterView( 1059): getDataSignalTypeIcon mMobileTypeId = 2130837944
D/STATUSBAR-SignalClusterView( 1059): setDataSignalIcon iconId = 2130838046
D/STATUSBAR-SignalClusterView( 1059): setDataSignalIcon mMobileRoamingId = stat_sys_rssi_data_2g
E/StatusBar.NetworkController( 1059): refreshSignalCluster: set mShowPhoneRSSIForData = true
D/STATUSBAR-IconMerger( 1059): checkOverflow(504), More:false, Req:false Child:2
I/ActivityManager(  830): Process com.UCMobile:RemoteBackgroundProcess (pid 28888) (adj 9) has died.
D/SSRMv2:SIOP(  830): SIOP:: AP = 310, PST = 312, Delta = -1
D/AmoledAdjustTimer(  830): prevTemp = 267, currTemp = 267, prevStep = 4, currStep = 4
D/StatusBar.NetworkController( 1059): refreshViews: DATA_SUSPENDED : 0
D/STATUSBAR-NetworkController( 1059): refreshSignalCluster - setNWBoosterIndicators(false)
D/StatusBar.NetworkController( 1059): refreshSignalCluster: DATA_SUSPENDED : 
D/STATUSBAR-SignalClusterView( 1059): getDataSignalTypeIcon mMobileTypeId = 2130837944
D/STATUSBAR-SignalClusterView( 1059): setDataSignalIcon iconId = 2130838046
D/STATUSBAR-SignalClusterView( 1059): setDataSignalIcon mMobileRoamingId = stat_sys_rssi_data_2g
E/StatusBar.NetworkController( 1059): refreshSignalCluster: set mShowPhoneRSSIForData = true
D/STATUSBAR-IconMerger( 1059): checkOverflow(504), More:false, Req:false Child:2
E/Watchdog(  830): !@Sync 300
D/StatusBar.NetworkController( 1059): refreshViews: DATA_SUSPENDED : 0
D/STATUSBAR-NetworkController( 1059): refreshSignalCluster - setNWBoosterIndicators(false)
D/StatusBar.NetworkController( 1059): refreshSignalCluster: DATA_SUSPENDED : 
D/STATUSBAR-SignalClusterView( 1059): getDataSignalTypeIcon mMobileTypeId = 2130837944
D/STATUSBAR-SignalClusterView( 1059): setDataSignalIcon iconId = 2130838046
D/STATUSBAR-SignalClusterView( 1059): setDataSignalIcon mMobileRoamingId = stat_sys_rssi_data_2g
E/StatusBar.NetworkController( 1059): refreshSignalCluster: set mShowPhoneRSSIForData = true
D/STATUSBAR-IconMerger( 1059): checkOverflow(504), More:false, Req:false Child:2
D/STATUSBAR-NetworkController( 1059): onSignalStrengthsChanged signalStrength=SignalStrength: 19 255 13314 -160 -120 -1 -1 20 -100 -8 112 -1 2147483647 gsm|lte 0x0 level=3
E/StatusBar.NetworkController( 1059): updateTelephonySignalStrength: iconLevel = 4
E/StatusBar.NetworkController( 1059): updateTelephonySignalStrength: new psIconLevel = 3
D/StatusBar.NetworkController( 1059): refreshViews: DATA_SUSPENDED : 0
D/STATUSBAR-NetworkController( 1059): onSignalStrengthsChanged signalStrength=SignalStrength: 19 255 13314 -160 -120 -1 -1 20 -100 -8 112 -1 2147483647 gsm|lte 0x0 level=3
E/StatusBar.NetworkController( 1059): updateTelephonySignalStrength: iconLevel = 4
E/StatusBar.NetworkController( 1059): updateTelephonySignalStrength: new psIconLevel = 3
D/StatusBar.NetworkController( 1059): refreshViews: DATA_SUSPENDED : 0
D/STATUSBAR-NetworkController( 1059): onSignalStrengthsChanged signalStrength=SignalStrength: 19 255 13314 -160 -120 -1 -1 20 -100 -8 134 -1 2147483647 gsm|lte 0x0 level=3
E/StatusBar.NetworkController( 1059): updateTelephonySignalStrength: iconLevel = 4
E/StatusBar.NetworkController( 1059): updateTelephonySignalStrength: new psIconLevel = 3
D/StatusBar.NetworkController( 1059): refreshViews: DATA_SUSPENDED : 0
I/ActivityManager(  830): Process com.UCMobile:RemoteBackgroundProcess (pid 28902) (adj 9) has died.
D/StatusBar.NetworkController( 1059): refreshViews: DATA_SUSPENDED : 0
D/STATUSBAR-NetworkController( 1059): refreshSignalCluster - setNWBoosterIndicators(false)
D/StatusBar.NetworkController( 1059): refreshSignalCluster: DATA_SUSPENDED : 
D/STATUSBAR-SignalClusterView( 1059): getDataSignalTypeIcon mMobileTypeId = 2130837944
D/STATUSBAR-SignalClusterView( 1059): setDataSignalIcon iconId = 2130838046
D/STATUSBAR-SignalClusterView( 1059): setDataSignalIcon mMobileRoamingId = stat_sys_rssi_data_2g
E/StatusBar.NetworkController( 1059): refreshSignalCluster: set mShowPhoneRSSIForData = true
D/STATUSBAR-IconMerger( 1059): checkOverflow(504), More:false, Req:false Child:2
D/BatteryService(  830): level:88, scale:100, status:2, health:2, present:true, voltage: 4252, temperature: 267, technology: Li-ion, AC powered:false, USB powered:true, Wireless powered:false, icon:17303678, invalid charger:0, online:4, current avg:450, charge type:1, power sharing:false
D/BatteryService(  830): Sending ACTION_BATTERY_CHANGED.
D/UiModeManager(  830): mCoverManager.getCoverState() : true
D/STATUSBAR-PhoneStatusBar( 1059):  mBrightnessEnablebySettings = true mBrightnessEnablebyBattery = true mBrightnessEnablebyDisableFlag = true mPmsBrightnessEnablebySettings = true
D/STATUSBAR-IconMerger( 1059): checkOverflow(504), More:false, Req:false Child:2
D/BatteryMeterView( 1059): ACTION_BATTERY_CHANGED : level:88 status:2 health:2
D/StatusBar.NetworkController( 1059): refreshViews: DATA_SUSPENDED : 0
D/STATUSBAR-NetworkController( 1059): refreshSignalCluster - setNWBoosterIndicators(false)
D/StatusBar.NetworkController( 1059): refreshSignalCluster: DATA_SUSPENDED : 
D/STATUSBAR-SignalClusterView( 1059): getDataSignalTypeIcon mMobileTypeId = 2130837944
D/STATUSBAR-SignalClusterView( 1059): setDataSignalIcon iconId = 2130838046
D/STATUSBAR-SignalClusterView( 1059): setDataSignalIcon mMobileRoamingId = stat_sys_rssi_data_2g
E/StatusBar.NetworkController( 1059): refreshSignalCluster: set mShowPhoneRSSIForData = true
D/STATUSBAR-IconMerger( 1059): checkOverflow(504), More:false, Req:false Child:2
D/STATUSBAR-NetworkController( 1059): onSignalStrengthsChanged signalStrength=SignalStrength: 19 255 13314 -160 -120 -1 -1 20 -100 -8 100 -1 2147483647 gsm|lte 0x0 level=3
E/StatusBar.NetworkController( 1059): updateTelephonySignalStrength: iconLevel = 4
E/StatusBar.NetworkController( 1059): updateTelephonySignalStrength: new psIconLevel = 3
D/StatusBar.NetworkController( 1059): refreshViews: DATA_SUSPENDED : 0
D/STATUSBAR-NetworkController( 1059): onSignalStrengthsChanged signalStrength=SignalStrength: 19 255 13314 -160 -120 -1 -1 20 -100 -8 100 -1 2147483647 gsm|lte 0x0 level=3
E/StatusBar.NetworkController( 1059): updateTelephonySignalStrength: iconLevel = 4
E/StatusBar.NetworkController( 1059): updateTelephonySignalStrength: new psIconLevel = 3
D/StatusBar.NetworkController( 1059): refreshViews: DATA_SUSPENDED : 0
D/StatusBar.NetworkController( 1059): refreshViews: DATA_SUSPENDED : 0
D/STATUSBAR-NetworkController( 1059): refreshSignalCluster - setNWBoosterIndicators(false)
D/StatusBar.NetworkController( 1059): refreshSignalCluster: DATA_SUSPENDED : 
D/STATUSBAR-SignalClusterView( 1059): getDataSignalTypeIcon mMobileTypeId = 2130837944
D/STATUSBAR-SignalClusterView( 1059): setDataSignalIcon iconId = 2130838046
D/STATUSBAR-SignalClusterView( 1059): setDataSignalIcon mMobileRoamingId = stat_sys_rssi_data_2g
E/StatusBar.NetworkController( 1059): refreshSignalCluster: set mShowPhoneRSSIForData = true
D/STATUSBAR-IconMerger( 1059): checkOverflow(504), More:false, Req:false Child:2
I/ActivityManager(  830): Process com.UCMobile:RemoteBackgroundProcess (pid 28917) (adj 9) has died.
D/STATUSBAR-NetworkController( 1059): onSignalStrengthsChanged signalStrength=SignalStrength: 19 255 13314 -160 -120 -1 -1 20 -100 -8 130 -1 2147483647 gsm|lte 0x0 level=3
E/StatusBar.NetworkController( 1059): updateTelephonySignalStrength: iconLevel = 4
E/StatusBar.NetworkController( 1059): updateTelephonySignalStrength: new psIconLevel = 3
D/StatusBar.NetworkController( 1059): refreshViews: DATA_SUSPENDED : 0
D/StatusBar.NetworkController( 1059): refreshViews: DATA_SUSPENDED : 0
D/STATUSBAR-NetworkController( 1059): refreshSignalCluster - setNWBoosterIndicators(false)
D/StatusBar.NetworkController( 1059): refreshSignalCluster: DATA_SUSPENDED : 
D/STATUSBAR-SignalClusterView( 1059): getDataSignalTypeIcon mMobileTypeId = 2130837944
D/STATUSBAR-SignalClusterView( 1059): setDataSignalIcon iconId = 2130838046
D/STATUSBAR-SignalClusterView( 1059): setDataSignalIcon mMobileRoamingId = stat_sys_rssi_data_2g
E/StatusBar.NetworkController( 1059): refreshSignalCluster: set mShowPhoneRSSIForData = true
D/STATUSBAR-IconMerger( 1059): checkOverflow(504), More:false, Req:false Child:2
D/STATUSBAR-NetworkController( 1059): onSignalStrengthsChanged signalStrength=SignalStrength: 19 255 13314 -160 -120 -1 -1 19 -101 -8 110 -1 2147483647 gsm|lte 0x0 level=3
E/StatusBar.NetworkController( 1059): updateTelephonySignalStrength: iconLevel = 4
E/StatusBar.NetworkController( 1059): updateTelephonySignalStrength: new psIconLevel = 3
D/StatusBar.NetworkController( 1059): refreshViews: DATA_SUSPENDED : 0
D/StatusBar.NetworkController( 1059): refreshViews: DATA_SUSPENDED : 0
D/STATUSBAR-NetworkController( 1059): refreshSignalCluster - setNWBoosterIndicators(false)
D/StatusBar.NetworkController( 1059): refreshSignalCluster: DATA_SUSPENDED : 
D/STATUSBAR-SignalClusterView( 1059): getDataSignalTypeIcon mMobileTypeId = 2130837944
D/STATUSBAR-SignalClusterView( 1059): setDataSignalIcon iconId = 2130838046
D/STATUSBAR-SignalClusterView( 1059): setDataSignalIcon mMobileRoamingId = stat_sys_rssi_data_2g
E/StatusBar.NetworkController( 1059): refreshSignalCluster: set mShowPhoneRSSIForData = true
D/STATUSBAR-IconMerger( 1059): checkOverflow(504), More:false, Req:false Child:2
I/ActivityManager(  830): Process com.UCMobile:RemoteBackgroundProcess (pid 28931) (adj 9) has died.
D/StatusBar.NetworkController( 1059): refreshViews: DATA_SUSPENDED : 0
D/STATUSBAR-NetworkController( 1059): refreshSignalCluster - setNWBoosterIndicators(false)
D/StatusBar.NetworkController( 1059): refreshSignalCluster: DATA_SUSPENDED : 
D/STATUSBAR-SignalClusterView( 1059): getDataSignalTypeIcon mMobileTypeId = 2130837944
D/STATUSBAR-SignalClusterView( 1059): setDataSignalIcon iconId = 2130838046
D/STATUSBAR-SignalClusterView( 1059): setDataSignalIcon mMobileRoamingId = stat_sys_rssi_data_2g
E/StatusBar.NetworkController( 1059): refreshSignalCluster: set mShowPhoneRSSIForData = true
D/STATUSBAR-IconMerger( 1059): checkOverflow(504), More:false, Req:false Child:2
D/StatusBar.NetworkController( 1059): refreshViews: DATA_SUSPENDED : 0
D/STATUSBAR-NetworkController( 1059): refreshSignalCluster - setNWBoosterIndicators(false)
D/StatusBar.NetworkController( 1059): refreshSignalCluster: DATA_SUSPENDED : 
D/STATUSBAR-SignalClusterView( 1059): getDataSignalTypeIcon mMobileTypeId = 2130837944
D/STATUSBAR-SignalClusterView( 1059): setDataSignalIcon iconId = 2130838046
D/STATUSBAR-SignalClusterView( 1059): setDataSignalIcon mMobileRoamingId = stat_sys_rssi_data_2g
E/StatusBar.NetworkController( 1059): refreshSignalCluster: set mShowPhoneRSSIForData = true
D/STATUSBAR-IconMerger( 1059): checkOverflow(504), More:false, Req:false Child:2
I/ActivityManager(  830): Process com.UCMobile:RemoteBackgroundProcess (pid 28946) (adj 9) has died.
I/ProcessStatsService(  830): Prepared write state in 38ms
D/StatusBar.NetworkController( 1059): refreshViews: DATA_SUSPENDED : 0
D/STATUSBAR-NetworkController( 1059): refreshSignalCluster - setNWBoosterIndicators(false)
D/StatusBar.NetworkController( 1059): refreshSignalCluster: DATA_SUSPENDED : 
D/STATUSBAR-SignalClusterView( 1059): getDataSignalTypeIcon mMobileTypeId = 2130837944
D/STATUSBAR-SignalClusterView( 1059): setDataSignalIcon iconId = 2130838046
D/STATUSBAR-SignalClusterView( 1059): setDataSignalIcon mMobileRoamingId = stat_sys_rssi_data_2g
E/StatusBar.NetworkController( 1059): refreshSignalCluster: set mShowPhoneRSSIForData = true
D/STATUSBAR-IconMerger( 1059): checkOverflow(504), More:false, Req:false Child:2
D/SSRMv2:SIOP(  830): SIOP:: AP = 300, PST = 310, Delta = -2
D/AmoledAdjustTimer(  830): prevTemp = 267, currTemp = 267, prevStep = 4, currStep = 4
D/STATUSBAR-NetworkController( 1059): onSignalStrengthsChanged signalStrength=SignalStrength: 18 255 13314 -160 -120 -1 -1 24 -99 -8 164 -1 2147483647 gsm|lte 0x0 level=3
E/StatusBar.NetworkController( 1059): updateTelephonySignalStrength: iconLevel = 4
E/StatusBar.NetworkController( 1059): updateTelephonySignalStrength: new psIconLevel = 3
D/StatusBar.NetworkController( 1059): refreshViews: DATA_SUSPENDED : 0
D/STATUSBAR-NetworkController( 1059): onSignalStrengthsChanged signalStrength=SignalStrength: 18 255 13314 -160 -120 -1 -1 24 -99 -8 164 -1 2147483647 gsm|lte 0x0 level=3
E/StatusBar.NetworkController( 1059): updateTelephonySignalStrength: iconLevel = 4
E/StatusBar.NetworkController( 1059): updateTelephonySignalStrength: new psIconLevel = 3
D/StatusBar.NetworkController( 1059): refreshViews: DATA_SUSPENDED : 0
D/StatusBar.NetworkController( 1059): refreshViews: DATA_SUSPENDED : 0
D/STATUSBAR-NetworkController( 1059): refreshSignalCluster - setNWBoosterIndicators(false)
D/StatusBar.NetworkController( 1059): refreshSignalCluster: DATA_SUSPENDED : 
D/STATUSBAR-SignalClusterView( 1059): getDataSignalTypeIcon mMobileTypeId = 2130837944
D/STATUSBAR-SignalClusterView( 1059): setDataSignalIcon iconId = 2130838046
D/STATUSBAR-SignalClusterView( 1059): setDataSignalIcon mMobileRoamingId = stat_sys_rssi_data_2g
E/StatusBar.NetworkController( 1059): refreshSignalCluster: set mShowPhoneRSSIForData = true
D/STATUSBAR-IconMerger( 1059): checkOverflow(504), More:false, Req:false Child:2
D/STATUSBAR-NetworkController( 1059): onSignalStrengthsChanged signalStrength=SignalStrength: 19 255 13314 -160 -120 -1 -1 24 -98 -8 144 -1 2147483647 gsm|lte 0x0 level=3
E/StatusBar.NetworkController( 1059): updateTelephonySignalStrength: iconLevel = 4
E/StatusBar.NetworkController( 1059): updateTelephonySignalStrength: new psIconLevel = 3
D/StatusBar.NetworkController( 1059): refreshViews: DATA_SUSPENDED : 0
D/STATUSBAR-NetworkController( 1059): onSignalStrengthsChanged signalStrength=SignalStrength: 19 255 13314 -160 -120 -1 -1 24 -98 -8 144 -1 2147483647 gsm|lte 0x0 level=3
E/StatusBar.NetworkController( 1059): updateTelephonySignalStrength: iconLevel = 4
E/StatusBar.NetworkController( 1059): updateTelephonySignalStrength: new psIconLevel = 3
D/StatusBar.NetworkController( 1059): refreshViews: DATA_SUSPENDED : 0
I/ActivityManager(  830): Process com.UCMobile:RemoteBackgroundProcess (pid 28960) (adj 9) has died.
D/StatusBar.NetworkController( 1059): refreshViews: DATA_SUSPENDED : 0
D/STATUSBAR-NetworkController( 1059): refreshSignalCluster - setNWBoosterIndicators(false)
D/StatusBar.NetworkController( 1059): refreshSignalCluster: DATA_SUSPENDED : 
D/STATUSBAR-SignalClusterView( 1059): getDataSignalTypeIcon mMobileTypeId = 2130837944
D/STATUSBAR-SignalClusterView( 1059): setDataSignalIcon iconId = 2130838046
D/STATUSBAR-SignalClusterView( 1059): setDataSignalIcon mMobileRoamingId = stat_sys_rssi_data_2g
E/StatusBar.NetworkController( 1059): refreshSignalCluster: set mShowPhoneRSSIForData = true
D/STATUSBAR-IconMerger( 1059): checkOverflow(504), More:false, Req:false Child:2
D/BatteryService(  830): level:88, scale:100, status:2, health:2, present:true, voltage: 4233, temperature: 268, technology: Li-ion, AC powered:false, USB powered:true, Wireless powered:false, icon:17303678, invalid charger:0, online:4, current avg:450, charge type:1, power sharing:false
D/BatteryService(  830): Sending ACTION_BATTERY_CHANGED.
D/UiModeManager(  830): mCoverManager.getCoverState() : true
D/STATUSBAR-PhoneStatusBar( 1059):  mBrightnessEnablebySettings = true mBrightnessEnablebyBattery = true mBrightnessEnablebyDisableFlag = true mPmsBrightnessEnablebySettings = true
D/STATUSBAR-IconMerger( 1059): checkOverflow(504), More:false, Req:false Child:2
D/BatteryMeterView( 1059): ACTION_BATTERY_CHANGED : level:88 status:2 health:2
D/STATUSBAR-NetworkController( 1059): onSignalStrengthsChanged signalStrength=SignalStrength: 19 255 13314 -160 -120 -1 -1 24 -98 -8 144 -1 2147483647 gsm|lte 0x0 level=3
E/StatusBar.NetworkController( 1059): updateTelephonySignalStrength: iconLevel = 4
E/StatusBar.NetworkController( 1059): updateTelephonySignalStrength: new psIconLevel = 3
D/StatusBar.NetworkController( 1059): refreshViews: DATA_SUSPENDED : 0
I/ActivityManager(  830): Process com.UCMobile:RemoteBackgroundProcess (pid 28976) (adj 9) has died.
D/StatusBar.NetworkController( 1059): refreshViews: DATA_SUSPENDED : 0
D/STATUSBAR-NetworkController( 1059): refreshSignalCluster - setNWBoosterIndicators(false)
D/StatusBar.NetworkController( 1059): refreshSignalCluster: DATA_SUSPENDED : 
D/STATUSBAR-SignalClusterView( 1059): getDataSignalTypeIcon mMobileTypeId = 2130837944
D/STATUSBAR-SignalClusterView( 1059): setDataSignalIcon iconId = 2130838046
D/STATUSBAR-SignalClusterView( 1059): setDataSignalIcon mMobileRoamingId = stat_sys_rssi_data_2g
E/StatusBar.NetworkController( 1059): refreshSignalCluster: set mShowPhoneRSSIForData = true
D/STATUSBAR-IconMerger( 1059): checkOverflow(504), More:false, Req:false Child:2
D/STATUSBAR-NetworkController( 1059): onSignalStrengthsChanged signalStrength=SignalStrength: 20 255 17410 -160 -120 -1 -1 24 -96 -8 164 -1 2147483647 gsm|lte 0x0 level=4
E/StatusBar.NetworkController( 1059): updateTelephonySignalStrength: iconLevel = 4
E/StatusBar.NetworkController( 1059): updateTelephonySignalStrength: new psIconLevel = 4
D/StatusBar.NetworkController( 1059): refreshViews: DATA_SUSPENDED : 0
D/STATUSBAR-NetworkController( 1059): refreshSignalCluster - setNWBoosterIndicators(false)
D/StatusBar.NetworkController( 1059): refreshSignalCluster: DATA_SUSPENDED : 
D/STATUSBAR-SignalClusterView( 1059): getDataSignalTypeIcon mMobileTypeId = 2130837944
D/STATUSBAR-SignalClusterView( 1059): setDataSignalIcon iconId = 2130838047
D/STATUSBAR-SignalClusterView( 1059): setDataSignalIcon mMobileRoamingId = stat_sys_rssi_data_2g
E/StatusBar.NetworkController( 1059): refreshSignalCluster: set mShowPhoneRSSIForData = true
D/STATUSBAR-IconMerger( 1059): checkOverflow(504), More:false, Req:false Child:2
D/STATUSBAR-NetworkController( 1059): onSignalStrengthsChanged signalStrength=SignalStrength: 20 255 17410 -160 -120 -1 -1 24 -96 -8 164 -1 2147483647 gsm|lte 0x0 level=4
E/StatusBar.NetworkController( 1059): updateTelephonySignalStrength: iconLevel = 4
E/StatusBar.NetworkController( 1059): updateTelephonySignalStrength: new psIconLevel = 4
D/StatusBar.NetworkController( 1059): refreshViews: DATA_SUSPENDED : 0
D/StatusBar.NetworkController( 1059): refreshViews: DATA_SUSPENDED : 0
D/STATUSBAR-NetworkController( 1059): refreshSignalCluster - setNWBoosterIndicators(false)
D/StatusBar.NetworkController( 1059): refreshSignalCluster: DATA_SUSPENDED : 
D/STATUSBAR-SignalClusterView( 1059): getDataSignalTypeIcon mMobileTypeId = 2130837944
D/STATUSBAR-SignalClusterView( 1059): setDataSignalIcon iconId = 2130838047
D/STATUSBAR-SignalClusterView( 1059): setDataSignalIcon mMobileRoamingId = stat_sys_rssi_data_2g
E/StatusBar.NetworkController( 1059): refreshSignalCluster: set mShowPhoneRSSIForData = true
D/STATUSBAR-IconMerger( 1059): checkOverflow(504), More:false, Req:false Child:2
I/ActivityManager(  830): Process com.UCMobile:RemoteBackgroundProcess (pid 28990) (adj 9) has died.
D/StatusBar.NetworkController( 1059): refreshViews: DATA_SUSPENDED : 0
D/STATUSBAR-NetworkController( 1059): refreshSignalCluster - setNWBoosterIndicators(false)
D/StatusBar.NetworkController( 1059): refreshSignalCluster: DATA_SUSPENDED : 
D/STATUSBAR-SignalClusterView( 1059): getDataSignalTypeIcon mMobileTypeId = 2130837944
D/STATUSBAR-SignalClusterView( 1059): setDataSignalIcon iconId = 2130838047
D/STATUSBAR-SignalClusterView( 1059): setDataSignalIcon mMobileRoamingId = stat_sys_rssi_data_2g
E/StatusBar.NetworkController( 1059): refreshSignalCluster: set mShowPhoneRSSIForData = true
D/STATUSBAR-IconMerger( 1059): checkOverflow(504), More:false, Req:false Child:2
D/StatusBar.NetworkController( 1059): refreshViews: DATA_SUSPENDED : 0
D/STATUSBAR-NetworkController( 1059): refreshSignalCluster - setNWBoosterIndicators(false)
D/StatusBar.NetworkController( 1059): refreshSignalCluster: DATA_SUSPENDED : 
D/STATUSBAR-SignalClusterView( 1059): getDataSignalTypeIcon mMobileTypeId = 2130837944
D/STATUSBAR-SignalClusterView( 1059): setDataSignalIcon iconId = 2130838047
D/STATUSBAR-SignalClusterView( 1059): setDataSignalIcon mMobileRoamingId = stat_sys_rssi_data_2g
E/StatusBar.NetworkController( 1059): refreshSignalCluster: set mShowPhoneRSSIForData = true
D/STATUSBAR-IconMerger( 1059): checkOverflow(504), More:false, Req:false Child:2
D/PowerManagerService(  830): [api] userActivityFromNative : 130 (event: 2 flags: 0)
D/StatusBar.NetworkController( 1059): refreshViews: DATA_SUSPENDED : 0
D/STATUSBAR-NetworkController( 1059): refreshSignalCluster - setNWBoosterIndicators(false)
D/StatusBar.NetworkController( 1059): refreshSignalCluster: DATA_SUSPENDED : 
D/STATUSBAR-SignalClusterView( 1059): getDataSignalTypeIcon mMobileTypeId = 2130837944
D/STATUSBAR-SignalClusterView( 1059): setDataSignalIcon iconId = 2130838047
D/STATUSBAR-SignalClusterView( 1059): setDataSignalIcon mMobileRoamingId = stat_sys_rssi_data_2g
E/StatusBar.NetworkController( 1059): refreshSignalCluster: set mShowPhoneRSSIForData = true
D/STATUSBAR-IconMerger( 1059): checkOverflow(504), More:false, Req:false Child:2
I/ActivityManager(  830): Process com.UCMobile:RemoteBackgroundProcess (pid 29013) (adj 9) has died.
D/StatusBar.NetworkController( 1059): refreshViews: DATA_SUSPENDED : 0
D/STATUSBAR-NetworkController( 1059): refreshSignalCluster - setNWBoosterIndicators(false)
D/StatusBar.NetworkController( 1059): refreshSignalCluster: DATA_SUSPENDED : 
D/STATUSBAR-SignalClusterView( 1059): getDataSignalTypeIcon mMobileTypeId = 2130837944
D/STATUSBAR-SignalClusterView( 1059): setDataSignalIcon iconId = 2130838047
D/STATUSBAR-SignalClusterView( 1059): setDataSignalIcon mMobileRoamingId = stat_sys_rssi_data_2g
E/StatusBar.NetworkController( 1059): refreshSignalCluster: set mShowPhoneRSSIForData = true
D/STATUSBAR-IconMerger( 1059): checkOverflow(504), More:false, Req:false Child:2
D/STATUSBAR-NetworkController( 1059): onSignalStrengthsChanged signalStrength=SignalStrength: 21 255 17410 -160 -120 -1 -1 25 -92 -8 182 -1 2147483647 gsm|lte 0x0 level=4
E/StatusBar.NetworkController( 1059): updateTelephonySignalStrength: iconLevel = 4
E/StatusBar.NetworkController( 1059): updateTelephonySignalStrength: new psIconLevel = 4
D/StatusBar.NetworkController( 1059): refreshViews: DATA_SUSPENDED : 0
D/SSRMv2:SIOP(  830): SIOP:: AP = 310, PST = 309, Delta = -1
D/AmoledAdjustTimer(  830): prevTemp = 267, currTemp = 268, prevStep = 4, currStep = 4
D/CustomFrequencyManagerService(  830): acquireDVFSLockLocked : type : DVFS_MIN_LIMIT  frequency : 1958400  uid : 1000  pid : 830  pkgName : ACTIVITY_RESUME_BOOSTER@6
W/ActivityManager(  830): mDVFSHelper.acquire()
V/SmartFaceService - 3rd party pause(  830): onReceive [android.intent.action.ACTIVITY_STATE/com.android.settings/pause]
V/SmartFaceService - 3rd party pause(  830): onReceive [android.intent.action.ACTIVITY_STATE/com.android.settings/create]
D/MotionRecognitionService(  830):  ssp status : true
W/ContextImpl(12668): Calling a method in the system process without a qualified user: android.app.ContextImpl.bindService:1920 android.content.ContextWrapper.bindService:529 com.android.settings.DeviceInfoSettings.doBindService:1261 com.android.settings.DeviceInfoSettings.onCreate:186 android.app.Fragment.performCreate:1678 
W/Revision(12668): File not found at: /data/security/sepolicy
D/StatusBar.NetworkController( 1059): refreshViews: DATA_SUSPENDED : 0
D/STATUSBAR-NetworkController( 1059): refreshSignalCluster - setNWBoosterIndicators(false)
D/StatusBar.NetworkController( 1059): refreshSignalCluster: DATA_SUSPENDED : 
D/STATUSBAR-SignalClusterView( 1059): getDataSignalTypeIcon mMobileTypeId = 2130837944
D/STATUSBAR-SignalClusterView( 1059): setDataSignalIcon iconId = 2130838047
D/STATUSBAR-SignalClusterView( 1059): setDataSignalIcon mMobileRoamingId = stat_sys_rssi_data_2g
E/StatusBar.NetworkController( 1059): refreshSignalCluster: set mShowPhoneRSSIForData = true
D/STATUSBAR-IconMerger( 1059): checkOverflow(504), More:false, Req:false Child:2
D/Revision(12668): verifySEAndroidPolicy is true !! 
D/StatusBarManagerService(  830): semi p:12668,o:t
D/StatusBarManagerService(  830): semi p:12668,o:t
D/STATUSBAR-StatusBarManagerService(  830): manageDisableList what=0x0 pkg=WindowManager.LayoutParams
W/ContextImpl(  830): Calling a method in the system process without a qualified user: android.app.ContextImpl.sendBroadcast:1491 com.android.server.InputMethodManagerService$4.run:2827 java.lang.Thread.run:841 <bottom of call stack> <bottom of call stack> 
I/ActivityManager(  830): Process com.UCMobile:RemoteBackgroundProcess (pid 29035) (adj 9) has died.
D/CustomFrequencyManagerService(  830): releaseDVFSLockLocked : Getting Lock type frm List : DVFS_MIN_LIMIT  frequency : 1958400  uid : 1000  pid : 830  tag : ACTIVITY_RESUME_BOOSTER@6
W/ActivityManager(  830): mDVFSHelper.release()
D/CustomFrequencyManagerService(  830): acquireDVFSLockLocked : type : DVFS_MIN_LIMIT  frequency : 1958400  uid : 1000  pid : 830  pkgName : ACTIVITY_RESUME_BOOSTER@9
D/CustomFrequencyManagerService(  830): releaseDVFSLockLocked : Getting Lock type frm List : DVFS_MIN_LIMIT  frequency : 1958400  uid : 1000  pid : 830  tag : ACTIVITY_RESUME_BOOSTER@9
D/CustomFrequencyManagerService(  830): acquireDVFSLockLocked : type : DVFS_MIN_LIMIT  frequency : 1267200  uid : 1000  pid : 12668  pkgName : LIST_SCROLL_BOOSTER@69
D/STATUSBAR-NetworkController( 1059): onSignalStrengthsChanged signalStrength=SignalStrength: 22 255 17410 -160 -120 -1 -1 25 -91 -8 172 -1 2147483647 gsm|lte 0x0 level=4
E/StatusBar.NetworkController( 1059): updateTelephonySignalStrength: iconLevel = 4
E/StatusBar.NetworkController( 1059): updateTelephonySignalStrength: new psIconLevel = 4
D/StatusBar.NetworkController( 1059): refreshViews: DATA_SUSPENDED : 0
D/STATUSBAR-NetworkController( 1059): onSignalStrengthsChanged signalStrength=SignalStrength: 22 255 17410 -160 -120 -1 -1 25 -91 -8 172 -1 2147483647 gsm|lte 0x0 level=4
E/StatusBar.NetworkController( 1059): updateTelephonySignalStrength: iconLevel = 4
E/StatusBar.NetworkController( 1059): updateTelephonySignalStrength: new psIconLevel = 4
D/StatusBar.NetworkController( 1059): refreshViews: DATA_SUSPENDED : 0
D/StatusBar.NetworkController( 1059): refreshViews: DATA_SUSPENDED : 0
D/STATUSBAR-NetworkController( 1059): refreshSignalCluster - setNWBoosterIndicators(false)
D/StatusBar.NetworkController( 1059): refreshSignalCluster: DATA_SUSPENDED : 
D/STATUSBAR-SignalClusterView( 1059): getDataSignalTypeIcon mMobileTypeId = 2130837944
D/STATUSBAR-SignalClusterView( 1059): setDataSignalIcon iconId = 2130838047
D/STATUSBAR-SignalClusterView( 1059): setDataSignalIcon mMobileRoamingId = stat_sys_rssi_data_2g
E/StatusBar.NetworkController( 1059): refreshSignalCluster: set mShowPhoneRSSIForData = true
D/STATUSBAR-IconMerger( 1059): checkOverflow(504), More:false, Req:false Child:2
D/CustomFrequencyManagerService(  830): releaseDVFSLockLocked : Getting Lock type frm List : DVFS_MIN_LIMIT  frequency : 1267200  uid : 1000  pid : 12668  tag : LIST_SCROLL_BOOSTER@69
D/StatusBar.NetworkController( 1059): refreshViews: DATA_SUSPENDED : 0
D/STATUSBAR-NetworkController( 1059): refreshSignalCluster - setNWBoosterIndicators(false)
D/StatusBar.NetworkController( 1059): refreshSignalCluster: DATA_SUSPENDED : 
D/STATUSBAR-SignalClusterView( 1059): getDataSignalTypeIcon mMobileTypeId = 2130837944
D/STATUSBAR-SignalClusterView( 1059): setDataSignalIcon iconId = 2130838047
D/STATUSBAR-SignalClusterView( 1059): setDataSignalIcon mMobileRoamingId = stat_sys_rssi_data_2g
E/StatusBar.NetworkController( 1059): refreshSignalCluster: set mShowPhoneRSSIForData = true
D/STATUSBAR-IconMerger( 1059): checkOverflow(504), More:false, Req:false Child:2
D/BatteryService(  830): level:88, scale:100, status:2, health:2, present:true, voltage: 4230, temperature: 268, technology: Li-ion, AC powered:false, USB powered:true, Wireless powered:false, icon:17303678, invalid charger:0, online:4, current avg:450, charge type:1, power sharing:false
D/BatteryService(  830): Sending ACTION_BATTERY_CHANGED.
D/UiModeManager(  830): mCoverManager.getCoverState() : true
D/STATUSBAR-PhoneStatusBar( 1059):  mBrightnessEnablebySettings = true mBrightnessEnablebyBattery = true mBrightnessEnablebyDisableFlag = true mPmsBrightnessEnablebySettings = true
D/BatteryMeterView( 1059): ACTION_BATTERY_CHANGED : level:88 status:2 health:2
D/STATUSBAR-IconMerger( 1059): checkOverflow(504), More:false, Req:false Child:2
I/ActivityManager(  830): Process com.UCMobile:RemoteBackgroundProcess (pid 29084) (adj 9) has died.
D/StatusBar.NetworkController( 1059): refreshViews: DATA_SUSPENDED : 0
D/STATUSBAR-NetworkController( 1059): refreshSignalCluster - setNWBoosterIndicators(false)
D/StatusBar.NetworkController( 1059): refreshSignalCluster: DATA_SUSPENDED : 
D/STATUSBAR-SignalClusterView( 1059): getDataSignalTypeIcon mMobileTypeId = 2130837944
D/STATUSBAR-SignalClusterView( 1059): setDataSignalIcon iconId = 2130838047
D/STATUSBAR-SignalClusterView( 1059): setDataSignalIcon mMobileRoamingId = stat_sys_rssi_data_2g
E/StatusBar.NetworkController( 1059): refreshSignalCluster: set mShowPhoneRSSIForData = true
D/STATUSBAR-IconMerger( 1059): checkOverflow(504), More:false, Req:false Child:2
D/StatusBar.NetworkController( 1059): refreshViews: DATA_SUSPENDED : 0
D/STATUSBAR-NetworkController( 1059): refreshSignalCluster - setNWBoosterIndicators(false)
D/StatusBar.NetworkController( 1059): refreshSignalCluster: DATA_SUSPENDED : 
D/STATUSBAR-SignalClusterView( 1059): getDataSignalTypeIcon mMobileTypeId = 2130837944
D/STATUSBAR-SignalClusterView( 1059): setDataSignalIcon iconId = 2130838047
D/STATUSBAR-SignalClusterView( 1059): setDataSignalIcon mMobileRoamingId = stat_sys_rssi_data_2g
E/StatusBar.NetworkController( 1059): refreshSignalCluster: set mShowPhoneRSSIForData = true
D/STATUSBAR-IconMerger( 1059): checkOverflow(504), More:false, Req:false Child:2
D/STATUSBAR-NetworkController( 1059): onSignalStrengthsChanged signalStrength=SignalStrength: 22 255 17410 -160 -120 -1 -1 24 -91 -8 154 -1 2147483647 gsm|lte 0x0 level=4
E/StatusBar.NetworkController( 1059): updateTelephonySignalStrength: iconLevel = 4
E/StatusBar.NetworkController( 1059): updateTelephonySignalStrength: new psIconLevel = 4
D/StatusBar.NetworkController( 1059): refreshViews: DATA_SUSPENDED : 0
I/ActivityManager(  830): Process com.UCMobile:RemoteBackgroundProcess (pid 29098) (adj 9) has died.
D/StatusBar.NetworkController( 1059): refreshViews: DATA_SUSPENDED : 0
D/STATUSBAR-NetworkController( 1059): refreshSignalCluster - setNWBoosterIndicators(false)
D/StatusBar.NetworkController( 1059): refreshSignalCluster: DATA_SUSPENDED : 
D/STATUSBAR-SignalClusterView( 1059): getDataSignalTypeIcon mMobileTypeId = 2130837944
D/STATUSBAR-SignalClusterView( 1059): setDataSignalIcon iconId = 2130838047
D/STATUSBAR-SignalClusterView( 1059): setDataSignalIcon mMobileRoamingId = stat_sys_rssi_data_2g
E/StatusBar.NetworkController( 1059): refreshSignalCluster: set mShowPhoneRSSIForData = true
D/STATUSBAR-IconMerger( 1059): checkOverflow(504), More:false, Req:false Child:2
D/StatusBar.NetworkController( 1059): refreshViews: DATA_SUSPENDED : 0
D/STATUSBAR-NetworkController( 1059): refreshSignalCluster - setNWBoosterIndicators(false)
D/StatusBar.NetworkController( 1059): refreshSignalCluster: DATA_SUSPENDED : 
D/STATUSBAR-SignalClusterView( 1059): getDataSignalTypeIcon mMobileTypeId = 2130837944
D/STATUSBAR-SignalClusterView( 1059): setDataSignalIcon iconId = 2130838047
D/STATUSBAR-SignalClusterView( 1059): setDataSignalIcon mMobileRoamingId = stat_sys_rssi_data_2g
E/StatusBar.NetworkController( 1059): refreshSignalCluster: set mShowPhoneRSSIForData = true
D/STATUSBAR-IconMerger( 1059): checkOverflow(504), More:false, Req:false Child:2
D/STATUSBAR-NetworkController( 1059): onSignalStrengthsChanged signalStrength=SignalStrength: 22 255 17410 -160 -120 -1 -1 24 -91 -8 138 -1 2147483647 gsm|lte 0x0 level=4
E/StatusBar.NetworkController( 1059): updateTelephonySignalStrength: iconLevel = 4
E/StatusBar.NetworkController( 1059): updateTelephonySignalStrength: new psIconLevel = 4
D/StatusBar.NetworkController( 1059): refreshViews: DATA_SUSPENDED : 0
I/ActivityManager(  830): Process com.UCMobile:RemoteBackgroundProcess (pid 29121) (adj 9) has died.
D/StatusBar.NetworkController( 1059): refreshViews: DATA_SUSPENDED : 0
D/STATUSBAR-NetworkController( 1059): refreshSignalCluster - setNWBoosterIndicators(false)
D/StatusBar.NetworkController( 1059): refreshSignalCluster: DATA_SUSPENDED : 
D/STATUSBAR-SignalClusterView( 1059): getDataSignalTypeIcon mMobileTypeId = 2130837944
D/STATUSBAR-SignalClusterView( 1059): setDataSignalIcon iconId = 2130838047
D/STATUSBAR-SignalClusterView( 1059): setDataSignalIcon mMobileRoamingId = stat_sys_rssi_data_2g
E/StatusBar.NetworkController( 1059): refreshSignalCluster: set mShowPhoneRSSIForData = true
D/STATUSBAR-IconMerger( 1059): checkOverflow(504), More:false, Req:false Child:2
D/StatusBar.NetworkController( 1059): refreshViews: DATA_SUSPENDED : 0
D/STATUSBAR-NetworkController( 1059): refreshSignalCluster - setNWBoosterIndicators(false)
D/StatusBar.NetworkController( 1059): refreshSignalCluster: DATA_SUSPENDED : 
D/STATUSBAR-SignalClusterView( 1059): getDataSignalTypeIcon mMobileTypeId = 2130837944
D/STATUSBAR-SignalClusterView( 1059): setDataSignalIcon iconId = 2130838047
D/STATUSBAR-SignalClusterView( 1059): setDataSignalIcon mMobileRoamingId = stat_sys_rssi_data_2g
E/StatusBar.NetworkController( 1059): refreshSignalCluster: set mShowPhoneRSSIForData = true
D/STATUSBAR-IconMerger( 1059): checkOverflow(504), More:false, Req:false Child:2
I/ActivityManager(  830): Process com.UCMobile:RemoteBackgroundProcess (pid 29135) (adj 9) has died.
D/SSRMv2:SIOP(  830): SIOP:: AP = 310, PST = 309, Delta = 0
D/AmoledAdjustTimer(  830): prevTemp = 268, currTemp = 268, prevStep = 4, currStep = 4
E/Watchdog(  830): !@Sync 301
D/STATUSBAR-NetworkController( 1059): onSignalStrengthsChanged signalStrength=SignalStrength: 21 255 17410 -160 -120 -1 -1 24 -92 -8 148 -1 2147483647 gsm|lte 0x0 level=4
E/StatusBar.NetworkController( 1059): updateTelephonySignalStrength: iconLevel = 4
E/StatusBar.NetworkController( 1059): updateTelephonySignalStrength: new psIconLevel = 4
D/StatusBar.NetworkController( 1059): refreshViews: DATA_SUSPENDED : 0
D/StatusBar.NetworkController( 1059): refreshViews: DATA_SUSPENDED : 0
D/STATUSBAR-NetworkController( 1059): refreshSignalCluster - setNWBoosterIndicators(false)
D/StatusBar.NetworkController( 1059): refreshSignalCluster: DATA_SUSPENDED : 
D/STATUSBAR-SignalClusterView( 1059): getDataSignalTypeIcon mMobileTypeId = 2130837944
D/STATUSBAR-SignalClusterView( 1059): setDataSignalIcon iconId = 2130838047
D/STATUSBAR-SignalClusterView( 1059): setDataSignalIcon mMobileRoamingId = stat_sys_rssi_data_2g
E/StatusBar.NetworkController( 1059): refreshSignalCluster: set mShowPhoneRSSIForData = true
D/STATUSBAR-IconMerger( 1059): checkOverflow(504), More:false, Req:false Child:2
I/ActivityManager(  830): Process com.UCMobile:RemoteBackgroundProcess (pid 29149) (adj 9) has died.
D/StatusBar.NetworkController( 1059): refreshViews: DATA_SUSPENDED : 0
D/STATUSBAR-NetworkController( 1059): refreshSignalCluster - setNWBoosterIndicators(false)
D/StatusBar.NetworkController( 1059): refreshSignalCluster: DATA_SUSPENDED : 
D/STATUSBAR-SignalClusterView( 1059): getDataSignalTypeIcon mMobileTypeId = 2130837944
D/STATUSBAR-SignalClusterView( 1059): setDataSignalIcon iconId = 2130838047
D/STATUSBAR-SignalClusterView( 1059): setDataSignalIcon mMobileRoamingId = stat_sys_rssi_data_2g
E/StatusBar.NetworkController( 1059): refreshSignalCluster: set mShowPhoneRSSIForData = true
D/STATUSBAR-IconMerger( 1059): checkOverflow(504), More:false, Req:false Child:2
D/BatteryService(  830): level:88, scale:100, status:2, health:2, present:true, voltage: 4245, temperature: 268, technology: Li-ion, AC powered:false, USB powered:true, Wireless powered:false, icon:17303678, invalid charger:0, online:4, current avg:450, charge type:1, power sharing:false
D/BatteryService(  830): Sending ACTION_BATTERY_CHANGED.
D/UiModeManager(  830): mCoverManager.getCoverState() : true
D/STATUSBAR-PhoneStatusBar( 1059):  mBrightnessEnablebySettings = true mBrightnessEnablebyBattery = true mBrightnessEnablebyDisableFlag = true mPmsBrightnessEnablebySettings = true
D/BatteryMeterView( 1059): ACTION_BATTERY_CHANGED : level:88 status:2 health:2
D/STATUSBAR-IconMerger( 1059): checkOverflow(504), More:false, Req:false Child:2
D/STATUSBAR-NetworkController( 1059): onSignalStrengthsChanged signalStrength=SignalStrength: 21 255 17410 -160 -120 -1 -1 24 -93 -8 160 -1 2147483647 gsm|lte 0x0 level=4
E/StatusBar.NetworkController( 1059): updateTelephonySignalStrength: iconLevel = 4
E/StatusBar.NetworkController( 1059): updateTelephonySignalStrength: new psIconLevel = 4
D/StatusBar.NetworkController( 1059): refreshViews: DATA_SUSPENDED : 0
I/ActivityManager(  830): Process com.UCMobile:RemoteBackgroundProcess (pid 29164) (adj 9) has died.
D/StatusBar.NetworkController( 1059): refreshViews: DATA_SUSPENDED : 0
D/STATUSBAR-NetworkController( 1059): refreshSignalCluster - setNWBoosterIndicators(false)
D/StatusBar.NetworkController( 1059): refreshSignalCluster: DATA_SUSPENDED : 
D/STATUSBAR-SignalClusterView( 1059): getDataSignalTypeIcon mMobileTypeId = 2130837944
D/STATUSBAR-SignalClusterView( 1059): setDataSignalIcon iconId = 2130838047
D/STATUSBAR-SignalClusterView( 1059): setDataSignalIcon mMobileRoamingId = stat_sys_rssi_data_2g
E/StatusBar.NetworkController( 1059): refreshSignalCluster: set mShowPhoneRSSIForData = true
D/STATUSBAR-IconMerger( 1059): checkOverflow(504), More:false, Req:false Child:2
D/StatusBar.NetworkController( 1059): refreshViews: DATA_SUSPENDED : 0
D/STATUSBAR-NetworkController( 1059): refreshSignalCluster - setNWBoosterIndicators(false)
D/StatusBar.NetworkController( 1059): refreshSignalCluster: DATA_SUSPENDED : 
D/STATUSBAR-SignalClusterView( 1059): getDataSignalTypeIcon mMobileTypeId = 2130837944
D/STATUSBAR-SignalClusterView( 1059): setDataSignalIcon iconId = 2130838047
D/STATUSBAR-SignalClusterView( 1059): setDataSignalIcon mMobileRoamingId = stat_sys_rssi_data_2g
E/StatusBar.NetworkController( 1059): refreshSignalCluster: set mShowPhoneRSSIForData = true
D/STATUSBAR-IconMerger( 1059): checkOverflow(504), More:false, Req:false Child:2
I/ActivityManager(  830): Process com.UCMobile:RemoteBackgroundProcess (pid 29178) (adj 9) has died.
D/StatusBar.NetworkController( 1059): refreshViews: DATA_SUSPENDED : 0
D/STATUSBAR-NetworkController( 1059): refreshSignalCluster - setNWBoosterIndicators(false)
D/StatusBar.NetworkController( 1059): refreshSignalCluster: DATA_SUSPENDED : 
D/STATUSBAR-SignalClusterView( 1059): getDataSignalTypeIcon mMobileTypeId = 2130837944
D/STATUSBAR-SignalClusterView( 1059): setDataSignalIcon iconId = 2130838047
D/STATUSBAR-SignalClusterView( 1059): setDataSignalIcon mMobileRoamingId = stat_sys_rssi_data_2g
E/StatusBar.NetworkController( 1059): refreshSignalCluster: set mShowPhoneRSSIForData = true
D/STATUSBAR-IconMerger( 1059): checkOverflow(504), More:false, Req:false Child:2
D/STATUSBAR-NetworkController( 1059): onSignalStrengthsChanged signalStrength=SignalStrength: 22 255 17410 -160 -120 -1 -1 25 -93 -8 174 -1 2147483647 gsm|lte 0x0 level=4
E/StatusBar.NetworkController( 1059): updateTelephonySignalStrength: iconLevel = 4
E/StatusBar.NetworkController( 1059): updateTelephonySignalStrength: new psIconLevel = 4
D/StatusBar.NetworkController( 1059): refreshViews: DATA_SUSPENDED : 0
D/STATUSBAR-NetworkController( 1059): onSignalStrengthsChanged signalStrength=SignalStrength: 22 255 17410 -160 -120 -1 -1 25 -93 -8 174 -1 2147483647 gsm|lte 0x0 level=4
E/StatusBar.NetworkController( 1059): updateTelephonySignalStrength: iconLevel = 4
E/StatusBar.NetworkController( 1059): updateTelephonySignalStrength: new psIconLevel = 4
D/StatusBar.NetworkController( 1059): refreshViews: DATA_SUSPENDED : 0
V/SmartFaceService - 3rd party pause(  830): onReceive [android.intent.action.ACTIVITY_STATE/com.android.settings/pause]
D/CustomFrequencyManagerService(  830): acquireDVFSLockLocked : type : DVFS_MIN_LIMIT  frequency : 1958400  uid : 1000  pid : 830  pkgName : ACTIVITY_RESUME_BOOSTER@6
W/ActivityManager(  830): mDVFSHelper.acquire()
V/SmartFaceService - 3rd party pause(  830): onReceive [android.intent.action.ACTIVITY_STATE/com.android.settings/resume]
D/StatusBarManagerService(  830): semi p:12668,o:t
D/STATUSBAR-StatusBarManagerService(  830): manageDisableList what=0x0 pkg=WindowManager.LayoutParams
I/ConnectivityService(  830): defaultVal : 1, tetherEnabledInSettings : true
E/ActivityThread(12668): Failed to find provider info for com.vlingo.client.vlingoconfigprovider
W/ContextImpl(  830): Calling a method in the system process without a qualified user: android.app.ContextImpl.sendBroadcast:1491 com.android.server.InputMethodManagerService$4.run:2827 java.lang.Thread.run:841 <bottom of call stack> <bottom of call stack> 
D/StatusBar.NetworkController( 1059): refreshViews: DATA_SUSPENDED : 0
D/STATUSBAR-NetworkController( 1059): refreshSignalCluster - setNWBoosterIndicators(false)
D/StatusBar.NetworkController( 1059): refreshSignalCluster: DATA_SUSPENDED : 
D/STATUSBAR-SignalClusterView( 1059): getDataSignalTypeIcon mMobileTypeId = 2130837944
D/STATUSBAR-SignalClusterView( 1059): setDataSignalIcon iconId = 2130838047
D/STATUSBAR-SignalClusterView( 1059): setDataSignalIcon mMobileRoamingId = stat_sys_rssi_data_2g
E/StatusBar.NetworkController( 1059): refreshSignalCluster: set mShowPhoneRSSIForData = true
D/STATUSBAR-IconMerger( 1059): checkOverflow(504), More:false, Req:false Child:2
D/CustomFrequencyManagerService(  830): releaseDVFSLockLocked : Getting Lock type frm List : DVFS_MIN_LIMIT  frequency : 1958400  uid : 1000  pid : 830  tag : ACTIVITY_RESUME_BOOSTER@6
W/ActivityManager(  830): mDVFSHelper.release()
D/CustomFrequencyManagerService(  830): acquireDVFSLockLocked : type : DVFS_MIN_LIMIT  frequency : 1958400  uid : 1000  pid : 830  pkgName : ACTIVITY_RESUME_BOOSTER@9
V/AlarmManager(  830): waitForAlarm result :8
V/AlarmManager(  830): ClockReceiver onReceive() ACTION_TIME_TICK
D/STATUSBAR-IconMerger( 1059): checkOverflow(504), More:false, Req:false Child:2
D/CustomFrequencyManagerService(  830): releaseDVFSLockLocked : Getting Lock type frm List : DVFS_MIN_LIMIT  frequency : 1958400  uid : 1000  pid : 830  tag : ACTIVITY_RESUME_BOOSTER@9
I/ActivityManager(  830): Process com.UCMobile:RemoteBackgroundProcess (pid 29193) (adj 9) has died.
D/StatusBar.NetworkController( 1059): refreshViews: DATA_SUSPENDED : 0
D/STATUSBAR-NetworkController( 1059): refreshSignalCluster - setNWBoosterIndicators(false)
D/StatusBar.NetworkController( 1059): refreshSignalCluster: DATA_SUSPENDED : 
D/STATUSBAR-SignalClusterView( 1059): getDataSignalTypeIcon mMobileTypeId = 2130837944
D/STATUSBAR-SignalClusterView( 1059): setDataSignalIcon iconId = 2130838047
D/STATUSBAR-SignalClusterView( 1059): setDataSignalIcon mMobileRoamingId = stat_sys_rssi_data_2g
E/StatusBar.NetworkController( 1059): refreshSignalCluster: set mShowPhoneRSSIForData = true
D/STATUSBAR-IconMerger( 1059): checkOverflow(504), More:false, Req:false Child:2
D/STATUSBAR-StatusBarManagerService(  830): manageDisableList what=0x0 pkg=WindowManager.LayoutParams
D/SSRMv2:SIOP(  830): SIOP:: AP = 310, PST = 309, Delta = 0
D/AmoledAdjustTimer(  830): prevTemp = 268, currTemp = 268, prevStep = 4, currStep = 4
D/StatusBar.NetworkController( 1059): refreshViews: DATA_SUSPENDED : 0
D/STATUSBAR-NetworkController( 1059): refreshSignalCluster - setNWBoosterIndicators(false)
D/StatusBar.NetworkController( 1059): refreshSignalCluster: DATA_SUSPENDED : 
D/STATUSBAR-SignalClusterView( 1059): getDataSignalTypeIcon mMobileTypeId = 2130837944
D/STATUSBAR-SignalClusterView( 1059): setDataSignalIcon iconId = 2130838047
D/STATUSBAR-SignalClusterView( 1059): setDataSignalIcon mMobileRoamingId = stat_sys_rssi_data_2g
E/StatusBar.NetworkController( 1059): refreshSignalCluster: set mShowPhoneRSSIForData = true
D/STATUSBAR-IconMerger( 1059): checkOverflow(504), More:false, Req:false Child:2
D/STATUSBAR-NetworkController( 1059): onSignalStrengthsChanged signalStrength=SignalStrength: 22 255 17410 -160 -120 -1 -1 23 -93 -8 160 -1 2147483647 gsm|lte 0x0 level=4
E/StatusBar.NetworkController( 1059): updateTelephonySignalStrength: iconLevel = 4
E/StatusBar.NetworkController( 1059): updateTelephonySignalStrength: new psIconLevel = 4
D/StatusBar.NetworkController( 1059): refreshViews: DATA_SUSPENDED : 0
D/StatusBar.NetworkController( 1059): refreshViews: DATA_SUSPENDED : 0
D/STATUSBAR-NetworkController( 1059): refreshSignalCluster - setNWBoosterIndicators(false)
D/StatusBar.NetworkController( 1059): refreshSignalCluster: DATA_SUSPENDED : 
D/STATUSBAR-SignalClusterView( 1059): getDataSignalTypeIcon mMobileTypeId = 2130837944
D/STATUSBAR-SignalClusterView( 1059): setDataSignalIcon iconId = 2130838047
D/STATUSBAR-SignalClusterView( 1059): setDataSignalIcon mMobileRoamingId = stat_sys_rssi_data_2g
E/StatusBar.NetworkController( 1059): refreshSignalCluster: set mShowPhoneRSSIForData = true
D/STATUSBAR-IconMerger( 1059): checkOverflow(504), More:false, Req:false Child:2
I/ActivityManager(  830): Process com.UCMobile:RemoteBackgroundProcess (pid 29237) (adj 9) has died.
D/StatusBar.NetworkController( 1059): refreshViews: DATA_SUSPENDED : 0
D/STATUSBAR-NetworkController( 1059): refreshSignalCluster - setNWBoosterIndicators(false)
D/StatusBar.NetworkController( 1059): refreshSignalCluster: DATA_SUSPENDED : 
D/STATUSBAR-SignalClusterView( 1059): getDataSignalTypeIcon mMobileTypeId = 2130837944
D/STATUSBAR-SignalClusterView( 1059): setDataSignalIcon iconId = 2130838047
D/STATUSBAR-SignalClusterView( 1059): setDataSignalIcon mMobileRoamingId = stat_sys_rssi_data_2g
E/StatusBar.NetworkController( 1059): refreshSignalCluster: set mShowPhoneRSSIForData = true
D/STATUSBAR-IconMerger( 1059): checkOverflow(504), More:false, Req:false Child:2
D/BatteryService(  830): level:88, scale:100, status:2, health:2, present:true, voltage: 4241, temperature: 268, technology: Li-ion, AC powered:false, USB powered:true, Wireless powered:false, icon:17303678, invalid charger:0, online:4, current avg:450, charge type:1, power sharing:false
D/BatteryService(  830): Sending ACTION_BATTERY_CHANGED.
D/UiModeManager(  830): mCoverManager.getCoverState() : true
D/STATUSBAR-PhoneStatusBar( 1059):  mBrightnessEnablebySettings = true mBrightnessEnablebyBattery = true mBrightnessEnablebyDisableFlag = true mPmsBrightnessEnablebySettings = true
D/STATUSBAR-IconMerger( 1059): checkOverflow(504), More:false, Req:false Child:2
D/BatteryMeterView( 1059): ACTION_BATTERY_CHANGED : level:88 status:2 health:2
D/StatusBar.NetworkController( 1059): refreshViews: DATA_SUSPENDED : 0
D/STATUSBAR-NetworkController( 1059): refreshSignalCluster - setNWBoosterIndicators(false)
D/StatusBar.NetworkController( 1059): refreshSignalCluster: DATA_SUSPENDED : 
D/STATUSBAR-SignalClusterView( 1059): getDataSignalTypeIcon mMobileTypeId = 2130837944
D/STATUSBAR-SignalClusterView( 1059): setDataSignalIcon iconId = 2130838047
D/STATUSBAR-SignalClusterView( 1059): setDataSignalIcon mMobileRoamingId = stat_sys_rssi_data_2g
E/StatusBar.NetworkController( 1059): refreshSignalCluster: set mShowPhoneRSSIForData = true
D/STATUSBAR-IconMerger( 1059): checkOverflow(504), More:false, Req:false Child:2
I/ActivityManager(  830): Process com.UCMobile:RemoteBackgroundProcess (pid 29268) (adj 9) has died.
D/StatusBar.NetworkController( 1059): refreshViews: DATA_SUSPENDED : 0
D/STATUSBAR-NetworkController( 1059): refreshSignalCluster - setNWBoosterIndicators(false)
D/StatusBar.NetworkController( 1059): refreshSignalCluster: DATA_SUSPENDED : 
D/STATUSBAR-SignalClusterView( 1059): getDataSignalTypeIcon mMobileTypeId = 2130837944
D/STATUSBAR-SignalClusterView( 1059): setDataSignalIcon iconId = 2130838047
D/STATUSBAR-SignalClusterView( 1059): setDataSignalIcon mMobileRoamingId = stat_sys_rssi_data_2g
E/StatusBar.NetworkController( 1059): refreshSignalCluster: set mShowPhoneRSSIForData = true
D/STATUSBAR-IconMerger( 1059): checkOverflow(504), More:false, Req:false Child:2
I/ActivityManager(  830): Process com.UCMobile:RemoteBackgroundProcess (pid 29282) (adj 9) has died.
D/StatusBar.NetworkController( 1059): refreshViews: DATA_SUSPENDED : 0
D/STATUSBAR-NetworkController( 1059): refreshSignalCluster - setNWBoosterIndicators(false)
D/StatusBar.NetworkController( 1059): refreshSignalCluster: DATA_SUSPENDED : 
D/STATUSBAR-SignalClusterView( 1059): getDataSignalTypeIcon mMobileTypeId = 2130837944
D/STATUSBAR-SignalClusterView( 1059): setDataSignalIcon iconId = 2130838047
D/STATUSBAR-SignalClusterView( 1059): setDataSignalIcon mMobileRoamingId = stat_sys_rssi_data_2g
E/StatusBar.NetworkController( 1059): refreshSignalCluster: set mShowPhoneRSSIForData = true
D/STATUSBAR-IconMerger( 1059): checkOverflow(504), More:false, Req:false Child:2
D/StatusBar.NetworkController( 1059): refreshViews: DATA_SUSPENDED : 0
D/STATUSBAR-NetworkController( 1059): refreshSignalCluster - setNWBoosterIndicators(false)
D/StatusBar.NetworkController( 1059): refreshSignalCluster: DATA_SUSPENDED : 
D/STATUSBAR-SignalClusterView( 1059): getDataSignalTypeIcon mMobileTypeId = 2130837944
