D/STATUSBAR-SignalClusterView( 1059): setDataSignalIcon iconId = 2130838047
D/STATUSBAR-SignalClusterView( 1059): setDataSignalIcon mMobileRoamingId = stat_sys_rssi_data_2g
E/StatusBar.NetworkController( 1059): refreshSignalCluster: set mShowPhoneRSSIForData = true
D/STATUSBAR-IconMerger( 1059): checkOverflow(504), More:false, Req:false Child:2
D/StatusBar.NetworkController( 1059): refreshViews: DATA_SUSPENDED : 0
D/STATUSBAR-NetworkController( 1059): refreshSignalCluster - setNWBoosterIndicators(false)
D/StatusBar.NetworkController( 1059): refreshSignalCluster: DATA_SUSPENDED : 
D/STATUSBAR-SignalClusterView( 1059): getDataSignalTypeIcon mMobileTypeId = 2130837944
D/STATUSBAR-SignalClusterView( 1059): setDataSignalIcon iconId = 2130838047
D/STATUSBAR-SignalClusterView( 1059): setDataSignalIcon mMobileRoamingId = stat_sys_rssi_data_2g
E/StatusBar.NetworkController( 1059): refreshSignalCluster: set mShowPhoneRSSIForData = true
D/STATUSBAR-IconMerger( 1059): checkOverflow(504), More:false, Req:false Child:2
I/ActivityManager(  830): Process com.UCMobile:RemoteBackgroundProcess (pid 29297) (adj 9) has died.
D/StatusBar.NetworkController( 1059): refreshViews: DATA_SUSPENDED : 0
D/STATUSBAR-NetworkController( 1059): refreshSignalCluster - setNWBoosterIndicators(false)
D/StatusBar.NetworkController( 1059): refreshSignalCluster: DATA_SUSPENDED : 
D/STATUSBAR-SignalClusterView( 1059): getDataSignalTypeIcon mMobileTypeId = 2130837944
D/STATUSBAR-SignalClusterView( 1059): setDataSignalIcon iconId = 2130838047
D/STATUSBAR-SignalClusterView( 1059): setDataSignalIcon mMobileRoamingId = stat_sys_rssi_data_2g
E/StatusBar.NetworkController( 1059): refreshSignalCluster: set mShowPhoneRSSIForData = true
D/STATUSBAR-IconMerger( 1059): checkOverflow(504), More:false, Req:false Child:2
D/SSRMv2:SIOP(  830): SIOP:: AP = 310, PST = 309, Delta = 0
D/AmoledAdjustTimer(  830): prevTemp = 268, currTemp = 268, prevStep = 4, currStep = 4
D/StatusBar.NetworkController( 1059): refreshViews: DATA_SUSPENDED : 0
D/STATUSBAR-NetworkController( 1059): refreshSignalCluster - setNWBoosterIndicators(false)
D/StatusBar.NetworkController( 1059): refreshSignalCluster: DATA_SUSPENDED : 
D/STATUSBAR-SignalClusterView( 1059): getDataSignalTypeIcon mMobileTypeId = 2130837944
D/STATUSBAR-SignalClusterView( 1059): setDataSignalIcon iconId = 2130838047
D/STATUSBAR-SignalClusterView( 1059): setDataSignalIcon mMobileRoamingId = stat_sys_rssi_data_2g
E/StatusBar.NetworkController( 1059): refreshSignalCluster: set mShowPhoneRSSIForData = true
D/STATUSBAR-IconMerger( 1059): checkOverflow(504), More:false, Req:false Child:2
I/ActivityManager(  830): Process com.UCMobile:RemoteBackgroundProcess (pid 29311) (adj 9) has died.
D/STATUSBAR-StatusBarManagerService(  830): manageDisableList what=0x0 pkg=WindowManager.LayoutParams
W/ViewRootImpl(12668): Dropping event due to root view being removed: MotionEvent { action=ACTION_MOVE, id[0]=0, x[0]=-253.0, y[0]=1131.0, toolType[0]=TOOL_TYPE_FINGER, buttonState=0, metaState=0, flags=0x0, edgeFlags=0x0, pointerCount=1, historySize=0, eventTime=9064133, downTime=9064121, deviceId=10, source=0x1002 }
W/InputMethodManagerService(  830): Window already focused, ignoring focus gain of: com.android.internal.view.IInputMethodClient$Stub$Proxy@42f739d8 attribute=null, token = android.os.BinderProxy@4258b108
D/StatusBar.NetworkController( 1059): refreshViews: DATA_SUSPENDED : 0
D/STATUSBAR-NetworkController( 1059): refreshSignalCluster - setNWBoosterIndicators(false)
D/StatusBar.NetworkController( 1059): refreshSignalCluster: DATA_SUSPENDED : 
D/STATUSBAR-SignalClusterView( 1059): getDataSignalTypeIcon mMobileTypeId = 2130837944
D/STATUSBAR-SignalClusterView( 1059): setDataSignalIcon iconId = 2130838047
D/STATUSBAR-SignalClusterView( 1059): setDataSignalIcon mMobileRoamingId = stat_sys_rssi_data_2g
E/StatusBar.NetworkController( 1059): refreshSignalCluster: set mShowPhoneRSSIForData = true
D/STATUSBAR-IconMerger( 1059): checkOverflow(504), More:false, Req:false Child:2
D/CustomFrequencyManagerService(  830): acquireDVFSLockLocked : type : DVFS_MIN_LIMIT  frequency : 1958400  uid : 1000  pid : 830  pkgName : ACTIVITY_RESUME_BOOSTER@6
W/ActivityManager(  830): mDVFSHelper.acquire()
V/SmartFaceService - 3rd party pause(  830): onReceive [android.intent.action.ACTIVITY_STATE/com.android.settings/pause]
V/SmartFaceService - 3rd party pause(  830): onReceive [android.intent.action.ACTIVITY_STATE/com.android.settings/create]
D/MotionRecognitionService(  830):  ssp status : true
W/ContextImpl(12668): Calling a method in the system process without a qualified user: android.app.ContextImpl.bindService:1920 android.content.ContextWrapper.bindService:529 com.android.settings.DeviceInfoSettings.doBindService:1261 com.android.settings.DeviceInfoSettings.onCreate:186 android.app.Fragment.performCreate:1678 
W/Revision(12668): File not found at: /data/security/sepolicy
D/Revision(12668): verifySEAndroidPolicy is true !! 
D/StatusBarManagerService(  830): semi p:12668,o:t
D/StatusBarManagerService(  830): semi p:12668,o:t
D/STATUSBAR-StatusBarManagerService(  830): manageDisableList what=0x0 pkg=WindowManager.LayoutParams
W/ContextImpl(  830): Calling a method in the system process without a qualified user: android.app.ContextImpl.sendBroadcast:1491 com.android.server.InputMethodManagerService$4.run:2827 java.lang.Thread.run:841 <bottom of call stack> <bottom of call stack> 
D/CustomFrequencyManagerService(  830): releaseDVFSLockLocked : Getting Lock type frm List : DVFS_MIN_LIMIT  frequency : 1958400  uid : 1000  pid : 830  tag : ACTIVITY_RESUME_BOOSTER@6
W/ActivityManager(  830): mDVFSHelper.release()
D/CustomFrequencyManagerService(  830): acquireDVFSLockLocked : type : DVFS_MIN_LIMIT  frequency : 1958400  uid : 1000  pid : 830  pkgName : ACTIVITY_RESUME_BOOSTER@9
D/STATUSBAR-NetworkController( 1059): onSignalStrengthsChanged signalStrength=SignalStrength: 23 255 17410 -160 -120 -1 -1 23 -93 -8 146 -1 2147483647 gsm|lte 0x0 level=4
E/StatusBar.NetworkController( 1059): updateTelephonySignalStrength: iconLevel = 4
E/StatusBar.NetworkController( 1059): updateTelephonySignalStrength: new psIconLevel = 4
D/StatusBar.NetworkController( 1059): refreshViews: DATA_SUSPENDED : 0
D/CustomFrequencyManagerService(  830): releaseDVFSLockLocked : Getting Lock type frm List : DVFS_MIN_LIMIT  frequency : 1958400  uid : 1000  pid : 830  tag : ACTIVITY_RESUME_BOOSTER@9
D/BatteryService(  830): level:88, scale:100, status:2, health:2, present:true, voltage: 4242, temperature: 269, technology: Li-ion, AC powered:false, USB powered:true, Wireless powered:false, icon:17303678, invalid charger:0, online:4, current avg:450, charge type:1, power sharing:false
D/BatteryService(  830): Sending ACTION_BATTERY_CHANGED.
D/UiModeManager(  830): mCoverManager.getCoverState() : true
D/STATUSBAR-PhoneStatusBar( 1059):  mBrightnessEnablebySettings = true mBrightnessEnablebyBattery = true mBrightnessEnablebyDisableFlag = true mPmsBrightnessEnablebySettings = true
D/STATUSBAR-IconMerger( 1059): checkOverflow(504), More:false, Req:false Child:2
D/BatteryMeterView( 1059): ACTION_BATTERY_CHANGED : level:88 status:2 health:2
D/CustomFrequencyManagerService(  830): acquireDVFSLockLocked : type : DVFS_MIN_LIMIT  frequency : 1267200  uid : 1000  pid : 12668  pkgName : LIST_SCROLL_BOOSTER@75
I/ActivityManager(  830): Process com.UCMobile:RemoteBackgroundProcess (pid 29337) (adj 9) has died.
D/CustomFrequencyManagerService(  830): releaseDVFSLockLocked : Getting Lock type frm List : DVFS_MIN_LIMIT  frequency : 1267200  uid : 1000  pid : 12668  tag : LIST_SCROLL_BOOSTER@75
D/StatusBar.NetworkController( 1059): refreshViews: DATA_SUSPENDED : 0
D/STATUSBAR-NetworkController( 1059): refreshSignalCluster - setNWBoosterIndicators(false)
D/StatusBar.NetworkController( 1059): refreshSignalCluster: DATA_SUSPENDED : 
D/STATUSBAR-SignalClusterView( 1059): getDataSignalTypeIcon mMobileTypeId = 2130837944
D/STATUSBAR-SignalClusterView( 1059): setDataSignalIcon iconId = 2130838047
D/STATUSBAR-SignalClusterView( 1059): setDataSignalIcon mMobileRoamingId = stat_sys_rssi_data_2g
E/StatusBar.NetworkController( 1059): refreshSignalCluster: set mShowPhoneRSSIForData = true
D/STATUSBAR-IconMerger( 1059): checkOverflow(504), More:false, Req:false Child:2
D/PowerManagerService(  830): [api] userActivityFromNative : 140 (event: 2 flags: 0)
D/StatusBar.NetworkController( 1059): refreshViews: DATA_SUSPENDED : 0
D/STATUSBAR-NetworkController( 1059): refreshSignalCluster - setNWBoosterIndicators(false)
D/StatusBar.NetworkController( 1059): refreshSignalCluster: DATA_SUSPENDED : 
D/STATUSBAR-SignalClusterView( 1059): getDataSignalTypeIcon mMobileTypeId = 2130837944
D/STATUSBAR-SignalClusterView( 1059): setDataSignalIcon iconId = 2130838047
D/STATUSBAR-SignalClusterView( 1059): setDataSignalIcon mMobileRoamingId = stat_sys_rssi_data_2g
E/StatusBar.NetworkController( 1059): refreshSignalCluster: set mShowPhoneRSSIForData = true
D/STATUSBAR-IconMerger( 1059): checkOverflow(504), More:false, Req:false Child:2
I/ActivityManager(  830): Process com.UCMobile:RemoteBackgroundProcess (pid 29368) (adj 9) has died.
D/StatusBar.NetworkController( 1059): refreshViews: DATA_SUSPENDED : 0
D/STATUSBAR-NetworkController( 1059): refreshSignalCluster - setNWBoosterIndicators(false)
D/StatusBar.NetworkController( 1059): refreshSignalCluster: DATA_SUSPENDED : 
D/STATUSBAR-SignalClusterView( 1059): getDataSignalTypeIcon mMobileTypeId = 2130837944
D/STATUSBAR-SignalClusterView( 1059): setDataSignalIcon iconId = 2130838047
D/STATUSBAR-SignalClusterView( 1059): setDataSignalIcon mMobileRoamingId = stat_sys_rssi_data_2g
E/StatusBar.NetworkController( 1059): refreshSignalCluster: set mShowPhoneRSSIForData = true
D/STATUSBAR-IconMerger( 1059): checkOverflow(504), More:false, Req:false Child:2
D/STATUSBAR-NetworkController( 1059): onSignalStrengthsChanged signalStrength=SignalStrength: 23 255 17410 -160 -120 -1 -1 22 -94 -8 180 -1 2147483647 gsm|lte 0x0 level=4
E/StatusBar.NetworkController( 1059): updateTelephonySignalStrength: iconLevel = 4
E/StatusBar.NetworkController( 1059): updateTelephonySignalStrength: new psIconLevel = 4
D/StatusBar.NetworkController( 1059): refreshViews: DATA_SUSPENDED : 0
I/ActivityManager(  830): Process com.UCMobile:RemoteBackgroundProcess (pid 29383) (adj 9) has died.
D/PowerManagerService(  830): [api] userActivityFromNative : 150 (event: 2 flags: 0)
D/StatusBar.NetworkController( 1059): refreshViews: DATA_SUSPENDED : 0
D/STATUSBAR-NetworkController( 1059): refreshSignalCluster - setNWBoosterIndicators(false)
D/StatusBar.NetworkController( 1059): refreshSignalCluster: DATA_SUSPENDED : 
D/STATUSBAR-SignalClusterView( 1059): getDataSignalTypeIcon mMobileTypeId = 2130837944
D/STATUSBAR-SignalClusterView( 1059): setDataSignalIcon iconId = 2130838047
D/STATUSBAR-SignalClusterView( 1059): setDataSignalIcon mMobileRoamingId = stat_sys_rssi_data_2g
E/StatusBar.NetworkController( 1059): refreshSignalCluster: set mShowPhoneRSSIForData = true
D/STATUSBAR-IconMerger( 1059): checkOverflow(504), More:false, Req:false Child:2
D/STATUSBAR-NetworkController( 1059): onSignalStrengthsChanged signalStrength=SignalStrength: 23 255 17410 -160 -120 -1 -1 24 -95 -8 156 -1 2147483647 gsm|lte 0x0 level=4
E/StatusBar.NetworkController( 1059): updateTelephonySignalStrength: iconLevel = 4
E/StatusBar.NetworkController( 1059): updateTelephonySignalStrength: new psIconLevel = 4
D/StatusBar.NetworkController( 1059): refreshViews: DATA_SUSPENDED : 0
I/ActivityManager(  830): Process com.UCMobile:RemoteBackgroundProcess (pid 29397) (adj 9) has died.
E/Watchdog(  830): !@Sync 302
D/SSRMv2:SIOP(  830): SIOP:: AP = 310, PST = 309, Delta = 0
D/AmoledAdjustTimer(  830): prevTemp = 268, currTemp = 269, prevStep = 4, currStep = 4
D/STATUSBAR-NetworkController( 1059): onSignalStrengthsChanged signalStrength=SignalStrength: 23 255 17410 -160 -120 -1 -1 24 -95 -8 148 -1 2147483647 gsm|lte 0x0 level=4
E/StatusBar.NetworkController( 1059): updateTelephonySignalStrength: iconLevel = 4
E/StatusBar.NetworkController( 1059): updateTelephonySignalStrength: new psIconLevel = 4
D/StatusBar.NetworkController( 1059): refreshViews: DATA_SUSPENDED : 0
D/StatusBar.NetworkController( 1059): refreshViews: DATA_SUSPENDED : 0
D/STATUSBAR-NetworkController( 1059): refreshSignalCluster - setNWBoosterIndicators(false)
D/StatusBar.NetworkController( 1059): refreshSignalCluster: DATA_SUSPENDED : 
D/STATUSBAR-SignalClusterView( 1059): getDataSignalTypeIcon mMobileTypeId = 2130837944
D/STATUSBAR-SignalClusterView( 1059): setDataSignalIcon iconId = 2130838047
D/STATUSBAR-SignalClusterView( 1059): setDataSignalIcon mMobileRoamingId = stat_sys_rssi_data_2g
E/StatusBar.NetworkController( 1059): refreshSignalCluster: set mShowPhoneRSSIForData = true
D/STATUSBAR-IconMerger( 1059): checkOverflow(504), More:false, Req:false Child:2
I/ActivityManager(  830): Process com.UCMobile:RemoteBackgroundProcess (pid 29411) (adj 9) has died.
D/StatusBar.NetworkController( 1059): refreshViews: DATA_SUSPENDED : 0
D/STATUSBAR-NetworkController( 1059): refreshSignalCluster - setNWBoosterIndicators(false)
D/StatusBar.NetworkController( 1059): refreshSignalCluster: DATA_SUSPENDED : 
D/STATUSBAR-SignalClusterView( 1059): getDataSignalTypeIcon mMobileTypeId = 2130837944
D/STATUSBAR-SignalClusterView( 1059): setDataSignalIcon iconId = 2130838047
D/STATUSBAR-SignalClusterView( 1059): setDataSignalIcon mMobileRoamingId = stat_sys_rssi_data_2g
E/StatusBar.NetworkController( 1059): refreshSignalCluster: set mShowPhoneRSSIForData = true
D/STATUSBAR-IconMerger( 1059): checkOverflow(504), More:false, Req:false Child:2
D/BatteryService(  830): level:88, scale:100, status:2, health:2, present:true, voltage: 4226, temperature: 269, technology: Li-ion, AC powered:false, USB powered:true, Wireless powered:false, icon:17303678, invalid charger:0, online:4, current avg:450, charge type:1, power sharing:false
D/BatteryService(  830): Sending ACTION_BATTERY_CHANGED.
D/UiModeManager(  830): mCoverManager.getCoverState() : true
D/STATUSBAR-PhoneStatusBar( 1059):  mBrightnessEnablebySettings = true mBrightnessEnablebyBattery = true mBrightnessEnablebyDisableFlag = true mPmsBrightnessEnablebySettings = true
D/BatteryMeterView( 1059): ACTION_BATTERY_CHANGED : level:88 status:2 health:2
D/STATUSBAR-IconMerger( 1059): checkOverflow(504), More:false, Req:false Child:2
D/StatusBar.NetworkController( 1059): refreshViews: DATA_SUSPENDED : 0
D/STATUSBAR-NetworkController( 1059): refreshSignalCluster - setNWBoosterIndicators(false)
D/StatusBar.NetworkController( 1059): refreshSignalCluster: DATA_SUSPENDED : 
D/STATUSBAR-SignalClusterView( 1059): getDataSignalTypeIcon mMobileTypeId = 2130837944
D/STATUSBAR-SignalClusterView( 1059): setDataSignalIcon iconId = 2130838047
D/STATUSBAR-SignalClusterView( 1059): setDataSignalIcon mMobileRoamingId = stat_sys_rssi_data_2g
E/StatusBar.NetworkController( 1059): refreshSignalCluster: set mShowPhoneRSSIForData = true
D/STATUSBAR-IconMerger( 1059): checkOverflow(504), More:false, Req:false Child:2
I/ActivityManager(  830): Process com.UCMobile:RemoteBackgroundProcess (pid 29426) (adj 9) has died.
D/StatusBar.NetworkController( 1059): refreshViews: DATA_SUSPENDED : 0
D/STATUSBAR-NetworkController( 1059): refreshSignalCluster - setNWBoosterIndicators(false)
D/StatusBar.NetworkController( 1059): refreshSignalCluster: DATA_SUSPENDED : 
D/STATUSBAR-SignalClusterView( 1059): getDataSignalTypeIcon mMobileTypeId = 2130837944
D/STATUSBAR-SignalClusterView( 1059): setDataSignalIcon iconId = 2130838047
D/STATUSBAR-SignalClusterView( 1059): setDataSignalIcon mMobileRoamingId = stat_sys_rssi_data_2g
E/StatusBar.NetworkController( 1059): refreshSignalCluster: set mShowPhoneRSSIForData = true
D/STATUSBAR-IconMerger( 1059): checkOverflow(504), More:false, Req:false Child:2
D/PowerManagerService(  830): [api] acquire WakeLock flags=0x2000000a tag=WindowManager uid=1000 pid=830
I/NotificationService(  830): cancelToast pkg=com.android.settings callback=android.app.ITransientNotification$Stub$Proxy@42db5388
I/NotificationService(  830): cancelToast pkg=com.android.settings callback=android.app.ITransientNotification$Stub$Proxy@433a71e0
W/NotificationService(  830): Toast already cancelled. pkg=com.android.settings callback=android.app.ITransientNotification$Stub$Proxy@433a71e0
D/PowerManagerService(  830): [api] [s] userActivity : event: 0 flags: 0 (uid: 1000 pid: 830)
D/PowerManagerService(  830): [api] release WakeLock flags=0x2000000a tag=WindowManager uid=1000 pid=830 (0x0)
D/PowerManagerService(  830): [api] applyWakeLockFlagsOnReleaseLocked : userActivityNoUpdateLocked is called : SCREEN_BRIGHT_WAKE_LOCK        'WindowManager' ON_AFTER_RELEASE (uid=1000, pid=830, ws=WorkSource{1000}) (elapsedTime=267)
D/PowerManagerService(  830): [api] userActivityFromNative : 160 (event: 2 flags: 0)
D/PowerManagerService(  830): [api] acquire WakeLock flags=0x2000000a tag=WindowManager uid=1000 pid=830
I/NotificationService(  830): cancelToast pkg=com.android.settings callback=android.app.ITransientNotification$Stub$Proxy@42ffcad0
I/NotificationService(  830): cancelToast pkg=com.android.settings callback=android.app.ITransientNotification$Stub$Proxy@43cc2290
W/NotificationService(  830): Toast already cancelled. pkg=com.android.settings callback=android.app.ITransientNotification$Stub$Proxy@43cc2290
I/NotificationService(  830): cancelToast pkg=com.android.settings callback=android.app.ITransientNotification$Stub$Proxy@4352a020
D/PowerManagerService(  830): [api] [s] userActivity : event: 0 flags: 0 (uid: 1000 pid: 830)
D/PowerManagerService(  830): [api] release WakeLock flags=0x2000000a tag=WindowManager uid=1000 pid=830 (0x0)
D/PowerManagerService(  830): [api] applyWakeLockFlagsOnReleaseLocked : userActivityNoUpdateLocked is called : SCREEN_BRIGHT_WAKE_LOCK        'WindowManager' ON_AFTER_RELEASE (uid=1000, pid=830, ws=WorkSource{1000}) (elapsedTime=375)
D/PowerManagerService(  830): [api] acquire WakeLock flags=0x2000000a tag=WindowManager uid=1000 pid=830
D/StatusBar.NetworkController( 1059): refreshViews: DATA_SUSPENDED : 0
D/STATUSBAR-NetworkController( 1059): refreshSignalCluster - setNWBoosterIndicators(false)
D/StatusBar.NetworkController( 1059): refreshSignalCluster: DATA_SUSPENDED : 
D/STATUSBAR-SignalClusterView( 1059): getDataSignalTypeIcon mMobileTypeId = 2130837944
D/STATUSBAR-SignalClusterView( 1059): setDataSignalIcon iconId = 2130838047
D/STATUSBAR-SignalClusterView( 1059): setDataSignalIcon mMobileRoamingId = stat_sys_rssi_data_2g
E/StatusBar.NetworkController( 1059): refreshSignalCluster: set mShowPhoneRSSIForData = true
D/STATUSBAR-IconMerger( 1059): checkOverflow(504), More:false, Req:false Child:2
I/NotificationService(  830): cancelToast pkg=com.android.settings callback=android.app.ITransientNotification$Stub$Proxy@434521c0
D/PowerManagerService(  830): [api] [s] userActivity : event: 0 flags: 0 (uid: 1000 pid: 830)
D/PowerManagerService(  830): [api] release WakeLock flags=0x2000000a tag=WindowManager uid=1000 pid=830 (0x0)
D/PowerManagerService(  830): [api] applyWakeLockFlagsOnReleaseLocked : userActivityNoUpdateLocked is called : SCREEN_BRIGHT_WAKE_LOCK        'WindowManager' ON_AFTER_RELEASE (uid=1000, pid=830, ws=WorkSource{1000}) (elapsedTime=171)
D/PowerManagerService(  830): [api] acquire WakeLock flags=0x2000000a tag=WindowManager uid=1000 pid=830
I/NotificationService(  830): cancelToast pkg=com.android.settings callback=android.app.ITransientNotification$Stub$Proxy@43374c50
D/PowerManagerService(  830): [api] [s] userActivity : event: 0 flags: 0 (uid: 1000 pid: 830)
D/PowerManagerService(  830): [api] release WakeLock flags=0x2000000a tag=WindowManager uid=1000 pid=830 (0x0)
D/PowerManagerService(  830): [api] applyWakeLockFlagsOnReleaseLocked : userActivityNoUpdateLocked is called : SCREEN_BRIGHT_WAKE_LOCK        'WindowManager' ON_AFTER_RELEASE (uid=1000, pid=830, ws=WorkSource{1000}) (elapsedTime=485)
I/ActivityManager(  830): Process com.UCMobile:RemoteBackgroundProcess (pid 29440) (adj 9) has died.
D/StatusBar.NetworkController( 1059): refreshViews: DATA_SUSPENDED : 0
D/STATUSBAR-NetworkController( 1059): refreshSignalCluster - setNWBoosterIndicators(false)
D/StatusBar.NetworkController( 1059): refreshSignalCluster: DATA_SUSPENDED : 
D/STATUSBAR-SignalClusterView( 1059): getDataSignalTypeIcon mMobileTypeId = 2130837944
D/STATUSBAR-SignalClusterView( 1059): setDataSignalIcon iconId = 2130838047
D/STATUSBAR-SignalClusterView( 1059): setDataSignalIcon mMobileRoamingId = stat_sys_rssi_data_2g
E/StatusBar.NetworkController( 1059): refreshSignalCluster: set mShowPhoneRSSIForData = true
D/STATUSBAR-IconMerger( 1059): checkOverflow(504), More:false, Req:false Child:2
D/StatusBar.NetworkController( 1059): refreshViews: DATA_SUSPENDED : 0
D/STATUSBAR-NetworkController( 1059): refreshSignalCluster - setNWBoosterIndicators(false)
D/StatusBar.NetworkController( 1059): refreshSignalCluster: DATA_SUSPENDED : 
D/STATUSBAR-SignalClusterView( 1059): getDataSignalTypeIcon mMobileTypeId = 2130837944
D/STATUSBAR-SignalClusterView( 1059): setDataSignalIcon iconId = 2130838047
D/STATUSBAR-SignalClusterView( 1059): setDataSignalIcon mMobileRoamingId = stat_sys_rssi_data_2g
E/StatusBar.NetworkController( 1059): refreshSignalCluster: set mShowPhoneRSSIForData = true
D/STATUSBAR-IconMerger( 1059): checkOverflow(504), More:false, Req:false Child:2
I/ActivityManager(  830): Process com.UCMobile:RemoteBackgroundProcess (pid 29464) (adj 9) has died.
D/STATUSBAR-NetworkController( 1059): onSignalStrengthsChanged signalStrength=SignalStrength: 21 255 17410 -160 -120 -1 -1 23 -95 -8 152 -1 2147483647 gsm|lte 0x0 level=4
E/StatusBar.NetworkController( 1059): updateTelephonySignalStrength: iconLevel = 4
E/StatusBar.NetworkController( 1059): updateTelephonySignalStrength: new psIconLevel = 4
D/StatusBar.NetworkController( 1059): refreshViews: DATA_SUSPENDED : 0
D/STATUSBAR-NetworkController( 1059): onSignalStrengthsChanged signalStrength=SignalStrength: 21 255 17410 -160 -120 -1 -1 23 -95 -8 152 -1 2147483647 gsm|lte 0x0 level=4
E/StatusBar.NetworkController( 1059): updateTelephonySignalStrength: iconLevel = 4
E/StatusBar.NetworkController( 1059): updateTelephonySignalStrength: new psIconLevel = 4
D/StatusBar.NetworkController( 1059): refreshViews: DATA_SUSPENDED : 0
V/SmartFaceService - 3rd party pause(  830): onReceive [android.intent.action.ACTIVITY_STATE/com.android.settings/pause]
D/CustomFrequencyManagerService(  830): acquireDVFSLockLocked : type : DVFS_MIN_LIMIT  frequency : 1958400  uid : 1000  pid : 830  pkgName : ACTIVITY_RESUME_BOOSTER@6
W/ActivityManager(  830): mDVFSHelper.acquire()
V/SmartFaceService - 3rd party pause(  830): onReceive [android.intent.action.ACTIVITY_STATE/com.android.settings/resume]
D/StatusBarManagerService(  830): semi p:12668,o:t
D/STATUSBAR-StatusBarManagerService(  830): manageDisableList what=0x0 pkg=WindowManager.LayoutParams
I/ConnectivityService(  830): defaultVal : 1, tetherEnabledInSettings : true
E/ActivityThread(12668): Failed to find provider info for com.vlingo.client.vlingoconfigprovider
W/ContextImpl(  830): Calling a method in the system process without a qualified user: android.app.ContextImpl.sendBroadcast:1491 com.android.server.InputMethodManagerService$4.run:2827 java.lang.Thread.run:841 <bottom of call stack> <bottom of call stack> 
D/CustomFrequencyManagerService(  830): releaseDVFSLockLocked : Getting Lock type frm List : DVFS_MIN_LIMIT  frequency : 1958400  uid : 1000  pid : 830  tag : ACTIVITY_RESUME_BOOSTER@6
W/ActivityManager(  830): mDVFSHelper.release()
D/CustomFrequencyManagerService(  830): acquireDVFSLockLocked : type : DVFS_MIN_LIMIT  frequency : 1958400  uid : 1000  pid : 830  pkgName : ACTIVITY_RESUME_BOOSTER@9
D/StatusBar.NetworkController( 1059): refreshViews: DATA_SUSPENDED : 0
D/STATUSBAR-NetworkController( 1059): refreshSignalCluster - setNWBoosterIndicators(false)
D/StatusBar.NetworkController( 1059): refreshSignalCluster: DATA_SUSPENDED : 
D/STATUSBAR-SignalClusterView( 1059): getDataSignalTypeIcon mMobileTypeId = 2130837944
D/STATUSBAR-SignalClusterView( 1059): setDataSignalIcon iconId = 2130838047
D/STATUSBAR-SignalClusterView( 1059): setDataSignalIcon mMobileRoamingId = stat_sys_rssi_data_2g
E/StatusBar.NetworkController( 1059): refreshSignalCluster: set mShowPhoneRSSIForData = true
D/STATUSBAR-IconMerger( 1059): checkOverflow(504), More:false, Req:false Child:2
I/ConnectivityService(  830): defaultVal : 1, tetherEnabledInSettings : true
I/ConnectivityService(  830): defaultVal : 1, tetherEnabledInSettings : true
I/ConnectivityService(  830): defaultVal : 1, tetherEnabledInSettings : true
D/CustomFrequencyManagerService(  830): releaseDVFSLockLocked : Getting Lock type frm List : DVFS_MIN_LIMIT  frequency : 1958400  uid : 1000  pid : 830  tag : ACTIVITY_RESUME_BOOSTER@9
D/SSRMv2:SIOP(  830): SIOP:: AP = 310, PST = 309, Delta = 0
D/AmoledAdjustTimer(  830): prevTemp = 269, currTemp = 269, prevStep = 4, currStep = 4
D/StatusBar.NetworkController( 1059): refreshViews: DATA_SUSPENDED : 0
D/STATUSBAR-NetworkController( 1059): refreshSignalCluster - setNWBoosterIndicators(false)
D/StatusBar.NetworkController( 1059): refreshSignalCluster: DATA_SUSPENDED : 
D/STATUSBAR-SignalClusterView( 1059): getDataSignalTypeIcon mMobileTypeId = 2130837944
D/STATUSBAR-SignalClusterView( 1059): setDataSignalIcon iconId = 2130838047
D/STATUSBAR-SignalClusterView( 1059): setDataSignalIcon mMobileRoamingId = stat_sys_rssi_data_2g
E/StatusBar.NetworkController( 1059): refreshSignalCluster: set mShowPhoneRSSIForData = true
D/STATUSBAR-IconMerger( 1059): checkOverflow(504), More:false, Req:false Child:2
I/ActivityManager(  830): Process com.UCMobile:RemoteBackgroundProcess (pid 29498) (adj 9) has died.
D/StatusBar.NetworkController( 1059): refreshViews: DATA_SUSPENDED : 0
D/STATUSBAR-NetworkController( 1059): refreshSignalCluster - setNWBoosterIndicators(false)
D/StatusBar.NetworkController( 1059): refreshSignalCluster: DATA_SUSPENDED : 
D/STATUSBAR-SignalClusterView( 1059): getDataSignalTypeIcon mMobileTypeId = 2130837944
D/STATUSBAR-SignalClusterView( 1059): setDataSignalIcon iconId = 2130838047
D/STATUSBAR-SignalClusterView( 1059): setDataSignalIcon mMobileRoamingId = stat_sys_rssi_data_2g
E/StatusBar.NetworkController( 1059): refreshSignalCluster: set mShowPhoneRSSIForData = true
D/STATUSBAR-IconMerger( 1059): checkOverflow(504), More:false, Req:false Child:2
D/BatteryService(  830): level:88, scale:100, status:2, health:2, present:true, voltage: 4230, temperature: 269, technology: Li-ion, AC powered:false, USB powered:true, Wireless powered:false, icon:17303678, invalid charger:0, online:4, current avg:450, charge type:1, power sharing:false
D/BatteryService(  830): Sending ACTION_BATTERY_CHANGED.
D/UiModeManager(  830): mCoverManager.getCoverState() : true
D/STATUSBAR-PhoneStatusBar( 1059):  mBrightnessEnablebySettings = true mBrightnessEnablebyBattery = true mBrightnessEnablebyDisableFlag = true mPmsBrightnessEnablebySettings = true
D/STATUSBAR-IconMerger( 1059): checkOverflow(504), More:false, Req:false Child:2
D/BatteryMeterView( 1059): ACTION_BATTERY_CHANGED : level:88 status:2 health:2
I/ActivityManager(  830): Process com.UCMobile:RemoteBackgroundProcess (pid 29534) (adj 9) has died.
D/PowerManagerService(  830): [api] userActivityFromNative : 170 (event: 2 flags: 0)
D/StatusBar.NetworkController( 1059): refreshViews: DATA_SUSPENDED : 0
D/STATUSBAR-NetworkController( 1059): refreshSignalCluster - setNWBoosterIndicators(false)
D/StatusBar.NetworkController( 1059): refreshSignalCluster: DATA_SUSPENDED : 
D/STATUSBAR-SignalClusterView( 1059): getDataSignalTypeIcon mMobileTypeId = 2130837944
D/STATUSBAR-SignalClusterView( 1059): setDataSignalIcon iconId = 2130838047
D/STATUSBAR-SignalClusterView( 1059): setDataSignalIcon mMobileRoamingId = stat_sys_rssi_data_2g
E/StatusBar.NetworkController( 1059): refreshSignalCluster: set mShowPhoneRSSIForData = true
D/STATUSBAR-IconMerger( 1059): checkOverflow(504), More:false, Req:false Child:2
I/ActivityManager(  830): Process com.UCMobile:RemoteBackgroundProcess (pid 29552) (adj 9) has died.
D/StatusBar.NetworkController( 1059): refreshViews: DATA_SUSPENDED : 0
D/STATUSBAR-NetworkController( 1059): refreshSignalCluster - setNWBoosterIndicators(false)
D/StatusBar.NetworkController( 1059): refreshSignalCluster: DATA_SUSPENDED : 
D/STATUSBAR-SignalClusterView( 1059): getDataSignalTypeIcon mMobileTypeId = 2130837944
D/STATUSBAR-SignalClusterView( 1059): setDataSignalIcon iconId = 2130838047
D/STATUSBAR-SignalClusterView( 1059): setDataSignalIcon mMobileRoamingId = stat_sys_rssi_data_2g
E/StatusBar.NetworkController( 1059): refreshSignalCluster: set mShowPhoneRSSIForData = true
D/STATUSBAR-IconMerger( 1059): checkOverflow(504), More:false, Req:false Child:2
D/STATUSBAR-NetworkController( 1059): onSignalStrengthsChanged signalStrength=SignalStrength: 22 255 17410 -160 -120 -1 -1 24 -94 -8 172 -1 2147483647 gsm|lte 0x0 level=4
E/StatusBar.NetworkController( 1059): updateTelephonySignalStrength: iconLevel = 4
E/StatusBar.NetworkController( 1059): updateTelephonySignalStrength: new psIconLevel = 4
D/StatusBar.NetworkController( 1059): refreshViews: DATA_SUSPENDED : 0
D/CustomFrequencyManagerService(  830): acquireDVFSLockLocked : type : DVFS_MIN_LIMIT  frequency : 1958400  uid : 1000  pid : 830  pkgName : ACTIVITY_RESUME_BOOSTER@6
W/ActivityManager(  830): mDVFSHelper.acquire()
V/SmartFaceService - 3rd party pause(  830): onReceive [android.intent.action.ACTIVITY_STATE/com.android.settings/pause]
V/SmartFaceService - 3rd party pause(  830): onReceive [android.intent.action.ACTIVITY_STATE/com.android.settings/create]
D/MotionRecognitionService(  830):  ssp status : true
D/StatusBarManagerService(  830): semi p:12668,o:t
I/CryptfsEE(  242): Device is not encrypted, aborting
I/CryptfsEE(  242): Device is not encrypted, aborting
D/StatusBarManagerService(  830): semi p:12668,o:t
D/STATUSBAR-StatusBarManagerService(  830): manageDisableList what=0x0 pkg=WindowManager.LayoutParams
W/ContextImpl(  830): Calling a method in the system process without a qualified user: android.app.ContextImpl.sendBroadcast:1491 com.android.server.InputMethodManagerService$4.run:2827 java.lang.Thread.run:841 <bottom of call stack> <bottom of call stack> 
D/StatusBar.NetworkController( 1059): refreshViews: DATA_SUSPENDED : 0
D/STATUSBAR-NetworkController( 1059): refreshSignalCluster - setNWBoosterIndicators(false)
D/StatusBar.NetworkController( 1059): refreshSignalCluster: DATA_SUSPENDED : 
D/STATUSBAR-SignalClusterView( 1059): getDataSignalTypeIcon mMobileTypeId = 2130837944
D/STATUSBAR-SignalClusterView( 1059): setDataSignalIcon iconId = 2130838047
D/STATUSBAR-SignalClusterView( 1059): setDataSignalIcon mMobileRoamingId = stat_sys_rssi_data_2g
E/StatusBar.NetworkController( 1059): refreshSignalCluster: set mShowPhoneRSSIForData = true
D/STATUSBAR-IconMerger( 1059): checkOverflow(504), More:false, Req:false Child:2
D/CustomFrequencyManagerService(  830): releaseDVFSLockLocked : Getting Lock type frm List : DVFS_MIN_LIMIT  frequency : 1958400  uid : 1000  pid : 830  tag : ACTIVITY_RESUME_BOOSTER@6
W/ActivityManager(  830): mDVFSHelper.release()
D/CustomFrequencyManagerService(  830): acquireDVFSLockLocked : type : DVFS_MIN_LIMIT  frequency : 1958400  uid : 1000  pid : 830  pkgName : ACTIVITY_RESUME_BOOSTER@9
D/CustomFrequencyManagerService(  830): releaseDVFSLockLocked : Getting Lock type frm List : DVFS_MIN_LIMIT  frequency : 1958400  uid : 1000  pid : 830  tag : ACTIVITY_RESUME_BOOSTER@9
D/StatusBar.NetworkController( 1059): refreshViews: DATA_SUSPENDED : 0
D/STATUSBAR-NetworkController( 1059): refreshSignalCluster - setNWBoosterIndicators(false)
D/StatusBar.NetworkController( 1059): refreshSignalCluster: DATA_SUSPENDED : 
D/STATUSBAR-SignalClusterView( 1059): getDataSignalTypeIcon mMobileTypeId = 2130837944
D/STATUSBAR-SignalClusterView( 1059): setDataSignalIcon iconId = 2130838047
D/STATUSBAR-SignalClusterView( 1059): setDataSignalIcon mMobileRoamingId = stat_sys_rssi_data_2g
E/StatusBar.NetworkController( 1059): refreshSignalCluster: set mShowPhoneRSSIForData = true
D/STATUSBAR-IconMerger( 1059): checkOverflow(504), More:false, Req:false Child:2
I/ActivityManager(  830): Process com.UCMobile:RemoteBackgroundProcess (pid 29590) (adj 9) has died.
D/StatusBar.NetworkController( 1059): refreshViews: DATA_SUSPENDED : 0
D/STATUSBAR-NetworkController( 1059): refreshSignalCluster - setNWBoosterIndicators(false)
D/StatusBar.NetworkController( 1059): refreshSignalCluster: DATA_SUSPENDED : 
D/STATUSBAR-SignalClusterView( 1059): getDataSignalTypeIcon mMobileTypeId = 2130837944
D/STATUSBAR-SignalClusterView( 1059): setDataSignalIcon iconId = 2130838047
D/STATUSBAR-SignalClusterView( 1059): setDataSignalIcon mMobileRoamingId = stat_sys_rssi_data_2g
E/StatusBar.NetworkController( 1059): refreshSignalCluster: set mShowPhoneRSSIForData = true
D/STATUSBAR-IconMerger( 1059): checkOverflow(504), More:false, Req:false Child:2
D/StatusBar.NetworkController( 1059): refreshViews: DATA_SUSPENDED : 0
D/STATUSBAR-NetworkController( 1059): refreshSignalCluster - setNWBoosterIndicators(false)
D/StatusBar.NetworkController( 1059): refreshSignalCluster: DATA_SUSPENDED : 
D/STATUSBAR-SignalClusterView( 1059): getDataSignalTypeIcon mMobileTypeId = 2130837944
D/STATUSBAR-SignalClusterView( 1059): setDataSignalIcon iconId = 2130838047
D/STATUSBAR-SignalClusterView( 1059): setDataSignalIcon mMobileRoamingId = stat_sys_rssi_data_2g
E/StatusBar.NetworkController( 1059): refreshSignalCluster: set mShowPhoneRSSIForData = true
D/STATUSBAR-IconMerger( 1059): checkOverflow(504), More:false, Req:false Child:2
D/SSRMv2:SIOP(  830): SIOP:: AP = 320, PST = 310, Delta = 1
D/AmoledAdjustTimer(  830): prevTemp = 269, currTemp = 269, prevStep = 4, currStep = 4
I/ActivityManager(  830): Process com.UCMobile:RemoteBackgroundProcess (pid 29618) (adj 9) has died.
D/CustomFrequencyManagerService(  830): acquireDVFSLockLocked : type : DVFS_MIN_LIMIT  frequency : 1267200  uid : 1000  pid : 12668  pkgName : LIST_SCROLL_BOOSTER@97
D/STATUSBAR-NetworkController( 1059): onSignalStrengthsChanged signalStrength=SignalStrength: 22 255 17410 -160 -120 -1 -1 24 -94 -8 146 -1 2147483647 gsm|lte 0x0 level=4
E/StatusBar.NetworkController( 1059): updateTelephonySignalStrength: iconLevel = 4
E/StatusBar.NetworkController( 1059): updateTelephonySignalStrength: new psIconLevel = 4
D/StatusBar.NetworkController( 1059): refreshViews: DATA_SUSPENDED : 0
D/CustomFrequencyManagerService(  830): releaseDVFSLockLocked : Getting Lock type frm List : DVFS_MIN_LIMIT  frequency : 1267200  uid : 1000  pid : 12668  tag : LIST_SCROLL_BOOSTER@97
D/STATUSBAR-StatusBarManagerService(  830): manageDisableList what=0x0 pkg=WindowManager.LayoutParams
D/StatusBar.NetworkController( 1059): refreshViews: DATA_SUSPENDED : 0
D/STATUSBAR-NetworkController( 1059): refreshSignalCluster - setNWBoosterIndicators(false)
D/StatusBar.NetworkController( 1059): refreshSignalCluster: DATA_SUSPENDED : 
D/STATUSBAR-SignalClusterView( 1059): getDataSignalTypeIcon mMobileTypeId = 2130837944
D/STATUSBAR-SignalClusterView( 1059): setDataSignalIcon iconId = 2130838047
D/STATUSBAR-SignalClusterView( 1059): setDataSignalIcon mMobileRoamingId = stat_sys_rssi_data_2g
E/StatusBar.NetworkController( 1059): refreshSignalCluster: set mShowPhoneRSSIForData = true
D/STATUSBAR-IconMerger( 1059): checkOverflow(504), More:false, Req:false Child:2
I/ActivityManager(  830): Process com.UCMobile:RemoteBackgroundProcess (pid 29633) (adj 9) has died.
D/UsbDeviceManager(  830): handleMessage -> MSG_ENABLE_ADB = 1
D/UsbDeviceManager(  830): setAdbEnabled: true (mAdbEnabled = false)
D/UsbDeviceManager(  830): setUsbConfig(none)
D/UsbDeviceManager(  830): isUsb30Available: read '/sys/class/android_usb/android0/ss_host_available', state = 0
D/UsbManager(12668):  :::: isUsb30Available :: return = false from pid = 12668
D/STATUSBAR-StatusBarManagerService(  830): manageDisableList what=0x0 pkg=WindowManager.LayoutParams
E/UsbDebuggingManager(  830): Communication error: 
E/UsbDebuggingManager(  830): java.io.IOException: No such file or directory
E/UsbDebuggingManager(  830): 	at android.net.LocalSocketImpl.connectLocal(Native Method)
E/UsbDebuggingManager(  830): 	at android.net.LocalSocketImpl.connect(LocalSocketImpl.java:287)
E/UsbDebuggingManager(  830): 	at android.net.LocalSocket.connect(LocalSocket.java:130)
E/UsbDebuggingManager(  830): 	at com.android.server.usb.UsbDebuggingManager.listenToSocket(UsbDebuggingManager.java:81)
E/UsbDebuggingManager(  830): 	at com.android.server.usb.UsbDebuggingManager.run(UsbDebuggingManager.java:117)
E/UsbDebuggingManager(  830): 	at java.lang.Thread.run(Thread.java:841)
W/InputMethodManagerService(  830): Window already focused, ignoring focus gain of: com.android.internal.view.IInputMethodClient$Stub$Proxy@446cb4b8 attribute=null, token = android.os.BinderProxy@42ef2e88
D/BatteryService(  830): level:88, scale:100, status:2, health:2, present:true, voltage: 4242, temperature: 269, technology: Li-ion, AC powered:false, USB powered:true, Wireless powered:false, icon:17303678, invalid charger:0, online:4, current avg:450, charge type:1, power sharing:false
D/BatteryService(  830): Sending ACTION_BATTERY_CHANGED.
D/UiModeManager(  830): mCoverManager.getCoverState() : true
D/STATUSBAR-PhoneStatusBar( 1059):  mBrightnessEnablebySettings = true mBrightnessEnablebyBattery = true mBrightnessEnablebyDisableFlag = true mPmsBrightnessEnablebySettings = true
D/STATUSBAR-IconMerger( 1059): checkOverflow(504), More:false, Req:false Child:2
D/BatteryMeterView( 1059): ACTION_BATTERY_CHANGED : level:88 status:2 health:2
D/STATUSBAR-NetworkController( 1059): onSignalStrengthsChanged signalStrength=SignalStrength: 22 255 17410 -160 -120 -1 -1 24 -93 -8 174 -1 2147483647 gsm|lte 0x0 level=4
E/StatusBar.NetworkController( 1059): updateTelephonySignalStrength: iconLevel = 4
E/StatusBar.NetworkController( 1059): updateTelephonySignalStrength: new psIconLevel = 4
D/StatusBar.NetworkController( 1059): refreshViews: DATA_SUSPENDED : 0
E/UsbDebuggingManager(  830): Communication error: 
E/UsbDebuggingManager(  830): java.io.IOException: No such file or directory
E/UsbDebuggingManager(  830): 	at android.net.LocalSocketImpl.connectLocal(Native Method)
E/UsbDebuggingManager(  830): 	at android.net.LocalSocketImpl.connect(LocalSocketImpl.java:287)
E/UsbDebuggingManager(  830): 	at android.net.LocalSocket.connect(LocalSocket.java:130)
E/UsbDebuggingManager(  830): 	at com.android.server.usb.UsbDebuggingManager.listenToSocket(UsbDebuggingManager.java:81)
E/UsbDebuggingManager(  830): 	at com.android.server.usb.UsbDebuggingManager.run(UsbDebuggingManager.java:117)
E/UsbDebuggingManager(  830): 	at java.lang.Thread.run(Thread.java:841)
D/CustomFrequencyManagerService(  830): acquireDVFSLockLocked : type : DVFS_MIN_LIMIT  frequency : 1267200  uid : 1000  pid : 12668  pkgName : LIST_SCROLL_BOOSTER@97
D/StatusBar.NetworkController( 1059): refreshViews: DATA_SUSPENDED : 0
D/STATUSBAR-NetworkController( 1059): refreshSignalCluster - setNWBoosterIndicators(false)
D/StatusBar.NetworkController( 1059): refreshSignalCluster: DATA_SUSPENDED : 
D/STATUSBAR-SignalClusterView( 1059): getDataSignalTypeIcon mMobileTypeId = 2130837944
D/STATUSBAR-SignalClusterView( 1059): setDataSignalIcon iconId = 2130838047
D/STATUSBAR-SignalClusterView( 1059): setDataSignalIcon mMobileRoamingId = stat_sys_rssi_data_2g
E/StatusBar.NetworkController( 1059): refreshSignalCluster: set mShowPhoneRSSIForData = true
D/STATUSBAR-IconMerger( 1059): checkOverflow(504), More:false, Req:false Child:2
D/CustomFrequencyManagerService(  830): releaseDVFSLockLocked : Getting Lock type frm List : DVFS_MIN_LIMIT  frequency : 1267200  uid : 1000  pid : 12668  tag : LIST_SCROLL_BOOSTER@97
I/ActivityManager(  830): Process com.UCMobile:RemoteBackgroundProcess (pid 29660) (adj 9) has died.
E/UsbDebuggingManager(  830): Communication error: 
E/UsbDebuggingManager(  830): java.io.IOException: No such file or directory
E/UsbDebuggingManager(  830): 	at android.net.LocalSocketImpl.connectLocal(Native Method)
E/UsbDebuggingManager(  830): 	at android.net.LocalSocketImpl.connect(LocalSocketImpl.java:287)
E/UsbDebuggingManager(  830): 	at android.net.LocalSocket.connect(LocalSocket.java:130)
E/UsbDebuggingManager(  830): 	at com.android.server.usb.UsbDebuggingManager.listenToSocket(UsbDebuggingManager.java:81)
E/UsbDebuggingManager(  830): 	at com.android.server.usb.UsbDebuggingManager.run(UsbDebuggingManager.java:117)
E/UsbDebuggingManager(  830): 	at java.lang.Thread.run(Thread.java:841)
D/StatusBar.NetworkController( 1059): refreshViews: DATA_SUSPENDED : 0
D/STATUSBAR-NetworkController( 1059): refreshSignalCluster - setNWBoosterIndicators(false)
D/StatusBar.NetworkController( 1059): refreshSignalCluster: DATA_SUSPENDED : 
D/STATUSBAR-SignalClusterView( 1059): getDataSignalTypeIcon mMobileTypeId = 2130837944
D/STATUSBAR-SignalClusterView( 1059): setDataSignalIcon iconId = 2130838047
D/STATUSBAR-SignalClusterView( 1059): setDataSignalIcon mMobileRoamingId = stat_sys_rssi_data_2g
E/StatusBar.NetworkController( 1059): refreshSignalCluster: set mShowPhoneRSSIForData = true
D/STATUSBAR-IconMerger( 1059): checkOverflow(504), More:false, Req:false Child:2
D/STATUSBAR-NetworkController( 1059): onSignalStrengthsChanged signalStrength=SignalStrength: 22 255 17410 -160 -120 -1 -1 24 -93 -8 188 -1 2147483647 gsm|lte 0x0 level=4
E/StatusBar.NetworkController( 1059): updateTelephonySignalStrength: iconLevel = 4
E/StatusBar.NetworkController( 1059): updateTelephonySignalStrength: new psIconLevel = 4
D/StatusBar.NetworkController( 1059): refreshViews: DATA_SUSPENDED : 0
E/UsbDebuggingManager(  830): Communication error: 
E/UsbDebuggingManager(  830): java.io.IOException: No such file or directory
E/UsbDebuggingManager(  830): 	at android.net.LocalSocketImpl.connectLocal(Native Method)
E/UsbDebuggingManager(  830): 	at android.net.LocalSocketImpl.connect(LocalSocketImpl.java:287)
E/UsbDebuggingManager(  830): 	at android.net.LocalSocket.connect(LocalSocket.java:130)
E/UsbDebuggingManager(  830): 	at com.android.server.usb.UsbDebuggingManager.listenToSocket(UsbDebuggingManager.java:81)
E/UsbDebuggingManager(  830): 	at com.android.server.usb.UsbDebuggingManager.run(UsbDebuggingManager.java:117)
E/UsbDebuggingManager(  830): 	at java.lang.Thread.run(Thread.java:841)
D/StatusBar.NetworkController( 1059): refreshViews: DATA_SUSPENDED : 0
D/STATUSBAR-NetworkController( 1059): refreshSignalCluster - setNWBoosterIndicators(false)
D/StatusBar.NetworkController( 1059): refreshSignalCluster: DATA_SUSPENDED : 
D/STATUSBAR-SignalClusterView( 1059): getDataSignalTypeIcon mMobileTypeId = 2130837944
D/STATUSBAR-SignalClusterView( 1059): setDataSignalIcon iconId = 2130838047
D/STATUSBAR-SignalClusterView( 1059): setDataSignalIcon mMobileRoamingId = stat_sys_rssi_data_2g
E/StatusBar.NetworkController( 1059): refreshSignalCluster: set mShowPhoneRSSIForData = true
D/STATUSBAR-IconMerger( 1059): checkOverflow(504), More:false, Req:false Child:2
E/UsbDebuggingManager(  830): Communication error: 
E/UsbDebuggingManager(  830): java.io.IOException: No such file or directory
E/UsbDebuggingManager(  830): 	at android.net.LocalSocketImpl.connectLocal(Native Method)
E/UsbDebuggingManager(  830): 	at android.net.LocalSocketImpl.connect(LocalSocketImpl.java:287)
E/UsbDebuggingManager(  830): 	at android.net.LocalSocket.connect(LocalSocket.java:130)
E/UsbDebuggingManager(  830): 	at com.android.server.usb.UsbDebuggingManager.listenToSocket(UsbDebuggingManager.java:81)
E/UsbDebuggingManager(  830): 	at com.android.server.usb.UsbDebuggingManager.run(UsbDebuggingManager.java:117)
E/UsbDebuggingManager(  830): 	at java.lang.Thread.run(Thread.java:841)
D/StatusBar.NetworkController( 1059): refreshViews: DATA_SUSPENDED : 0
D/STATUSBAR-NetworkController( 1059): refreshSignalCluster - setNWBoosterIndicators(false)
D/StatusBar.NetworkController( 1059): refreshSignalCluster: DATA_SUSPENDED : 
D/STATUSBAR-SignalClusterView( 1059): getDataSignalTypeIcon mMobileTypeId = 2130837944
D/STATUSBAR-SignalClusterView( 1059): setDataSignalIcon iconId = 2130838047
D/STATUSBAR-SignalClusterView( 1059): setDataSignalIcon mMobileRoamingId = stat_sys_rssi_data_2g
E/StatusBar.NetworkController( 1059): refreshSignalCluster: set mShowPhoneRSSIForData = true
D/STATUSBAR-IconMerger( 1059): checkOverflow(504), More:false, Req:false Child:2
D/STATUSBAR-NetworkController( 1059): onSignalStrengthsChanged signalStrength=SignalStrength: 22 255 17410 -160 -120 -1 -1 24 -93 -8 172 -1 2147483647 gsm|lte 0x0 level=4
E/StatusBar.NetworkController( 1059): updateTelephonySignalStrength: iconLevel = 4
E/StatusBar.NetworkController( 1059): updateTelephonySignalStrength: new psIconLevel = 4
D/StatusBar.NetworkController( 1059): refreshViews: DATA_SUSPENDED : 0
I/ActivityManager(  830): Process com.UCMobile:RemoteBackgroundProcess (pid 29683) (adj 9) has died.
E/UsbDebuggingManager(  830): Communication error: 
E/UsbDebuggingManager(  830): java.io.IOException: No such file or directory
E/UsbDebuggingManager(  830): 	at android.net.LocalSocketImpl.connectLocal(Native Method)
E/UsbDebuggingManager(  830): 	at android.net.LocalSocketImpl.connect(LocalSocketImpl.java:287)
E/UsbDebuggingManager(  830): 	at android.net.LocalSocket.connect(LocalSocket.java:130)
E/UsbDebuggingManager(  830): 	at com.android.server.usb.UsbDebuggingManager.listenToSocket(UsbDebuggingManager.java:81)
E/UsbDebuggingManager(  830): 	at com.android.server.usb.UsbDebuggingManager.run(UsbDebuggingManager.java:117)
E/UsbDebuggingManager(  830): 	at java.lang.Thread.run(Thread.java:841)
D/STATUSBAR-NetworkController( 1059): onSignalStrengthsChanged signalStrength=SignalStrength: 22 255 17410 -160 -120 -1 -1 25 -93 -8 204 -1 2147483647 gsm|lte 0x0 level=4
E/StatusBar.NetworkController( 1059): updateTelephonySignalStrength: iconLevel = 4
E/StatusBar.NetworkController( 1059): updateTelephonySignalStrength: new psIconLevel = 4
D/StatusBar.NetworkController( 1059): refreshViews: DATA_SUSPENDED : 0
D/StatusBar.NetworkController( 1059): refreshViews: DATA_SUSPENDED : 0
D/STATUSBAR-NetworkController( 1059): refreshSignalCluster - setNWBoosterIndicators(false)
D/StatusBar.NetworkController( 1059): refreshSignalCluster: DATA_SUSPENDED : 
D/STATUSBAR-SignalClusterView( 1059): getDataSignalTypeIcon mMobileTypeId = 2130837944
D/STATUSBAR-SignalClusterView( 1059): setDataSignalIcon iconId = 2130838047
D/STATUSBAR-SignalClusterView( 1059): setDataSignalIcon mMobileRoamingId = stat_sys_rssi_data_2g
E/StatusBar.NetworkController( 1059): refreshSignalCluster: set mShowPhoneRSSIForData = true
D/STATUSBAR-IconMerger( 1059): checkOverflow(504), More:false, Req:false Child:2
D/CustomFrequencyManagerService(  830): acquireDVFSLockLocked : type : DVFS_MIN_LIMIT  frequency : 1267200  uid : 1000  pid : 12668  pkgName : LIST_SCROLL_BOOSTER@97
D/CustomFrequencyManagerService(  830): releaseDVFSLockLocked : Getting Lock type frm List : DVFS_MIN_LIMIT  frequency : 1267200  uid : 1000  pid : 12668  tag : LIST_SCROLL_BOOSTER@97
D/CustomFrequencyManagerService(  830): acquireDVFSLockLocked : type : DVFS_MIN_LIMIT  frequency : 1267200  uid : 1000  pid : 12668  pkgName : LIST_SCROLL_BOOSTER@97
E/UsbDebuggingManager(  830): Communication error: 
E/UsbDebuggingManager(  830): java.io.IOException: No such file or directory
E/UsbDebuggingManager(  830): 	at android.net.LocalSocketImpl.connectLocal(Native Method)
E/UsbDebuggingManager(  830): 	at android.net.LocalSocketImpl.connect(LocalSocketImpl.java:287)
E/UsbDebuggingManager(  830): 	at android.net.LocalSocket.connect(LocalSocket.java:130)
E/UsbDebuggingManager(  830): 	at com.android.server.usb.UsbDebuggingManager.listenToSocket(UsbDebuggingManager.java:81)
E/UsbDebuggingManager(  830): 	at com.android.server.usb.UsbDebuggingManager.run(UsbDebuggingManager.java:117)
E/UsbDebuggingManager(  830): 	at java.lang.Thread.run(Thread.java:841)
D/StatusBar.NetworkController( 1059): refreshViews: DATA_SUSPENDED : 0
D/STATUSBAR-NetworkController( 1059): refreshSignalCluster - setNWBoosterIndicators(false)
D/StatusBar.NetworkController( 1059): refreshSignalCluster: DATA_SUSPENDED : 
D/STATUSBAR-SignalClusterView( 1059): getDataSignalTypeIcon mMobileTypeId = 2130837944
D/STATUSBAR-SignalClusterView( 1059): setDataSignalIcon iconId = 2130838047
D/STATUSBAR-SignalClusterView( 1059): setDataSignalIcon mMobileRoamingId = stat_sys_rssi_data_2g
E/StatusBar.NetworkController( 1059): refreshSignalCluster: set mShowPhoneRSSIForData = true
D/STATUSBAR-IconMerger( 1059): checkOverflow(504), More:false, Req:false Child:2
D/CustomFrequencyManagerService(  830): releaseDVFSLockLocked : Getting Lock type frm List : DVFS_MIN_LIMIT  frequency : 1267200  uid : 1000  pid : 12668  tag : LIST_SCROLL_BOOSTER@97
I/ActivityManager(  830): Process com.UCMobile:RemoteBackgroundProcess (pid 29697) (adj 9) has died.
D/PowerManagerService(  830): [api] userActivityFromNative : 180 (event: 2 flags: 0)
D/CustomFrequencyManagerService(  830): acquireDVFSLockLocked : type : DVFS_MIN_LIMIT  frequency : 1267200  uid : 1000  pid : 12668  pkgName : LIST_SCROLL_BOOSTER@97
D/CustomFrequencyManagerService(  830): releaseDVFSLockLocked : Getting Lock type frm List : DVFS_MIN_LIMIT  frequency : 1267200  uid : 1000  pid : 12668  tag : LIST_SCROLL_BOOSTER@97
E/UsbDebuggingManager(  830): Communication error: 
E/UsbDebuggingManager(  830): java.io.IOException: No such file or directory
E/UsbDebuggingManager(  830): 	at android.net.LocalSocketImpl.connectLocal(Native Method)
E/UsbDebuggingManager(  830): 	at android.net.LocalSocketImpl.connect(LocalSocketImpl.java:287)
E/UsbDebuggingManager(  830): 	at android.net.LocalSocket.connect(LocalSocket.java:130)
